         w __deregister_frame_info
         w __register_frame_info
         w userAppExit
         w userAppInit
00000000 00000802 B __ctru_dev_utf16_buf
00000000 a shift
00000000 a shift
00000000 A __sync_synchronize
00000000 b _TLS_MODULE_BASE_
00000804 00000401 B __ctru_dev_path_buf
00100000 A __start__
00100000 T _start
00100008 T __service_ptr
0010000c T __apt_appid
00100010 T __heap_size
00100014 T __linear_heap_size
00100018 T __system_arglist
0010001c T __system_runflags
00100020 t startup
00100058 t ClearMem
0010006c t ClrLoop
00100094 T _init
001000ac T __aeabi_idiv
001000ac 00000220 T __divsi3
001000b4 t .divsi3_skip_div0_test
001002cc 00000020 T __aeabi_idivmod
001002ec 00000004 W __aeabi_idiv0
001002ec 00000004 W __aeabi_ldiv0
001002f0 T __aeabi_uldivmod
00100348 00000390 T strcmp
001006d0 T __aeabi_uidiv
001006d0 000001ec T __udivsi3
001006d0 t .udivsi3_skip_div0_test
001008bc 00000020 T __aeabi_uidivmod
001008dc t __do_global_dtors_aux
0010092c t frame_dummy
00100958 000003d0 T main
00100d28 00000018 T consoleSelect
00100d40 000001c8 T consoleDrawChar
00100f08 00000170 T consolePrintChar
00101078 00000cc8 T con_write
00101d40 000000fc t newRow
00101e3c 00000180 T consoleInit
00101fbc 000000b8 T consoleClear
00102074 00000044 T consoleSetWindow
001020b8 000000cc t gfxPresentFramebuffer
00102184 0000001c T gfxIsWide
001021a0 000000f8 T gfxSetScreenFormat
00102298 00000010 T gfxSetDoubleBuffering
001022a8 000000d8 T gfxInit
00102380 00000010 T gfxInitDefault
00102390 000000b8 T gfxExit
00102448 000000a0 T gfxGetFramebuffer
001024e8 00000100 T gfxFlushBuffers
001025e8 00000050 T gfxSwapBuffers
00102638 00000050 T gfxSwapBuffersGpu
00102688 00000180 t aptConvertScreenForCapture
00102808 00000008 W aptDspSleep
00102810 00000004 W aptDspWakeup
00102814 00000004 W aptDspCancel
00102818 00000138 T aptSendCommand
00102950 00000044 t aptExitProcess
00102994 00000394 T aptExit
00102d28 000000d8 T aptHandleSleep
00102e00 0000001c T aptSetMessageCallback
00102e1c 00000084 T APT_SleepIfShellClosed
00102ea0 00000078 T aptSetSleepAllowed
00102f18 00000084 T APT_UnlockTransition
00102fa0 00000470 t aptEventHandler
00103410 000000bc T APT_ReceiveParameter
001034cc 000000b0 t aptReceiveParameter.constprop.0
00103580 00000294 t aptScreenTransfer
00103814 000002d0 t aptWaitForWakeUp.isra.0
00103ae4 00000114 T aptLaunchLibraryApplet
00103bf8 000000f4 T aptJumpToHomeMenu
00103cec 00000058 T aptMainLoop
00103d44 00000240 T aptInit
00103f84 0000005c T APT_SendParameter
00103fe0 00000090 T APT_CheckNew3DS
00104070 00000c70 t gspHardwareInit
00104ce0 00000288 T gspInit
00104f68 00000104 T gspExit
0010506c 00000010 T gspHasGpuRight
0010507c 000000a4 T gspPresentBuffer
00105120 00000050 T gspWaitForEvent
00105170 00000004 W gxCmdQueueInterrupt
00105174 00000154 t gspEventThreadMain
001052c8 00000050 T GSPGPU_FlushDataCache
00105318 00000034 T GSPGPU_SetLcdForceBlack
0010534c 00000084 T GSPGPU_AcquireRight
001053d0 00000064 T GSPGPU_ReleaseRight
00105434 0000007c T GSPGPU_ImportDisplayCaptureInfo
001054b0 0000002c T GSPGPU_SaveVramSysArea
001054dc 0000002c T GSPGPU_RestoreVramSysArea
00105508 00000024 W hidShouldUseIrrst
0010552c 000001cc T hidInit
001056f8 000000e8 T hidExit
001057e0 000002a0 T hidScanInput
00105a80 00000010 T hidKeysHeld
00105a90 00000010 T hidKeysDown
00105aa0 00000018 T hidTouchRead
00105ab8 000001a4 T irrstInit
00105c5c 000000dc T irrstExit
00105d38 000000b4 T irrstScanInput
00105dec 00000024 T irrstKeysHeld
00105e10 00000190 t swkbdMessageCallback
00105fa0 00000084 T swkbdInit
00106024 00000064 T swkbdSetHintText
00106088 000003a8 T swkbdInputText
00106430 000000e8 T utf16_to_utf8
00106518 000000c0 T utf8_to_utf16
001065d8 00000038 W __libctru_init
00106610 0000016c W __system_initArgv
0010677c 00000030 T __syscall_getreent
001067ac 00000004 T __syscall_lock_acquire
001067b0 00000004 T __syscall_lock_release
001067b4 00000004 T __syscall_lock_acquire_recursive
001067b8 00000004 T __syscall_lock_release_recursive
001067bc 00000004 T __syscall_exit
001067c0 00000054 T initThreadVars
00106814 00000080 T __system_initSyscalls
00106894 T svcControlMemory
001068b4 T svcQueryMemory
001068e4 T svcExitProcess
001068ec T svcCreateThread
0010690c T svcExitThread
00106914 T svcSleepThread
0010691c T svcReleaseMutex
00106924 T svcCreateEvent
00106938 T svcSignalEvent
00106940 T svcClearEvent
00106948 T svcCreateMemoryBlock
00106960 T svcMapMemoryBlock
00106968 T svcUnmapMemoryBlock
00106970 T svcCreateAddressArbiter
00106984 T svcArbitrateAddressNoTimeout
0010698c T svcCloseHandle
00106994 T svcWaitSynchronization
0010699c T svcWaitSynchronizationN
001069c4 T svcDuplicateHandle
001069d8 T svcConnectToPort
001069ec T svcSendSyncRequest
001069f4 T svcGetResourceLimit
00106a08 T svcGetResourceLimitLimitValues
00106a10 T svcGetResourceLimitCurrentValues
00106a18 T svcBreak
00106a20 W initSystem
00106a70 W __ctru_exit
00106a84 00000024 t addrMapNodeComparator(rbtree_node const*, rbtree_node const*)
00106aa8 00000004 t addrMapNodeDestructor(rbtree_node*)
00106aac 0000012c T linearMemAlign
00106bd8 00000008 T linearAlloc
00106be0 0000005c T linearFree
00106c3c 00000088 T MemPool::CoalesceRight(MemBlock*)
00106cc4 00000178 T MemPool::Allocate(MemChunk&, unsigned long, int)
00106e3c 00000118 T MemPool::Deallocate(MemChunk const&)
00106f54 00000030 T MemPool::GetFreeSpace()
00106f84 00000024 t addrMapNodeComparator(rbtree_node const*, rbtree_node const*)
00106fa8 00000004 t addrMapNodeDestructor(rbtree_node*)
00106fac 00000248 T vramMemAlignAt
001071f4 0000000c T vramAlloc
00107200 00000094 T vramFree
00107294 0000008c W envGetHandle
00107320 00000050 W envDestroyHandles
00107370 00000034 T __ctru_speedup_config
001073a4 00000164 T srvInit
00107508 00000064 T srvExit
0010756c 00000060 T srvEnableNotification
001075cc 000000a0 T srvGetServiceHandleDirect
0010766c 00000048 T srvGetServiceHandle
001076b4 00000034 T srvSubscribe
001076e8 00000060 T srvReceiveNotification
00107748 00000038 T srvPublishToSubscriber
00107780 0000000c T __sync_init
0010778c 00000018 T __sync_fini
001077a4 00000028 T syncArbitrateAddress
001077cc 000000ac T LightLock_Lock
00107878 00000040 T LightLock_Unlock
001078b8 00000054 T RecursiveLock_Lock
0010790c 00000054 T RecursiveLock_Unlock
00107960 00000044 T LightEvent_Init
001079a4 000000b8 T LightEvent_Clear
00107a5c 000000dc T LightEvent_Signal
00107b38 00000050 T LightEvent_TryWait
00107b88 000000ac T LightEvent_Wait
00107c34 000001fc T threadCreate
00107e30 00000038 T threadFree
00107e68 00000024 T threadJoin
00107e8c 00000030 T threadGetCurrent
00107ebc 00000040 T threadExit
00107efc 00000020 t _thread_begin
00107f1c 00000090 t mappableFindAddressWithin
00107fac 00000028 T mappableInit
00107fd4 0000007c T mappableAlloc
00108050 00000004 T mappableFree
00108054 00000078 T ptmSysmInit
001080cc 0000003c T ptmSysmExit
00108108 00000034 T PTMSYSM_ConfigureNew3DSCPU
0010813c 0000000c T srvPmGetSessionHandle
00108148 00000074 T rbtree_find
001081bc 00000010 T rbtree_init
001081cc 00000198 t do_insert
00108364 00000008 T rbtree_insert
0010836c 00000310 T rbtree_remove
0010867c 00000090 T rbtree_rotate
0010870c 00000054 T decode_utf16
00108760 00000140 T decode_utf8
001088a0 00000054 T encode_utf16
001088f4 000000e0 T encode_utf8
001089d8 000001e8 W __system_allocateHeaps
00108bc0 00000030 W __appExit
00108bf0 00000030 W __appInit
00108c20 00000090 W __libctru_exit
00108cb0 00000024 t error_cmp
00108cd4 00000050 t archive_translate_error
00108d24 000000c0 t archive_seek
00108de4 00000078 t _archiveInit.part.0
00108e5c 00000110 t archiveFindDevice.part.0
00108f6c 00000298 t archive_utf16path
00109204 00000098 t _archiveUnmountDeviceStruct.part.0
0010929c 00000178 t _archiveMountDevice
00109414 000000f8 t archive_diropen
0010950c 000000ac t archive_fstat
001095b8 00000074 t archive_fsync
0010962c 00000074 t archive_close
001096a0 00000078 t archive_dirclose
00109718 000000ec t sdmc_statvfs
00109804 000000f8 t archive_chdir
001098fc 0000008c t archive_ftruncate
00109988 000000bc t archive_read
00109a44 000000a8 t archive_unlink
00109aec 000000c0 t archive_rmdir
00109bac 000000d8 t archive_mkdir
00109c84 000001a0 t archive_stat
00109e24 00000164 t archive_dirnext
00109f88 0000013c t archive_write
0010a0c8 00000254 t archive_open
0010a31c 00000270 t archive_rename
0010a58c 000001c8 T archiveMountSdmc
0010a754 00000054 T archiveUnmountAll
0010a7a8 00000104 T fsInit
0010a8ac 0000003c T fsExit
0010a8e8 00000068 T fsExemptFromSession
0010a950 00000050 T fsUnexemptFromSession
0010a9a0 000000cc T FSUSER_OpenFile
0010aa6c 000000b8 T FSUSER_DeleteFile
0010ab24 000000f4 T FSUSER_RenameFile
0010ac18 000000b8 T FSUSER_DeleteDirectory
0010acd0 000000d0 T FSUSER_CreateFile
0010ada0 000000c0 T FSUSER_CreateDirectory
0010ae60 000000f4 T FSUSER_RenameDirectory
0010af54 000000b4 T FSUSER_OpenDirectory
0010b008 00000090 T FSUSER_OpenArchive
0010b098 0000008c T FSUSER_CloseArchive
0010b124 00000074 T FSUSER_GetSdmcArchiveResource
0010b198 00000064 T FSUSER_IsSdmcWritable
0010b1fc 00000064 T FSFILE_Read
0010b260 0000006c T FSFILE_Write
0010b2cc 00000044 T FSFILE_GetSize
0010b310 00000028 T FSFILE_SetSize
0010b338 0000003c T FSFILE_Close
0010b374 00000024 T FSFILE_Flush
0010b398 00000060 T FSDIR_Read
0010b3f8 0000003c T FSDIR_Close
0010b434 00000060 T rbtree_node_next
0010b494 T __aeabi_read_tp
0010b4a0 00000130 T __udivmoddi4
0010b5d0 000000e4 T strncat
0010b6b4 00000128 T memcpy
0010b7dc 0000008c T strlen
0010b868 00000078 T bsearch
0010b8e0 00000028 T memalign
0010b908 00000034 T printf
0010b93c 000001ec t _strtoul_l.isra.0
0010bb28 0000003c T strtoul
0010bb64 0000016c T _memalign_r
0010bcd0 0000000c T __errno
0010bcdc 000000e4 T memset
0010bdc0 0000022c T __sflush_r
0010bfec 000000c4 T _fflush_r
0010c0b0 0000082c T _malloc_r
0010c8dc 00000114 T _malloc_trim_r
0010c9f0 00000314 T _free_r
0010cd04 00000294 T setvbuf
0010cf98 0000001c t stdio_exit_handler
0010cfb4 0000005c t cleanup_stdio
0010d010 00000154 t global_stdio_init.part.0
0010d164 0000005c T __sinit
0010d1c0 0000000c T __sfp_lock_acquire
0010d1cc 0000000c T __sfp_lock_release
0010d1d8 00000084 T __libc_init_array
0010d25c 000000d4 T strncpy
0010d330 00000040 T malloc
0010d370 00000020 T free
0010d390 000000e0 T _puts_r
0010d470 00000020 T puts
0010d490 00000044 T __sread
0010d4d4 00000068 T __swrite
0010d53c 00000040 T __sseek
0010d57c 00000008 T __sclose
0010d584 0000000c T __malloc_lock
0010d590 0000000c T __malloc_unlock
0010d59c 00000148 T _fclose_r
0010d6e4 00000024 T putchar
0010d708 00000004 W __call_exitprocs
0010d70c 00000030 T exit
0010d73c 0000003c T __libc_fini_array
0010d778 0000003c T strnlen
0010d7b4 000000d8 T strncmp
0010d88c 00000070 T _fwalk_sglue
0010d8fc 000005e0 t get_arg
0010dee0 00003554 T _vfprintf_r
00111434 000000b4 t __sbprintf
001114e8 000000a0 T _wcrtomb_r
00111588 000004a4 T __sfvwrite_r
00111a2c 00000164 T __smakebuf_r
00111b90 00000090 T __swhatbuf_r
00111c20 00000024 T __locale_mb_cur_max
00111c44 00000030 T __sprint_r
00111c74 000000fc T _putc_r
00111d70 000001c0 t quorem
00111f30 00001420 T _dtoa_r
00113350 00000124 T __swbuf_r
00113474 000000e8 T memchr
0011355c 00000028 T _wcsrtombs_r
00113584 00000140 T __swsetup_r
001136c4 00000024 T _localeconv_r
001136e8 000001a8 T memmove
00113890 000004f0 T _realloc_r
00113d80 000000f8 T __utf8_wctomb
00113e78 0000015c T _wcsnrtombs_l
00113fd4 00000064 T _wcsnrtombs_r
00114038 00000088 T frexp
001140c0 0000005c T __assert_func
0011411c 00000088 T _Balloc
001141a4 0000001c T _Bfree
001141c0 000000f4 T __multadd
001142b4 00000080 T __hi0bits
00114334 000000f0 T __lo0bits
00114424 000000a4 T __i2b
001144c8 00000230 T __multiply
001146f8 00000130 T __pow5mult
00114828 00000138 T __lshift
00114960 00000058 T __mcmp
001149b8 00000218 T __mdiff
00114bd0 00000120 T __d2b
00114cf0 00000340 T __utf8_mbtowc
00115030 0000003c T fiprintf
0011506c 00000140 T strchr
001151ac 00000014 T abort
001151c0 000000d8 T _calloc_r
00115298 000005e0 t get_arg
00115878 000022f8 T _vfiprintf_r
00117b70 000000b4 t __sbprintf
00117c24 0000009c T _raise_r
00117cc0 00000020 T raise
00117ce0 00000020 T _exit
00117d00 00000140 T chdir
00117e40 000001c8 T _concatenate_path
00118008 0000009c T _fstat_r
001180a4 00000014 T _getpid_r
001180b8 0000002c T __getreent
001180e4 00000058 T __get_handle
0011813c 00000110 T _close_r
0011824c 00000008 t null_write
00118254 00000018 T setDefaultDevice
0011826c 00000098 T FindDevice
00118304 00000024 T RemoveDevice
00118328 00000088 T AddDevice
001183b0 00000020 T GetDeviceOpTab
001183d0 00000008 T _isatty_r
001183d8 00000014 T _kill_r
001183ec 00000094 T _lseek_r
00118480 00000094 T _read_r
00118514 00000078 W _sbrk_r
0011858c 0000001c T __libc_lock_acquire
001185a8 0000001c T __libc_lock_release
001185c4 0000001c T __libc_lock_acquire_recursive
001185e0 0000001c T __libc_lock_release_recursive
001185fc 00000094 T _write_r
00118690 00000048 T strrchr
001186d8 T _fini
00119310 r .LC2
00119694 00000080 r dotab_stdout
00119714 00000018 r grayScale
0011972c 00000006 r colorCube
00119734 00000030 r colorTable
00119780 00000008 r morton_y.2
00119788 00000008 r morton_x.3
00119790 00000008 r s_sleepWakeEvents.4
00119798 0000000c r serviceNameTable.5
001197a4 R default_font_bin
00119fa4 R default_font_bin_end
00119fa4 00000030 r error_table
00119fd4 00000080 r archive_devoptab
0011a054 00000101 R _ctype_
0011a27c 00000010 r zeroes.0
0011a28c 00000010 r blanks.1
0011a29c 0000006c R __action_table
0011a308 0000006c R __state_table
0011a374 00000100 R __chclass
0011a47c 0000000c r p05.0
0011a488 00000028 R __mprec_bigtens
0011a4b0 000000c8 R __mprec_tens
0011a664 00000010 r zeroes.0
0011a674 00000010 r blanks.1
0011a684 00000080 R dotab_stdnull
0011a704 R __tdata_align
0011a708 r __EH_FRAME_BEGIN__
0011a708 R __exidx_end
0011a708 R __exidx_start
0011b000 00000001 d firstConsoleInit.0
0011b004 00000004 D currentConsole
0011b008 00000048 D defaultConsole
0011b050 00000004 d aptChainloadDeliverArgSize
0011b054 00000004 d kCount
0011b058 00000004 d kInterval
0011b05c 00000004 d kDelay
0011b060 W __stacksize__
0011b064 00000004 D _impure_ptr
0011b068 00000200 D _impure_data
0011b268 00000004 D __malloc_sbrk_base
0011b26c 00000004 D __malloc_trim_threshold
0011b270 00000408 D __malloc_av_
0011b678 0000000c D __sglue
0011b684 00000254 D __global_locale
0011b8d8 00000400 d _current_working_directory
0011bcd8 00001000 d handles
0011ccd8 0000000c d __stderr_handle
0011cce4 0000000c d __stdout_handle
0011ccf0 0000000c d __stdin_handle
0011ccfc 0000008c D devoptab_list
0011cd88 00000004 d defaultDevice
0011cd94 d _GLOBAL_OFFSET_TABLE_
0011cda0 d __frame_dummy_init_array_entry
0011cda0 D __init_array_start
0011cda0 B __preinit_array_end
0011cda0 B __preinit_array_start
0011cda0 D __tdata_lma
0011cda0 D __tdata_lma_end
0011cda4 d __do_global_dtors_aux_fini_array_entry
0011cda4 D __fini_array_start
0011cda4 D __init_array_end
0011cda8 D __bss_start__
0011cda8 D __fini_array_end
0011cda8 00000064 b kbBuffer.0
0011ce0c b completed.1
0011ce10 b object.0
0011ce28 00000064 b escapeSeq
0011ce8c 00000048 B currentCopy
0011ced4 00000004 b screenAlloc
0011ced8 00000004 b screenFree
0011cedc 00000002 b gfxIsDoubleBuf
0011cee0 00000002 b gfxCurBuf
0011cee2 00000001 b gfxIsVram
0011cee3 00000001 b gfxTopMode
0011cee4 00000002 b gfxFramebufferFormats
0011cee8 00000004 b gfxBottomFramebufferMaxSize
0011ceec 00000004 b gfxTopFramebufferMaxSize
0011cef0 00000008 b gfxBottomFramebuffers
0011cef8 00000008 b gfxTopFramebuffers
0011cf00 00000001 b flagValue.0
0011cf01 00000001 b flagInit.1
0011cf04 00000004 b serviceName.6
0011cf08 00000001 b aptChainloadFlags
0011cf09 00000001 b aptChainloadMediatype
0011cf0c 00000020 b aptChainloadHmac
0011cf2c 00000300 b aptChainloadDeliverArg
0011d230 00000008 b aptChainloadTid
0011d238 00001000 b aptParameters
0011e238 00000004 b aptFlags
0011e23c 00000001 b aptHomeButtonState
0011e240 00000004 b aptMessageFuncData
0011e244 00000004 b aptMessageFunc
0011e248 0000000c b aptFirstHook
0011e254 00000001 b aptEventHandlerThreadQuit
0011e258 00000004 b aptEventHandlerThread
0011e25c 00000008 b aptSleepEvent
0011e264 00000008 b aptReceiveEvent
0011e26c 00000008 b aptEvents
0011e274 00000004 b aptLockHandle
0011e278 00000004 b aptRefCount
0011e27c 00000007 b gspEventCbOneShot
0011e284 0000001c b gspEventCbData
0011e2a0 0000001c b gspEventCb
0011e2bc 00000038 b gspEvents
0011e2f4 00000004 b gspLastEvent
0011e2f8 00000001 b gspRunEvents
0011e2fc 00000004 b gspEventThread
0011e300 00000004 b gspEvent
0011e304 00000001 b gspGpuRight
0011e305 00000001 b gspThreadId
0011e308 00000004 b gspSharedMem
0011e30c 00000004 b gspSharedMemHandle
0011e310 00000004 b gspRefCount
0011e314 00000004 b gspGpuHandle
0011e318 00000001 b usingIrrst
0011e31c 00000004 b hidRefCount
0011e320 00000006 b gRate
0011e328 00000006 b aVec
0011e330 00000004 b cPos
0011e334 00000004 b tPos
0011e338 00000004 b kRepeat
0011e33c 00000004 b kUp
0011e340 00000004 b kDown
0011e344 00000004 b kHeld
0011e348 00000004 b kOld
0011e34c 00000004 B hidSharedMem
0011e350 00000014 B hidEvents
0011e364 00000004 B hidMemHandle
0011e368 00000004 B hidHandle
0011e36c 00000004 b irrstRefCount
0011e370 00000004 b csPos
0011e374 00000004 b kHeld
0011e378 00000004 B irrstSharedMem
0011e37c 00000004 B irrstEvent
0011e380 00000004 B irrstMemHandle
0011e384 00000004 B irrstHandle
0011e388 00000004 b swkbdSharedMemHandle
0011e38c 00000004 b swkbdSharedMem
0011e390 00000004 B __system_retAddr
0011e394 00000004 B __system_argv
0011e398 00000004 B __system_argc
0011e39c b saved_stack
0011e3a8 00000008 b sLinearPool
0011e3b0 0000000c b sAddrMap
0011e3c0 00000008 b sVramPoolB
0011e3c8 00000008 b sVramPoolA
0011e3d0 0000000c b sAddrMap
0011e3dc 00000004 B __3dslink_host
0011e3e0 00000001 V __ctru_speedup
0011e3e4 00000004 b srvRefCount
0011e3e8 00000004 b srvHandle
0011e3ec 00000004 b arbiter
0011e3f0 00000004 b currentAddr
0011e3f4 00000004 b maxAddr
0011e3f8 00000004 b minAddr
0011e3fc 00000004 b ptmSysmRefCount
0011e400 00000004 b ptmSysmHandle
0011e404 00000004 b srvPmHandle
0011e408 00000004 V __ctru_linear_heap_size
0011e40c 00000004 V __ctru_heap_size
0011e410 00000004 B __ctru_linear_heap
0011e414 00000004 B __ctru_heap
0011e418 000005c0 b archive_devices
0011e9d8 00000004 b archive_device_cwd
0011e9dc 00000001 b archive_initialized
0011e9e0 00000080 b fsExemptArchives
0011ea60 00000004 b fsuRefCount
0011ea64 00000004 b fsuHandle
0011ea68 00000028 B __malloc_current_mallinfo
0011ea90 00000004 B __malloc_max_total_mem
0011ea94 00000004 B __malloc_max_sbrked_mem
0011ea98 00000004 B __malloc_top_pad
0011ea9c 0000000c b __sfp_recursive_mutex
0011eaa8 00000168 B __sf
0011ec10 00000004 B __stdio_exit_handler
0011ec14 0000000c b __malloc_recursive_mutex
0011ec20 00000400 b temp_cwd
0011f020 00000004 b __hndl_lock
0011f024 00000004 B fake_heap_start
0011f028 00000004 B fake_heap_end
0011f02c 00000004 b heap_start.0
0011f030 B __tls_start
0011fc38 B __bss_end__
0011fc38 A __end__
0011fc38 B __tls_end
