Archive member included to satisfy reference by file (symbol)

/opt/devkitpro/libctru/lib/libctru.a(console.o)
                              main.o (consoleSelect)
/opt/devkitpro/libctru/lib/libctru.a(gfx.o)
                              /opt/devkitpro/libctru/lib/libctru.a(console.o) (gfxIsWide)
/opt/devkitpro/libctru/lib/libctru.a(apt.o)
                              main.o (aptMainLoop)
/opt/devkitpro/libctru/lib/libctru.a(gspgpu.o)
                              /opt/devkitpro/libctru/lib/libctru.a(gfx.o) (gspInit)
/opt/devkitpro/libctru/lib/libctru.a(hid.o)
                              main.o (hidScanInput)
/opt/devkitpro/libctru/lib/libctru.a(irrst.o)
                              /opt/devkitpro/libctru/lib/libctru.a(hid.o) (irrstInit)
/opt/devkitpro/libctru/lib/libctru.a(swkbd.o)
                              main.o (swkbdInit)
/opt/devkitpro/libctru/lib/libctru.a(utf16_to_utf8.o)
                              /opt/devkitpro/libctru/lib/libctru.a(swkbd.o) (utf16_to_utf8)
/opt/devkitpro/libctru/lib/libctru.a(utf8_to_utf16.o)
                              /opt/devkitpro/libctru/lib/libctru.a(swkbd.o) (utf8_to_utf16)
/opt/devkitpro/libctru/lib/libctru.a(ctru_init.o)
                              /opt/devkitpro/libctru/lib/libctru.a(apt.o) (__system_retAddr)
/opt/devkitpro/libctru/lib/libctru.a(initArgv.o)
                              /opt/devkitpro/libctru/lib/libctru.a(ctru_init.o) (__system_initArgv)
/opt/devkitpro/libctru/lib/libctru.a(syscalls.o)
                              /opt/devkitpro/libctru/lib/libctru.a(ctru_init.o) (__system_initSyscalls)
/opt/devkitpro/libctru/lib/libctru.a(svc.o)
                              /opt/devkitpro/libctru/lib/libctru.a(apt.o) (svcSleepThread)
/opt/devkitpro/libctru/lib/libctru.a(stack_adjust.o)
                              /opt/devkitpro/devkitARM/lib/gcc/arm-none-eabi/16.1.0/../../../../arm-none-eabi/lib/armv6k/fpu/3dsx_crt0.o (initSystem)
/opt/devkitpro/libctru/lib/libctru.a(default_font.bin.o)
                              /opt/devkitpro/libctru/lib/libctru.a(console.o) (default_font_bin)
/opt/devkitpro/libctru/lib/libctru.a(linear.o)
                              /opt/devkitpro/libctru/lib/libctru.a(gfx.o) (linearAlloc)
/opt/devkitpro/libctru/lib/libctru.a(mem_pool.o)
                              /opt/devkitpro/libctru/lib/libctru.a(linear.o) (MemPool::Allocate(MemChunk&, unsigned long, int))
/opt/devkitpro/libctru/lib/libctru.a(vram.o)
                              /opt/devkitpro/libctru/lib/libctru.a(gfx.o) (vramAlloc)
/opt/devkitpro/libctru/lib/libctru.a(3dslink.o)
                              /opt/devkitpro/libctru/lib/libctru.a(initArgv.o) (__3dslink_host)
/opt/devkitpro/libctru/lib/libctru.a(env.o)
                              /opt/devkitpro/libctru/lib/libctru.a(irrst.o) (envGetHandle)
/opt/devkitpro/libctru/lib/libctru.a(os.o)
                              /opt/devkitpro/libctru/lib/libctru.a(syscalls.o) (osGetTime)
/opt/devkitpro/libctru/lib/libctru.a(srv.o)
                              /opt/devkitpro/libctru/lib/libctru.a(apt.o) (srvInit)
/opt/devkitpro/libctru/lib/libctru.a(synchronization.o)
                              /opt/devkitpro/libctru/lib/libctru.a(ctru_init.o) (__sync_init)
/opt/devkitpro/libctru/lib/libctru.a(thread.o)
                              /opt/devkitpro/libctru/lib/libctru.a(apt.o) (threadCreate)
/opt/devkitpro/libctru/lib/libctru.a(mappable.o)
                              /opt/devkitpro/libctru/lib/libctru.a(apt.o) (mappableAlloc)
/opt/devkitpro/libctru/lib/libctru.a(ptmsysm.o)
                              /opt/devkitpro/libctru/lib/libctru.a(os.o) (ptmSysmInit)
/opt/devkitpro/libctru/lib/libctru.a(srvpm.o)
                              /opt/devkitpro/libctru/lib/libctru.a(srv.o) (srvPmGetSessionHandle)
/opt/devkitpro/libctru/lib/libctru.a(soc_connect.o)
                              /opt/devkitpro/libctru/lib/libctru.a(3dslink.o) (connect)
/opt/devkitpro/libctru/lib/libctru.a(soc_socket.o)
                              /opt/devkitpro/libctru/lib/libctru.a(3dslink.o) (socket)
/opt/devkitpro/libctru/lib/libctru.a(rbtree_find.o)
                              /opt/devkitpro/libctru/lib/libctru.a(linear.o) (rbtree_find)
/opt/devkitpro/libctru/lib/libctru.a(rbtree_init.o)
                              /opt/devkitpro/libctru/lib/libctru.a(linear.o) (rbtree_init)
/opt/devkitpro/libctru/lib/libctru.a(rbtree_insert.o)
                              /opt/devkitpro/libctru/lib/libctru.a(linear.o) (rbtree_insert)
/opt/devkitpro/libctru/lib/libctru.a(rbtree_remove.o)
                              /opt/devkitpro/libctru/lib/libctru.a(linear.o) (rbtree_remove)
/opt/devkitpro/libctru/lib/libctru.a(rbtree_rotate.o)
                              /opt/devkitpro/libctru/lib/libctru.a(rbtree_insert.o) (rbtree_rotate)
/opt/devkitpro/libctru/lib/libctru.a(decode_utf16.o)
                              /opt/devkitpro/libctru/lib/libctru.a(utf16_to_utf8.o) (decode_utf16)
/opt/devkitpro/libctru/lib/libctru.a(decode_utf8.o)
[...]
Memory Configuration

Name             Origin             Length             Attributes
*default*        0x00000000         0xffffffff

Linker script and memory map

                0x00000000                        __sync_synchronize = __sync_synchronize_dmb
                0x00100000                        PROVIDE (__start__ = 0x100000)
                0x00100000                        . = __start__

.text           0x00100000    0x186f0
 *(.crt0)
 .crt0          0x00100000       0x94 /opt/devkitpro/devkitARM/lib/gcc/arm-none-eabi/16.1.0/../../../../arm-none-eabi/lib/armv6k/fpu/3dsx_crt0.o
                0x00100000                _start
                0x00100008                __service_ptr
                0x0010000c                __apt_appid
                0x00100010                __heap_size
                0x00100014                __linear_heap_size
                0x00100018                __system_arglist
                0x0010001c                __system_runflags
 *(.init)
 .init          0x00100094        0xc /opt/devkitpro/devkitARM/lib/gcc/arm-none-eabi/16.1.0/armv6k/fpu/crti.o
                0x00100094                _init
 .init          0x001000a0        0xc /opt/devkitpro/devkitARM/lib/gcc/arm-none-eabi/16.1.0/armv6k/fpu/crtn.o
                0x001000ac                        . = ALIGN (0x4)
 *(.text)
 .text          0x001000ac      0x240 /opt/devkitpro/devkitARM/lib/gcc/arm-none-eabi/16.1.0/armv6k/fpu/libgcc.a(_divsi3.o)
                0x001000ac                __aeabi_idiv
                0x001000ac                __divsi3
                0x001002cc                __aeabi_idivmod
 .text          0x001002ec        0x4 /opt/devkitpro/devkitARM/lib/gcc/arm-none-eabi/16.1.0/armv6k/fpu/libgcc.a(_dvmd_tls.o)
                0x001002ec                __aeabi_ldiv0
                0x001002ec                __aeabi_idiv0
 .text          0x001002f0       0x3c /opt/devkitpro/devkitARM/lib/gcc/arm-none-eabi/16.1.0/armv6k/fpu/libgcc.a(_aeabi_uldivmod.o)
                0x001002f0                __aeabi_uldivmod
 *fill*         0x0010032c       0x14 
 .text          0x00100340      0x390 /opt/devkitpro/devkitARM/lib/gcc/arm-none-eabi/16.1.0/../../../../arm-none-eabi/lib/armv6k/fpu/libg.a(libc_a-strcmp.o)
                0x00100348                strcmp
 .text          0x001006d0      0x20c /opt/devkitpro/devkitARM/lib/gcc/arm-none-eabi/16.1.0/armv6k/fpu/libgcc.a(_udivsi3.o)
                0x001006d0                __udivsi3
                0x001006d0                __aeabi_uidiv
                0x001008bc                __aeabi_uidivmod
 *(.text.*)
 .text.__do_global_dtors_aux
                0x001008dc       0x50 /opt/devkitpro/devkitARM/lib/gcc/arm-none-eabi/16.1.0/armv6k/fpu/crtbegin.o
 .text.frame_dummy
                0x0010092c       0x2c /opt/devkitpro/devkitARM/lib/gcc/arm-none-eabi/16.1.0/armv6k/fpu/crtbegin.o
 .text.startup.main
                0x00100958      0x3d0 main.o
                0x00100958                main
 .text.consoleSelect
                0x00100d28       0x18 /opt/devkitpro/libctru/lib/libctru.a(console.o)
                0x00100d28                consoleSelect
 .text.consoleDrawChar
                0x00100d40      0x1c8 /opt/devkitpro/libctru/lib/libctru.a(console.o)
                0x00100d40                consoleDrawChar
 .text.consolePrintChar
                0x00100f08      0x170 /opt/devkitpro/libctru/lib/libctru.a(console.o)
                0x00100f08                consolePrintChar
 .text.con_write
                0x00101078      0xcc8 /opt/devkitpro/libctru/lib/libctru.a(console.o)
                0x00101078                con_write
 .text.newRow   0x00101d40       0xfc /opt/devkitpro/libctru/lib/libctru.a(console.o)
 .text.consoleInit
                0x00101e3c      0x180 /opt/devkitpro/libctru/lib/libctru.a(console.o)
                0x00101e3c                consoleInit
 .text.consoleClear
                0x00101fbc       0xb8 /opt/devkitpro/libctru/lib/libctru.a(console.o)
                0x00101fbc                consoleClear
 .text.consoleSetWindow
                0x00102074       0x44 /opt/devkitpro/libctru/lib/libctru.a(console.o)
                0x00102074                consoleSetWindow
 .text.gfxPresentFramebuffer
                0x001020b8       0xcc /opt/devkitpro/libctru/lib/libctru.a(gfx.o)
 .text.gfxIsWide
                0x00102184       0x1c /opt/devkitpro/libctru/lib/libctru.a(gfx.o)
                0x00102184                gfxIsWide
 .text.gfxSetScreenFormat
                0x001021a0       0xf8 /opt/devkitpro/libctru/lib/libctru.a(gfx.o)
                0x001021a0                gfxSetScreenFormat
 .text.gfxSetDoubleBuffering
                0x00102298       0x10 /opt/devkitpro/libctru/lib/libctru.a(gfx.o)
                0x00102298                gfxSetDoubleBuffering
 .text.gfxInit  0x001022a8       0xd8 /opt/devkitpro/libctru/lib/libctru.a(gfx.o)
                0x001022a8                gfxInit
 .text.gfxInitDefault
                0x00102380       0x10 /opt/devkitpro/libctru/lib/libctru.a(gfx.o)
                0x00102380                gfxInitDefault
 .text.gfxExit  0x00102390       0xb8 /opt/devkitpro/libctru/lib/libctru.a(gfx.o)
                0x00102390                gfxExit
 .text.gfxGetFramebuffer
                0x00102448       0xa0 /opt/devkitpro/libctru/lib/libctru.a(gfx.o)
                0x00102448                gfxGetFramebuffer
 .text.gfxFlushBuffers
                0x001024e8      0x100 /opt/devkitpro/libctru/lib/libctru.a(gfx.o)
                0x001024e8                gfxFlushBuffers
 .text.gfxSwapBuffers
                0x001025e8       0x50 /opt/devkitpro/libctru/lib/libctru.a(gfx.o)
                0x001025e8                gfxSwapBuffers
 .text.gfxSwapBuffersGpu
                0x00102638       0x50 /opt/devkitpro/libctru/lib/libctru.a(gfx.o)
                0x00102638                gfxSwapBuffersGpu
 .text.aptConvertScreenForCapture
                0x00102688      0x180 /opt/devkitpro/libctru/lib/libctru.a(apt.o)
 .text.aptDspSleep
                0x00102808        0x8 /opt/devkitpro/libctru/lib/libctru.a(apt.o)
                0x00102808                aptDspSleep
 .text.aptDspWakeup
                0x00102810        0x4 /opt/devkitpro/libctru/lib/libctru.a(apt.o)
                0x00102810                aptDspWakeup
 .text.aptDspCancel
                0x00102814        0x4 /opt/devkitpro/libctru/lib/libctru.a(apt.o)
                0x00102814                aptDspCancel
 .text.aptSendCommand
                0x00102818      0x138 /opt/devkitpro/libctru/lib/libctru.a(apt.o)
                0x00102818                aptSendCommand
 .text.aptExitProcess
                0x00102950       0x44 /opt/devkitpro/libctru/lib/libctru.a(apt.o)
 .text.aptExit  0x00102994      0x394 /opt/devkitpro/libctru/lib/libctru.a(apt.o)
                0x00102994                aptExit
 .text.aptHandleSleep
                0x00102d28       0xd8 /opt/devkitpro/libctru/lib/libctru.a(apt.o)
                0x00102d28                aptHandleSleep
 .text.aptSetMessageCallback
                0x00102e00       0x1c /opt/devkitpro/libctru/lib/libctru.a(apt.o)
                0x00102e00                aptSetMessageCallback
 .text.APT_SleepIfShellClosed
                0x00102e1c       0x84 /opt/devkitpro/libctru/lib/libctru.a(apt.o)
                0x00102e1c                APT_SleepIfShellClosed
 .text.aptSetSleepAllowed
                0x00102ea0       0x78 /opt/devkitpro/libctru/lib/libctru.a(apt.o)
                0x00102ea0                aptSetSleepAllowed
 .text.APT_UnlockTransition
                0x00102f18       0x84 /opt/devkitpro/libctru/lib/libctru.a(apt.o)
                0x00102f18                APT_UnlockTransition
 *fill*         0x00102f9c        0x4 
 .text.aptEventHandler
                0x00102fa0      0x470 /opt/devkitpro/libctru/lib/libctru.a(apt.o)
 .text.APT_ReceiveParameter
                0x00103410       0xbc /opt/devkitpro/libctru/lib/libctru.a(apt.o)
                0x00103410                APT_ReceiveParameter
 .text.aptReceiveParameter.constprop.0
                0x001034cc       0xb0 /opt/devkitpro/libctru/lib/libctru.a(apt.o)
 *fill*         0x0010357c        0x4 
 .text.aptScreenTransfer
                0x00103580      0x294 /opt/devkitpro/libctru/lib/libctru.a(apt.o)
 .text.aptWaitForWakeUp.isra.0
                0x00103814      0x2d0 /opt/devkitpro/libctru/lib/libctru.a(apt.o)
 .text.aptLaunchLibraryApplet
                0x00103ae4      0x114 /opt/devkitpro/libctru/lib/libctru.a(apt.o)
                0x00103ae4                aptLaunchLibraryApplet
 .text.aptJumpToHomeMenu
                0x00103bf8       0xf4 /opt/devkitpro/libctru/lib/libctru.a(apt.o)
                0x00103bf8                aptJumpToHomeMenu
 .text.aptMainLoop
                0x00103cec       0x58 /opt/devkitpro/libctru/lib/libctru.a(apt.o)
                0x00103cec                aptMainLoop
 .text.aptInit  0x00103d44      0x240 /opt/devkitpro/libctru/lib/libctru.a(apt.o)
                0x00103d44                aptInit
 .text.APT_SendParameter
                0x00103f84       0x5c /opt/devkitpro/libctru/lib/libctru.a(apt.o)
                0x00103f84                APT_SendParameter
 .text.APT_CheckNew3DS
                0x00103fe0       0x90 /opt/devkitpro/libctru/lib/libctru.a(apt.o)
                0x00103fe0                APT_CheckNew3DS
 .text.gspHardwareInit
                0x00104070      0xc70 /opt/devkitpro/libctru/lib/libctru.a(gspgpu.o)
 .text.gspInit  0x00104ce0      0x288 /opt/devkitpro/libctru/lib/libctru.a(gspgpu.o)
                0x00104ce0                gspInit
 .text.gspExit  0x00104f68      0x104 /opt/devkitpro/libctru/lib/libctru.a(gspgpu.o)
                0x00104f68                gspExit
 .text.gspHasGpuRight
                0x0010506c       0x10 /opt/devkitpro/libctru/lib/libctru.a(gspgpu.o)
                0x0010506c                gspHasGpuRight
 .text.gspPresentBuffer
                0x0010507c       0xa4 /opt/devkitpro/libctru/lib/libctru.a(gspgpu.o)
                0x0010507c                gspPresentBuffer
 .text.gspWaitForEvent
                0x00105120       0x50 /opt/devkitpro/libctru/lib/libctru.a(gspgpu.o)
                0x00105120                gspWaitForEvent
 .text.gxCmdQueueInterrupt
                0x00105170        0x4 /opt/devkitpro/libctru/lib/libctru.a(gspgpu.o)
                0x00105170                gxCmdQueueInterrupt
 .text.gspEventThreadMain
                0x00105174      0x154 /opt/devkitpro/libctru/lib/libctru.a(gspgpu.o)
 .text.GSPGPU_FlushDataCache
                0x001052c8       0x50 /opt/devkitpro/libctru/lib/libctru.a(gspgpu.o)
                0x001052c8                GSPGPU_FlushDataCache
 .text.GSPGPU_SetLcdForceBlack
                0x00105318       0x34 /opt/devkitpro/libctru/lib/libctru.a(gspgpu.o)
                0x00105318                GSPGPU_SetLcdForceBlack
 .text.GSPGPU_AcquireRight
                0x0010534c       0x84 /opt/devkitpro/libctru/lib/libctru.a(gspgpu.o)
                0x0010534c                GSPGPU_AcquireRight
 .text.GSPGPU_ReleaseRight
                0x001053d0       0x64 /opt/devkitpro/libctru/lib/libctru.a(gspgpu.o)
                0x001053d0                GSPGPU_ReleaseRight
 .text.GSPGPU_ImportDisplayCaptureInfo
                0x00105434       0x7c /opt/devkitpro/libctru/lib/libctru.a(gspgpu.o)
                0x00105434                GSPGPU_ImportDisplayCaptureInfo
 .text.GSPGPU_SaveVramSysArea
                0x001054b0       0x2c /opt/devkitpro/libctru/lib/libctru.a(gspgpu.o)
                0x001054b0                GSPGPU_SaveVramSysArea
 .text.GSPGPU_RestoreVramSysArea
                0x001054dc       0x2c /opt/devkitpro/libctru/lib/libctru.a(gspgpu.o)
                0x001054dc                GSPGPU_RestoreVramSysArea
 .text.hidShouldUseIrrst
                0x00105508       0x24 /opt/devkitpro/libctru/lib/libctru.a(hid.o)
                0x00105508                hidShouldUseIrrst
 .text.hidInit  0x0010552c      0x1cc /opt/devkitpro/libctru/lib/libctru.a(hid.o)
                0x0010552c                hidInit
 .text.hidExit  0x001056f8       0xe8 /opt/devkitpro/libctru/lib/libctru.a(hid.o)
                0x001056f8                hidExit
 .text.hidScanInput
                0x001057e0      0x2a0 /opt/devkitpro/libctru/lib/libctru.a(hid.o)
                0x001057e0                hidScanInput
 .text.hidKeysHeld
                0x00105a80       0x10 /opt/devkitpro/libctru/lib/libctru.a(hid.o)
                0x00105a80                hidKeysHeld
 .text.hidKeysDown
                0x00105a90       0x10 /opt/devkitpro/libctru/lib/libctru.a(hid.o)
                0x00105a90                hidKeysDown
 .text.hidTouchRead
                0x00105aa0       0x18 /opt/devkitpro/libctru/lib/libctru.a(hid.o)
                0x00105aa0                hidTouchRead
 .text.irrstInit
                0x00105ab8      0x1a4 /opt/devkitpro/libctru/lib/libctru.a(irrst.o)
                0x00105ab8                irrstInit
 .text.irrstExit
                0x00105c5c       0xdc /opt/devkitpro/libctru/lib/libctru.a(irrst.o)
                0x00105c5c                irrstExit
 .text.irrstScanInput
                0x00105d38       0xb4 /opt/devkitpro/libctru/lib/libctru.a(irrst.o)
                0x00105d38                irrstScanInput
 .text.irrstKeysHeld
                0x00105dec       0x24 /opt/devkitpro/libctru/lib/libctru.a(irrst.o)
                0x00105dec                irrstKeysHeld
 .text.swkbdMessageCallback
                0x00105e10      0x190 /opt/devkitpro/libctru/lib/libctru.a(swkbd.o)
 .text.swkbdInit
                0x00105fa0       0x84 /opt/devkitpro/libctru/lib/libctru.a(swkbd.o)
                0x00105fa0                swkbdInit
 .text.swkbdSetHintText
                0x00106024       0x64 /opt/devkitpro/libctru/lib/libctru.a(swkbd.o)
                0x00106024                swkbdSetHintText
 .text.swkbdInputText
                0x00106088      0x3a8 /opt/devkitpro/libctru/lib/libctru.a(swkbd.o)
                0x00106088                swkbdInputText
 .text.utf16_to_utf8
                0x00106430       0xe8 /opt/devkitpro/libctru/lib/libctru.a(utf16_to_utf8.o)
                0x00106430                utf16_to_utf8
 .text.utf8_to_utf16
                0x00106518       0xc0 /opt/devkitpro/libctru/lib/libctru.a(utf8_to_utf16.o)
                0x00106518                utf8_to_utf16
 .text.__libctru_init
                0x001065d8       0x38 /opt/devkitpro/libctru/lib/libctru.a(ctru_init.o)
                0x001065d8                __libctru_init
 .text.__system_initArgv
                0x00106610      0x16c /opt/devkitpro/libctru/lib/libctru.a(initArgv.o)
                0x00106610                __system_initArgv
 .text.__syscall_getreent
                0x0010677c       0x30 /opt/devkitpro/libctru/lib/libctru.a(syscalls.o)
                0x0010677c                __syscall_getreent
 .text.__syscall_lock_acquire
                0x001067ac        0x4 /opt/devkitpro/libctru/lib/libctru.a(syscalls.o)
                0x001067ac                __syscall_lock_acquire
 .text.__syscall_lock_release
                0x001067b0        0x4 /opt/devkitpro/libctru/lib/libctru.a(syscalls.o)
                0x001067b0                __syscall_lock_release
 .text.__syscall_lock_acquire_recursive
                0x001067b4        0x4 /opt/devkitpro/libctru/lib/libctru.a(syscalls.o)
                0x001067b4                __syscall_lock_acquire_recursive
 .text.__syscall_lock_release_recursive
                0x001067b8        0x4 /opt/devkitpro/libctru/lib/libctru.a(syscalls.o)
                0x001067b8                __syscall_lock_release_recursive
 .text.__syscall_exit
                0x001067bc        0x4 /opt/devkitpro/libctru/lib/libctru.a(syscalls.o)
                0x001067bc                __syscall_exit
 .text.initThreadVars
                0x001067c0       0x54 /opt/devkitpro/libctru/lib/libctru.a(syscalls.o)
                0x001067c0                initThreadVars
 .text.__system_initSyscalls
                0x00106814       0x80 /opt/devkitpro/libctru/lib/libctru.a(syscalls.o)
                0x00106814                __system_initSyscalls
 .text.svcControlMemory
                0x00106894       0x20 /opt/devkitpro/libctru/lib/libctru.a(svc.o)
                0x00106894                svcControlMemory
 .text.svcQueryMemory
                0x001068b4       0x30 /opt/devkitpro/libctru/lib/libctru.a(svc.o)
                0x001068b4                svcQueryMemory
 .text.svcExitProcess
                0x001068e4        0x8 /opt/devkitpro/libctru/lib/libctru.a(svc.o)
                0x001068e4                svcExitProcess
 .text.svcCreateThread
                0x001068ec       0x20 /opt/devkitpro/libctru/lib/libctru.a(svc.o)
                0x001068ec                svcCreateThread
 .text.svcExitThread
                0x0010690c        0x8 /opt/devkitpro/libctru/lib/libctru.a(svc.o)
                0x0010690c                svcExitThread
 .text.svcSleepThread
                0x00106914        0x8 /opt/devkitpro/libctru/lib/libctru.a(svc.o)
                0x00106914                svcSleepThread
 .text.svcReleaseMutex
                0x0010691c        0x8 /opt/devkitpro/libctru/lib/libctru.a(svc.o)
                0x0010691c                svcReleaseMutex
 .text.svcCreateEvent
                0x00106924       0x14 /opt/devkitpro/libctru/lib/libctru.a(svc.o)
                0x00106924                svcCreateEvent
 .text.svcSignalEvent
                0x00106938        0x8 /opt/devkitpro/libctru/lib/libctru.a(svc.o)
                0x00106938                svcSignalEvent
 .text.svcClearEvent
                0x00106940        0x8 /opt/devkitpro/libctru/lib/libctru.a(svc.o)
                0x00106940                svcClearEvent
 .text.svcCreateMemoryBlock
                0x00106948       0x18 /opt/devkitpro/libctru/lib/libctru.a(svc.o)
                0x00106948                svcCreateMemoryBlock
 .text.svcMapMemoryBlock
                0x00106960        0x8 /opt/devkitpro/libctru/lib/libctru.a(svc.o)
                0x00106960                svcMapMemoryBlock
 .text.svcUnmapMemoryBlock
                0x00106968        0x8 /opt/devkitpro/libctru/lib/libctru.a(svc.o)
                0x00106968                svcUnmapMemoryBlock
 .text.svcCreateAddressArbiter
                0x00106970       0x14 /opt/devkitpro/libctru/lib/libctru.a(svc.o)
                0x00106970                svcCreateAddressArbiter
 .text.svcArbitrateAddressNoTimeout
                0x00106984        0x8 /opt/devkitpro/libctru/lib/libctru.a(svc.o)
                0x00106984                svcArbitrateAddressNoTimeout
 .text.svcCloseHandle
                0x0010698c        0x8 /opt/devkitpro/libctru/lib/libctru.a(svc.o)
                0x0010698c                svcCloseHandle
 .text.svcWaitSynchronization
                0x00106994        0x8 /opt/devkitpro/libctru/lib/libctru.a(svc.o)
                0x00106994                svcWaitSynchronization
 .text.svcWaitSynchronizationN
                0x0010699c       0x28 /opt/devkitpro/libctru/lib/libctru.a(svc.o)
                0x0010699c                svcWaitSynchronizationN
 .text.svcDuplicateHandle
                0x001069c4       0x14 /opt/devkitpro/libctru/lib/libctru.a(svc.o)
                0x001069c4                svcDuplicateHandle
 .text.svcConnectToPort
                0x001069d8       0x14 /opt/devkitpro/libctru/lib/libctru.a(svc.o)
                0x001069d8                svcConnectToPort
 .text.svcSendSyncRequest
                0x001069ec        0x8 /opt/devkitpro/libctru/lib/libctru.a(svc.o)
                0x001069ec                svcSendSyncRequest
 .text.svcGetResourceLimit
                0x001069f4       0x14 /opt/devkitpro/libctru/lib/libctru.a(svc.o)
                0x001069f4                svcGetResourceLimit
 .text.svcGetResourceLimitLimitValues
                0x00106a08        0x8 /opt/devkitpro/libctru/lib/libctru.a(svc.o)
                0x00106a08                svcGetResourceLimitLimitValues
 .text.svcGetResourceLimitCurrentValues
                0x00106a10        0x8 /opt/devkitpro/libctru/lib/libctru.a(svc.o)
                0x00106a10                svcGetResourceLimitCurrentValues
 .text.svcBreak
                0x00106a18        0x8 /opt/devkitpro/libctru/lib/libctru.a(svc.o)
                0x00106a18                svcBreak
 .text.initSystem
                0x00106a20       0x50 /opt/devkitpro/libctru/lib/libctru.a(stack_adjust.o)
                0x00106a20                initSystem
 .text.__ctru_exit
                0x00106a70       0x14 /opt/devkitpro/libctru/lib/libctru.a(stack_adjust.o)
                0x00106a70                __ctru_exit
 .text._ZL21addrMapNodeComparatorPK11rbtree_nodeS1_
                0x00106a84       0x24 /opt/devkitpro/libctru/lib/libctru.a(linear.o)
 .text._ZL21addrMapNodeDestructorP11rbtree_node
                0x00106aa8        0x4 /opt/devkitpro/libctru/lib/libctru.a(linear.o)
 .text.linearMemAlign
                0x00106aac      0x12c /opt/devkitpro/libctru/lib/libctru.a(linear.o)
                0x00106aac                linearMemAlign
 .text.linearAlloc
                0x00106bd8        0x8 /opt/devkitpro/libctru/lib/libctru.a(linear.o)
                0x00106bd8                linearAlloc
 .text.linearFree
                0x00106be0       0x5c /opt/devkitpro/libctru/lib/libctru.a(linear.o)
                0x00106be0                linearFree
 .text._ZN7MemPool13CoalesceRightEP8MemBlock
                0x00106c3c       0x88 /opt/devkitpro/libctru/lib/libctru.a(mem_pool.o)
                0x00106c3c                MemPool::CoalesceRight(MemBlock*)
 .text._ZN7MemPool8AllocateER8MemChunkmi
                0x00106cc4      0x178 /opt/devkitpro/libctru/lib/libctru.a(mem_pool.o)
                0x00106cc4                MemPool::Allocate(MemChunk&, unsigned long, int)
 .text._ZN7MemPool10DeallocateERK8MemChunk
                0x00106e3c      0x118 /opt/devkitpro/libctru/lib/libctru.a(mem_pool.o)
                0x00106e3c                MemPool::Deallocate(MemChunk const&)
 .text._ZN7MemPool12GetFreeSpaceEv
                0x00106f54       0x30 /opt/devkitpro/libctru/lib/libctru.a(mem_pool.o)
                0x00106f54                MemPool::GetFreeSpace()
 .text._ZL21addrMapNodeComparatorPK11rbtree_nodeS1_
                0x00106f84       0x24 /opt/devkitpro/libctru/lib/libctru.a(vram.o)
 .text._ZL21addrMapNodeDestructorP11rbtree_node
                0x00106fa8        0x4 /opt/devkitpro/libctru/lib/libctru.a(vram.o)
 .text.vramMemAlignAt
                0x00106fac      0x248 /opt/devkitpro/libctru/lib/libctru.a(vram.o)
                0x00106fac                vramMemAlignAt
 .text.vramAlloc
                0x001071f4        0xc /opt/devkitpro/libctru/lib/libctru.a(vram.o)
                0x001071f4                vramAlloc
 .text.vramFree
                0x00107200       0x94 /opt/devkitpro/libctru/lib/libctru.a(vram.o)
                0x00107200                vramFree
 .text.envGetHandle
                0x00107294       0x8c /opt/devkitpro/libctru/lib/libctru.a(env.o)
                0x00107294                envGetHandle
 .text.envDestroyHandles
                0x00107320       0x50 /opt/devkitpro/libctru/lib/libctru.a(env.o)
                0x00107320                envDestroyHandles
 .text.__ctru_speedup_config
                0x00107370       0x34 /opt/devkitpro/libctru/lib/libctru.a(os.o)
                0x00107370                __ctru_speedup_config
 .text.srvInit  0x001073a4      0x164 /opt/devkitpro/libctru/lib/libctru.a(srv.o)
                0x001073a4                srvInit
 .text.srvExit  0x00107508       0x64 /opt/devkitpro/libctru/lib/libctru.a(srv.o)
                0x00107508                srvExit
 .text.srvEnableNotification
                0x0010756c       0x60 /opt/devkitpro/libctru/lib/libctru.a(srv.o)
                0x0010756c                srvEnableNotification
 .text.srvGetServiceHandleDirect
                0x001075cc       0xa0 /opt/devkitpro/libctru/lib/libctru.a(srv.o)
                0x001075cc                srvGetServiceHandleDirect
 .text.srvGetServiceHandle
                0x0010766c       0x48 /opt/devkitpro/libctru/lib/libctru.a(srv.o)
                0x0010766c                srvGetServiceHandle
 .text.srvSubscribe
                0x001076b4       0x34 /opt/devkitpro/libctru/lib/libctru.a(srv.o)
                0x001076b4                srvSubscribe
 .text.srvReceiveNotification
                0x001076e8       0x60 /opt/devkitpro/libctru/lib/libctru.a(srv.o)
                0x001076e8                srvReceiveNotification
 .text.srvPublishToSubscriber
                0x00107748       0x38 /opt/devkitpro/libctru/lib/libctru.a(srv.o)
                0x00107748                srvPublishToSubscriber
 .text.__sync_init
                0x00107780        0xc /opt/devkitpro/libctru/lib/libctru.a(synchronization.o)
                0x00107780                __sync_init
 .text.__sync_fini
                0x0010778c       0x18 /opt/devkitpro/libctru/lib/libctru.a(synchronization.o)
                0x0010778c                __sync_fini
 .text.syncArbitrateAddress
                0x001077a4       0x28 /opt/devkitpro/libctru/lib/libctru.a(synchronization.o)
                0x001077a4                syncArbitrateAddress
 .text.LightLock_Lock
                0x001077cc       0xac /opt/devkitpro/libctru/lib/libctru.a(synchronization.o)
                0x001077cc                LightLock_Lock
 .text.LightLock_Unlock
                0x00107878       0x40 /opt/devkitpro/libctru/lib/libctru.a(synchronization.o)
                0x00107878                LightLock_Unlock
 .text.RecursiveLock_Lock
                0x001078b8       0x54 /opt/devkitpro/libctru/lib/libctru.a(synchronization.o)
                0x001078b8                RecursiveLock_Lock
 .text.RecursiveLock_Unlock
                0x0010790c       0x54 /opt/devkitpro/libctru/lib/libctru.a(synchronization.o)
                0x0010790c                RecursiveLock_Unlock
 .text.LightEvent_Init
                0x00107960       0x44 /opt/devkitpro/libctru/lib/libctru.a(synchronization.o)
                0x00107960                LightEvent_Init
 .text.LightEvent_Clear
                0x001079a4       0xb8 /opt/devkitpro/libctru/lib/libctru.a(synchronization.o)
                0x001079a4                LightEvent_Clear
 .text.LightEvent_Signal
                0x00107a5c       0xdc /opt/devkitpro/libctru/lib/libctru.a(synchronization.o)
                0x00107a5c                LightEvent_Signal
 .text.LightEvent_TryWait
                0x00107b38       0x50 /opt/devkitpro/libctru/lib/libctru.a(synchronization.o)
                0x00107b38                LightEvent_TryWait
 .text.LightEvent_Wait
                0x00107b88       0xac /opt/devkitpro/libctru/lib/libctru.a(synchronization.o)
                0x00107b88                LightEvent_Wait
 .text.threadCreate
                0x00107c34      0x1fc /opt/devkitpro/libctru/lib/libctru.a(thread.o)
                0x00107c34                threadCreate
 .text.threadFree
                0x00107e30       0x38 /opt/devkitpro/libctru/lib/libctru.a(thread.o)
                0x00107e30                threadFree
 .text.threadJoin
                0x00107e68       0x24 /opt/devkitpro/libctru/lib/libctru.a(thread.o)
                0x00107e68                threadJoin
 .text.threadGetCurrent
                0x00107e8c       0x30 /opt/devkitpro/libctru/lib/libctru.a(thread.o)
                0x00107e8c                threadGetCurrent
 .text.threadExit
                0x00107ebc       0x40 /opt/devkitpro/libctru/lib/libctru.a(thread.o)
                0x00107ebc                threadExit
 .text._thread_begin
                0x00107efc       0x20 /opt/devkitpro/libctru/lib/libctru.a(thread.o)
 .text.mappableFindAddressWithin
                0x00107f1c       0x90 /opt/devkitpro/libctru/lib/libctru.a(mappable.o)
 .text.mappableInit
                0x00107fac       0x28 /opt/devkitpro/libctru/lib/libctru.a(mappable.o)
                0x00107fac                mappableInit
 .text.mappableAlloc
                0x00107fd4       0x7c /opt/devkitpro/libctru/lib/libctru.a(mappable.o)
                0x00107fd4                mappableAlloc
 .text.mappableFree
                0x00108050        0x4 /opt/devkitpro/libctru/lib/libctru.a(mappable.o)
                0x00108050                mappableFree
 .text.ptmSysmInit
                0x00108054       0x78 /opt/devkitpro/libctru/lib/libctru.a(ptmsysm.o)
                0x00108054                ptmSysmInit
 .text.ptmSysmExit
                0x001080cc       0x3c /opt/devkitpro/libctru/lib/libctru.a(ptmsysm.o)
                0x001080cc                ptmSysmExit
 .text.PTMSYSM_ConfigureNew3DSCPU
                0x00108108       0x34 /opt/devkitpro/libctru/lib/libctru.a(ptmsysm.o)
                0x00108108                PTMSYSM_ConfigureNew3DSCPU
 .text.srvPmGetSessionHandle
                0x0010813c        0xc /opt/devkitpro/libctru/lib/libctru.a(srvpm.o)
                0x0010813c                srvPmGetSessionHandle
 .text.rbtree_find
                0x00108148       0x74 /opt/devkitpro/libctru/lib/libctru.a(rbtree_find.o)
                0x00108148                rbtree_find
 .text.rbtree_init
                0x001081bc       0x10 /opt/devkitpro/libctru/lib/libctru.a(rbtree_init.o)
                0x001081bc                rbtree_init
 .text.do_insert
                0x001081cc      0x198 /opt/devkitpro/libctru/lib/libctru.a(rbtree_insert.o)
 .text.rbtree_insert
                0x00108364        0x8 /opt/devkitpro/libctru/lib/libctru.a(rbtree_insert.o)
                0x00108364                rbtree_insert
 .text.rbtree_remove
                0x0010836c      0x310 /opt/devkitpro/libctru/lib/libctru.a(rbtree_remove.o)
                0x0010836c                rbtree_remove
 .text.rbtree_rotate
                0x0010867c       0x90 /opt/devkitpro/libctru/lib/libctru.a(rbtree_rotate.o)
                0x0010867c                rbtree_rotate
 .text.decode_utf16
                0x0010870c       0x54 /opt/devkitpro/libctru/lib/libctru.a(decode_utf16.o)
                0x0010870c                decode_utf16
 .text.decode_utf8
                0x00108760      0x140 /opt/devkitpro/libctru/lib/libctru.a(decode_utf8.o)
                0x00108760                decode_utf8
 .text.encode_utf16
                0x001088a0       0x54 /opt/devkitpro/libctru/lib/libctru.a(encode_utf16.o)
                0x001088a0                encode_utf16
 .text.encode_utf8
                0x001088f4       0xe0 /opt/devkitpro/libctru/lib/libctru.a(encode_utf8.o)
                0x001088f4                encode_utf8
 *fill*         0x001089d4        0x4 
 .text.__system_allocateHeaps
                0x001089d8      0x1e8 /opt/devkitpro/libctru/lib/libctru.a(allocateHeaps.o)
                0x001089d8                __system_allocateHeaps
 .text.__appExit
                0x00108bc0       0x30 /opt/devkitpro/libctru/lib/libctru.a(appExit.o)
                0x00108bc0                __appExit
 .text.__appInit
                0x00108bf0       0x30 /opt/devkitpro/libctru/lib/libctru.a(appInit.o)
                0x00108bf0                __appInit
 .text.__libctru_exit
                0x00108c20       0x90 /opt/devkitpro/libctru/lib/libctru.a(ctru_exit.o)
                0x00108c20                __libctru_exit
 .text.error_cmp
                0x00108cb0       0x24 /opt/devkitpro/libctru/lib/libctru.a(archive_dev.o)
 .text.archive_translate_error
                0x00108cd4       0x50 /opt/devkitpro/libctru/lib/libctru.a(archive_dev.o)
 .text.archive_seek
                0x00108d24       0xc0 /opt/devkitpro/libctru/lib/libctru.a(archive_dev.o)
 .text._archiveInit.part.0
                0x00108de4       0x78 /opt/devkitpro/libctru/lib/libctru.a(archive_dev.o)
 .text.archiveFindDevice.part.0
                0x00108e5c      0x110 /opt/devkitpro/libctru/lib/libctru.a(archive_dev.o)
 .text.archive_utf16path
                0x00108f6c      0x298 /opt/devkitpro/libctru/lib/libctru.a(archive_dev.o)
 .text._archiveUnmountDeviceStruct.part.0
                0x00109204       0x98 /opt/devkitpro/libctru/lib/libctru.a(archive_dev.o)
 .text._archiveMountDevice
                0x0010929c      0x178 /opt/devkitpro/libctru/lib/libctru.a(archive_dev.o)
 .text.archive_diropen
                0x00109414       0xf8 /opt/devkitpro/libctru/lib/libctru.a(archive_dev.o)
 .text.archive_fstat
                0x0010950c       0xac /opt/devkitpro/libctru/lib/libctru.a(archive_dev.o)
 .text.archive_fsync
                0x001095b8       0x74 /opt/devkitpro/libctru/lib/libctru.a(archive_dev.o)
 .text.archive_close
                0x0010962c       0x74 /opt/devkitpro/libctru/lib/libctru.a(archive_dev.o)
 .text.archive_dirclose
                0x001096a0       0x78 /opt/devkitpro/libctru/lib/libctru.a(archive_dev.o)
 .text.sdmc_statvfs
                0x00109718       0xec /opt/devkitpro/libctru/lib/libctru.a(archive_dev.o)
 .text.archive_chdir
                0x00109804       0xf8 /opt/devkitpro/libctru/lib/libctru.a(archive_dev.o)
 .text.archive_ftruncate
                0x001098fc       0x8c /opt/devkitpro/libctru/lib/libctru.a(archive_dev.o)
 .text.archive_read
                0x00109988       0xbc /opt/devkitpro/libctru/lib/libctru.a(archive_dev.o)
 .text.archive_unlink
                0x00109a44       0xa8 /opt/devkitpro/libctru/lib/libctru.a(archive_dev.o)
 .text.archive_rmdir
                0x00109aec       0xc0 /opt/devkitpro/libctru/lib/libctru.a(archive_dev.o)
 .text.archive_mkdir
                0x00109bac       0xd8 /opt/devkitpro/libctru/lib/libctru.a(archive_dev.o)
 .text.archive_stat
                0x00109c84      0x1a0 /opt/devkitpro/libctru/lib/libctru.a(archive_dev.o)
 .text.archive_dirnext
                0x00109e24      0x164 /opt/devkitpro/libctru/lib/libctru.a(archive_dev.o)
 .text.archive_write
                0x00109f88      0x13c /opt/devkitpro/libctru/lib/libctru.a(archive_dev.o)
 *fill*         0x0010a0c4        0x4 
 .text.archive_open
                0x0010a0c8      0x254 /opt/devkitpro/libctru/lib/libctru.a(archive_dev.o)
 .text.archive_rename
                0x0010a31c      0x270 /opt/devkitpro/libctru/lib/libctru.a(archive_dev.o)
 .text.archiveMountSdmc
                0x0010a58c      0x1c8 /opt/devkitpro/libctru/lib/libctru.a(archive_dev.o)
                0x0010a58c                archiveMountSdmc
 .text.archiveUnmountAll
                0x0010a754       0x54 /opt/devkitpro/libctru/lib/libctru.a(archive_dev.o)
                0x0010a754                archiveUnmountAll
 .text.fsInit   0x0010a7a8      0x104 /opt/devkitpro/libctru/lib/libctru.a(fs.o)
                0x0010a7a8                fsInit
 .text.fsExit   0x0010a8ac       0x3c /opt/devkitpro/libctru/lib/libctru.a(fs.o)
                0x0010a8ac                fsExit
 .text.fsExemptFromSession
                0x0010a8e8       0x68 /opt/devkitpro/libctru/lib/libctru.a(fs.o)
                0x0010a8e8                fsExemptFromSession
 .text.fsUnexemptFromSession
                0x0010a950       0x50 /opt/devkitpro/libctru/lib/libctru.a(fs.o)
                0x0010a950                fsUnexemptFromSession
 .text.FSUSER_OpenFile
                0x0010a9a0       0xcc /opt/devkitpro/libctru/lib/libctru.a(fs.o)
                0x0010a9a0                FSUSER_OpenFile
 .text.FSUSER_DeleteFile
                0x0010aa6c       0xb8 /opt/devkitpro/libctru/lib/libctru.a(fs.o)
                0x0010aa6c                FSUSER_DeleteFile
 .text.FSUSER_RenameFile
                0x0010ab24       0xf4 /opt/devkitpro/libctru/lib/libctru.a(fs.o)
                0x0010ab24                FSUSER_RenameFile
 .text.FSUSER_DeleteDirectory
                0x0010ac18       0xb8 /opt/devkitpro/libctru/lib/libctru.a(fs.o)
                0x0010ac18                FSUSER_DeleteDirectory
 .text.FSUSER_CreateFile
                0x0010acd0       0xd0 /opt/devkitpro/libctru/lib/libctru.a(fs.o)
                0x0010acd0                FSUSER_CreateFile
 .text.FSUSER_CreateDirectory
                0x0010ada0       0xc0 /opt/devkitpro/libctru/lib/libctru.a(fs.o)
                0x0010ada0                FSUSER_CreateDirectory
 .text.FSUSER_RenameDirectory
                0x0010ae60       0xf4 /opt/devkitpro/libctru/lib/libctru.a(fs.o)
                0x0010ae60                FSUSER_RenameDirectory
 .text.FSUSER_OpenDirectory
                0x0010af54       0xb4 /opt/devkitpro/libctru/lib/libctru.a(fs.o)
                0x0010af54                FSUSER_OpenDirectory
 .text.FSUSER_OpenArchive
                0x0010b008       0x90 /opt/devkitpro/libctru/lib/libctru.a(fs.o)
                0x0010b008                FSUSER_OpenArchive
 .text.FSUSER_CloseArchive
                0x0010b098       0x8c /opt/devkitpro/libctru/lib/libctru.a(fs.o)
                0x0010b098                FSUSER_CloseArchive
 .text.FSUSER_GetSdmcArchiveResource
                0x0010b124       0x74 /opt/devkitpro/libctru/lib/libctru.a(fs.o)
                0x0010b124                FSUSER_GetSdmcArchiveResource
 .text.FSUSER_IsSdmcWritable
                0x0010b198       0x64 /opt/devkitpro/libctru/lib/libctru.a(fs.o)
                0x0010b198                FSUSER_IsSdmcWritable
 .text.FSFILE_Read
                0x0010b1fc       0x64 /opt/devkitpro/libctru/lib/libctru.a(fs.o)
                0x0010b1fc                FSFILE_Read
 .text.FSFILE_Write
                0x0010b260       0x6c /opt/devkitpro/libctru/lib/libctru.a(fs.o)
                0x0010b260                FSFILE_Write
 .text.FSFILE_GetSize
                0x0010b2cc       0x44 /opt/devkitpro/libctru/lib/libctru.a(fs.o)
                0x0010b2cc                FSFILE_GetSize
 .text.FSFILE_SetSize
                0x0010b310       0x28 /opt/devkitpro/libctru/lib/libctru.a(fs.o)
                0x0010b310                FSFILE_SetSize
 .text.FSFILE_Close
                0x0010b338       0x3c /opt/devkitpro/libctru/lib/libctru.a(fs.o)
                0x0010b338                FSFILE_Close
 .text.FSFILE_Flush
                0x0010b374       0x24 /opt/devkitpro/libctru/lib/libctru.a(fs.o)
                0x0010b374                FSFILE_Flush
 .text.FSDIR_Read
                0x0010b398       0x60 /opt/devkitpro/libctru/lib/libctru.a(fs.o)
                0x0010b398                FSDIR_Read
 .text.FSDIR_Close
                0x0010b3f8       0x3c /opt/devkitpro/libctru/lib/libctru.a(fs.o)
                0x0010b3f8                FSDIR_Close
 .text.rbtree_node_next
                0x0010b434       0x60 /opt/devkitpro/libctru/lib/libctru.a(rbtree_iterator.o)
                0x0010b434                rbtree_node_next
 .text.__aeabi_read_tp
                0x0010b494        0xc /opt/devkitpro/libctru/lib/libctru.a(readtp.o)
                0x0010b494                __aeabi_read_tp
 .text.__udivmoddi4
                0x0010b4a0      0x130 /opt/devkitpro/devkitARM/lib/gcc/arm-none-eabi/16.1.0/armv6k/fpu/libgcc.a(_udivmoddi4.o)
                0x0010b4a0                __udivmoddi4
 .text.strncat  0x0010b5d0       0xe4 /opt/devkitpro/devkitARM/lib/gcc/arm-none-eabi/16.1.0/../../../../arm-none-eabi/lib/armv6k/fpu/libg.a(libc_a-strncat.o)
                0x0010b5d0                strncat
 .text.memcpy   0x0010b6b4      0x128 /opt/devkitpro/devkitARM/lib/gcc/arm-none-eabi/16.1.0/../../../../arm-none-eabi/lib/armv6k/fpu/libg.a(libc_a-memcpy-stub.o)
                0x0010b6b4                memcpy
 .text.strlen   0x0010b7dc       0x8c /opt/devkitpro/devkitARM/lib/gcc/arm-none-eabi/16.1.0/../../../../arm-none-eabi/lib/armv6k/fpu/libg.a(libc_a-strlen.o)
                0x0010b7dc                strlen
 .text.bsearch  0x0010b868       0x78 /opt/devkitpro/devkitARM/lib/gcc/arm-none-eabi/16.1.0/../../../../arm-none-eabi/lib/armv6k/fpu/libg.a(libc_a-bsearch.o)
                0x0010b868                bsearch
 .text.memalign
                0x0010b8e0       0x28 /opt/devkitpro/devkitARM/lib/gcc/arm-none-eabi/16.1.0/../../../../arm-none-eabi/lib/armv6k/fpu/libg.a(libc_a-malign.o)
                0x0010b8e0                memalign
 .text.printf   0x0010b908       0x34 /opt/devkitpro/devkitARM/lib/gcc/arm-none-eabi/16.1.0/../../../../arm-none-eabi/lib/armv6k/fpu/libg.a(libc_a-printf.o)
                0x0010b908                printf
 .text._strtoul_l.isra.0
                0x0010b93c      0x1ec /opt/devkitpro/devkitARM/lib/gcc/arm-none-eabi/16.1.0/../../../../arm-none-eabi/lib/armv6k/fpu/libg.a(libc_a-strtoul.o)
 .text.strtoul  0x0010bb28       0x3c /opt/devkitpro/devkitARM/lib/gcc/arm-none-eabi/16.1.0/../../../../arm-none-eabi/lib/armv6k/fpu/libg.a(libc_a-strtoul.o)
                0x0010bb28                strtoul
 .text._memalign_r
                0x0010bb64      0x16c /opt/devkitpro/devkitARM/lib/gcc/arm-none-eabi/16.1.0/../../../../arm-none-eabi/lib/armv6k/fpu/libg.a(libc_a-malignr.o)
                0x0010bb64                _memalign_r
 .text.__errno  0x0010bcd0        0xc /opt/devkitpro/devkitARM/lib/gcc/arm-none-eabi/16.1.0/../../../../arm-none-eabi/lib/armv6k/fpu/libg.a(libc_a-errno.o)
                0x0010bcd0                __errno
 .text.memset   0x0010bcdc       0xe4 /opt/devkitpro/devkitARM/lib/gcc/arm-none-eabi/16.1.0/../../../../arm-none-eabi/lib/armv6k/fpu/libg.a(libc_a-memset.o)
                0x0010bcdc                memset
 .text.__sflush_r
                0x0010bdc0      0x22c /opt/devkitpro/devkitARM/lib/gcc/arm-none-eabi/16.1.0/../../../../arm-none-eabi/lib/armv6k/fpu/libg.a(libc_a-fflush.o)
                0x0010bdc0                __sflush_r
 .text._fflush_r
                0x0010bfec       0xc4 /opt/devkitpro/devkitARM/lib/gcc/arm-none-eabi/16.1.0/../../../../arm-none-eabi/lib/armv6k/fpu/libg.a(libc_a-fflush.o)
                0x0010bfec                _fflush_r
 .text._malloc_r
                0x0010c0b0      0x82c /opt/devkitpro/devkitARM/lib/gcc/arm-none-eabi/16.1.0/../../../../arm-none-eabi/lib/armv6k/fpu/libg.a(libc_a-mallocr.o)
                0x0010c0b0                _malloc_r
 .text._malloc_trim_r
                0x0010c8dc      0x114 /opt/devkitpro/devkitARM/lib/gcc/arm-none-eabi/16.1.0/../../../../arm-none-eabi/lib/armv6k/fpu/libg.a(libc_a-freer.o)
                0x0010c8dc                _malloc_trim_r
 .text._free_r  0x0010c9f0      0x314 /opt/devkitpro/devkitARM/lib/gcc/arm-none-eabi/16.1.0/../../../../arm-none-eabi/lib/armv6k/fpu/libg.a(libc_a-freer.o)
                0x0010c9f0                _free_r
 .text.setvbuf  0x0010cd04      0x294 /opt/devkitpro/devkitARM/lib/gcc/arm-none-eabi/16.1.0/../../../../arm-none-eabi/lib/armv6k/fpu/libg.a(libc_a-setvbuf.o)
                0x0010cd04                setvbuf
 .text.stdio_exit_handler
                0x0010cf98       0x1c /opt/devkitpro/devkitARM/lib/gcc/arm-none-eabi/16.1.0/../../../../arm-none-eabi/lib/armv6k/fpu/libg.a(libc_a-findfp.o)
 .text.cleanup_stdio
                0x0010cfb4       0x5c /opt/devkitpro/devkitARM/lib/gcc/arm-none-eabi/16.1.0/../../../../arm-none-eabi/lib/armv6k/fpu/libg.a(libc_a-findfp.o)
 .text.global_stdio_init.part.0
                0x0010d010      0x154 /opt/devkitpro/devkitARM/lib/gcc/arm-none-eabi/16.1.0/../../../../arm-none-eabi/lib/armv6k/fpu/libg.a(libc_a-findfp.o)
 .text.__sinit  0x0010d164       0x5c /opt/devkitpro/devkitARM/lib/gcc/arm-none-eabi/16.1.0/../../../../arm-none-eabi/lib/armv6k/fpu/libg.a(libc_a-findfp.o)
                0x0010d164                __sinit
 .text.__sfp_lock_acquire
                0x0010d1c0        0xc /opt/devkitpro/devkitARM/lib/gcc/arm-none-eabi/16.1.0/../../../../arm-none-eabi/lib/armv6k/fpu/libg.a(libc_a-findfp.o)
                0x0010d1c0                __sfp_lock_acquire
 .text.__sfp_lock_release
                0x0010d1cc        0xc /opt/devkitpro/devkitARM/lib/gcc/arm-none-eabi/16.1.0/../../../../arm-none-eabi/lib/armv6k/fpu/libg.a(libc_a-findfp.o)
                0x0010d1cc                __sfp_lock_release
 .text.__libc_init_array
                0x0010d1d8       0x84 /opt/devkitpro/devkitARM/lib/gcc/arm-none-eabi/16.1.0/../../../../arm-none-eabi/lib/armv6k/fpu/libg.a(libc_a-init.o)
                0x0010d1d8                __libc_init_array
 .text.strncpy  0x0010d25c       0xd4 /opt/devkitpro/devkitARM/lib/gcc/arm-none-eabi/16.1.0/../../../../arm-none-eabi/lib/armv6k/fpu/libg.a(libc_a-strncpy.o)
                0x0010d25c                strncpy
 .text.malloc   0x0010d330       0x40 /opt/devkitpro/devkitARM/lib/gcc/arm-none-eabi/16.1.0/../../../../arm-none-eabi/lib/armv6k/fpu/libg.a(libc_a-malloc.o)
                0x0010d330                malloc
 .text.free     0x0010d370       0x20 /opt/devkitpro/devkitARM/lib/gcc/arm-none-eabi/16.1.0/../../../../arm-none-eabi/lib/armv6k/fpu/libg.a(libc_a-malloc.o)
                0x0010d370                free
 .text._puts_r  0x0010d390       0xe0 /opt/devkitpro/devkitARM/lib/gcc/arm-none-eabi/16.1.0/../../../../arm-none-eabi/lib/armv6k/fpu/libg.a(libc_a-puts.o)
                0x0010d390                _puts_r
 .text.puts     0x0010d470       0x20 /opt/devkitpro/devkitARM/lib/gcc/arm-none-eabi/16.1.0/../../../../arm-none-eabi/lib/armv6k/fpu/libg.a(libc_a-puts.o)
                0x0010d470                puts
 .text.__sread  0x0010d490       0x44 /opt/devkitpro/devkitARM/lib/gcc/arm-none-eabi/16.1.0/../../../../arm-none-eabi/lib/armv6k/fpu/libg.a(libc_a-stdio.o)
                0x0010d490                __sread
 .text.__swrite
                0x0010d4d4       0x68 /opt/devkitpro/devkitARM/lib/gcc/arm-none-eabi/16.1.0/../../../../arm-none-eabi/lib/armv6k/fpu/libg.a(libc_a-stdio.o)
                0x0010d4d4                __swrite
 .text.__sseek  0x0010d53c       0x40 /opt/devkitpro/devkitARM/lib/gcc/arm-none-eabi/16.1.0/../../../../arm-none-eabi/lib/armv6k/fpu/libg.a(libc_a-stdio.o)
                0x0010d53c                __sseek
 .text.__sclose
                0x0010d57c        0x8 /opt/devkitpro/devkitARM/lib/gcc/arm-none-eabi/16.1.0/../../../../arm-none-eabi/lib/armv6k/fpu/libg.a(libc_a-stdio.o)
                0x0010d57c                __sclose
 .text.__malloc_lock
                0x0010d584        0xc /opt/devkitpro/devkitARM/lib/gcc/arm-none-eabi/16.1.0/../../../../arm-none-eabi/lib/armv6k/fpu/libg.a(libc_a-mlock.o)
                0x0010d584                __malloc_lock
 .text.__malloc_unlock
                0x0010d590        0xc /opt/devkitpro/devkitARM/lib/gcc/arm-none-eabi/16.1.0/../../../../arm-none-eabi/lib/armv6k/fpu/libg.a(libc_a-mlock.o)
                0x0010d590                __malloc_unlock
 .text._fclose_r
                0x0010d59c      0x148 /opt/devkitpro/devkitARM/lib/gcc/arm-none-eabi/16.1.0/../../../../arm-none-eabi/lib/armv6k/fpu/libg.a(libc_a-fclose.o)
                0x0010d59c                _fclose_r
 .text.putchar  0x0010d6e4       0x24 /opt/devkitpro/devkitARM/lib/gcc/arm-none-eabi/16.1.0/../../../../arm-none-eabi/lib/armv6k/fpu/libg.a(libc_a-putchar.o)
                0x0010d6e4                putchar
 .text.__call_exitprocs
                0x0010d708        0x4 /opt/devkitpro/devkitARM/lib/gcc/arm-none-eabi/16.1.0/../../../../arm-none-eabi/lib/armv6k/fpu/libg.a(libc_a-exit.o)
                0x0010d708                __call_exitprocs
 .text.exit     0x0010d70c       0x30 /opt/devkitpro/devkitARM/lib/gcc/arm-none-eabi/16.1.0/../../../../arm-none-eabi/lib/armv6k/fpu/libg.a(libc_a-exit.o)
                0x0010d70c                exit
 .text.__libc_fini_array
                0x0010d73c       0x3c /opt/devkitpro/devkitARM/lib/gcc/arm-none-eabi/16.1.0/../../../../arm-none-eabi/lib/armv6k/fpu/libg.a(libc_a-fini.o)
                0x0010d73c                __libc_fini_array
 .text.strnlen  0x0010d778       0x3c /opt/devkitpro/devkitARM/lib/gcc/arm-none-eabi/16.1.0/../../../../arm-none-eabi/lib/armv6k/fpu/libg.a(libc_a-strnlen.o)
                0x0010d778                strnlen
 .text.strncmp  0x0010d7b4       0xd8 /opt/devkitpro/devkitARM/lib/gcc/arm-none-eabi/16.1.0/../../../../arm-none-eabi/lib/armv6k/fpu/libg.a(libc_a-strncmp.o)
                0x0010d7b4                strncmp
 .text._fwalk_sglue
                0x0010d88c       0x70 /opt/devkitpro/devkitARM/lib/gcc/arm-none-eabi/16.1.0/../../../../arm-none-eabi/lib/armv6k/fpu/libg.a(libc_a-fwalk.o)
                0x0010d88c                _fwalk_sglue
 .text.get_arg  0x0010d8fc      0x5e0 /opt/devkitpro/devkitARM/lib/gcc/arm-none-eabi/16.1.0/../../../../arm-none-eabi/lib/armv6k/fpu/libg.a(libc_a-vfprintf.o)
 *fill*         0x0010dedc        0x4 
 .text._vfprintf_r
                0x0010dee0     0x3554 /opt/devkitpro/devkitARM/lib/gcc/arm-none-eabi/16.1.0/../../../../arm-none-eabi/lib/armv6k/fpu/libg.a(libc_a-vfprintf.o)
                0x0010dee0                _vfprintf_r
 .text.__sbprintf
                0x00111434       0xb4 /opt/devkitpro/devkitARM/lib/gcc/arm-none-eabi/16.1.0/../../../../arm-none-eabi/lib/armv6k/fpu/libg.a(libc_a-vfprintf.o)
 .text._wcrtomb_r
                0x001114e8       0xa0 /opt/devkitpro/devkitARM/lib/gcc/arm-none-eabi/16.1.0/../../../../arm-none-eabi/lib/armv6k/fpu/libg.a(libc_a-wcrtomb.o)
                0x001114e8                _wcrtomb_r
 .text.__sfvwrite_r
                0x00111588      0x4a4 /opt/devkitpro/devkitARM/lib/gcc/arm-none-eabi/16.1.0/../../../../arm-none-eabi/lib/armv6k/fpu/libg.a(libc_a-fvwrite.o)
                0x00111588                __sfvwrite_r
 .text.__smakebuf_r
                0x00111a2c      0x164 /opt/devkitpro/devkitARM/lib/gcc/arm-none-eabi/16.1.0/../../../../arm-none-eabi/lib/armv6k/fpu/libg.a(libc_a-makebuf.o)
                0x00111a2c                __smakebuf_r
 .text.__swhatbuf_r
                0x00111b90       0x90 /opt/devkitpro/devkitARM/lib/gcc/arm-none-eabi/16.1.0/../../../../arm-none-eabi/lib/armv6k/fpu/libg.a(libc_a-makebuf.o)
                0x00111b90                __swhatbuf_r
 .text.__locale_mb_cur_max
                0x00111c20       0x24 /opt/devkitpro/devkitARM/lib/gcc/arm-none-eabi/16.1.0/../../../../arm-none-eabi/lib/armv6k/fpu/libg.a(libc_a-locale.o)
                0x00111c20                __locale_mb_cur_max
 .text.__sprint_r
                0x00111c44       0x30 /opt/devkitpro/devkitARM/lib/gcc/arm-none-eabi/16.1.0/../../../../arm-none-eabi/lib/armv6k/fpu/libg.a(libc_a-sprint_r.o)
                0x00111c44                __sprint_r
 .text._putc_r  0x00111c74       0xfc /opt/devkitpro/devkitARM/lib/gcc/arm-none-eabi/16.1.0/../../../../arm-none-eabi/lib/armv6k/fpu/libg.a(libc_a-putc.o)
                0x00111c74                _putc_r
 .text.quorem   0x00111d70      0x1c0 /opt/devkitpro/devkitARM/lib/gcc/arm-none-eabi/16.1.0/../../../../arm-none-eabi/lib/armv6k/fpu/libg.a(libc_a-dtoa.o)
 .text._dtoa_r  0x00111f30     0x1420 /opt/devkitpro/devkitARM/lib/gcc/arm-none-eabi/16.1.0/../../../../arm-none-eabi/lib/armv6k/fpu/libg.a(libc_a-dtoa.o)
                0x00111f30                _dtoa_r
 .text.__swbuf_r
                0x00113350      0x124 /opt/devkitpro/devkitARM/lib/gcc/arm-none-eabi/16.1.0/../../../../arm-none-eabi/lib/armv6k/fpu/libg.a(libc_a-wbuf.o)
                0x00113350                __swbuf_r
 .text.memchr   0x00113474       0xe8 /opt/devkitpro/devkitARM/lib/gcc/arm-none-eabi/16.1.0/../../../../arm-none-eabi/lib/armv6k/fpu/libg.a(libc_a-memchr-stub.o)
                0x00113474                memchr
 .text._wcsrtombs_r
                0x0011355c       0x28 /opt/devkitpro/devkitARM/lib/gcc/arm-none-eabi/16.1.0/../../../../arm-none-eabi/lib/armv6k/fpu/libg.a(libc_a-wcsrtombs.o)
                0x0011355c                _wcsrtombs_r
 .text.__swsetup_r
                0x00113584      0x140 /opt/devkitpro/devkitARM/lib/gcc/arm-none-eabi/16.1.0/../../../../arm-none-eabi/lib/armv6k/fpu/libg.a(libc_a-wsetup.o)
                0x00113584                __swsetup_r
 .text._localeconv_r
                0x001136c4       0x24 /opt/devkitpro/devkitARM/lib/gcc/arm-none-eabi/16.1.0/../../../../arm-none-eabi/lib/armv6k/fpu/libg.a(libc_a-localeconv.o)
                0x001136c4                _localeconv_r
 .text.memmove  0x001136e8      0x1a8 /opt/devkitpro/devkitARM/lib/gcc/arm-none-eabi/16.1.0/../../../../arm-none-eabi/lib/armv6k/fpu/libg.a(libc_a-memmove.o)
                0x001136e8                memmove
 .text._realloc_r
                0x00113890      0x4f0 /opt/devkitpro/devkitARM/lib/gcc/arm-none-eabi/16.1.0/../../../../arm-none-eabi/lib/armv6k/fpu/libg.a(libc_a-reallocr.o)
                0x00113890                _realloc_r
 .text.__utf8_wctomb
                0x00113d80       0xf8 /opt/devkitpro/devkitARM/lib/gcc/arm-none-eabi/16.1.0/../../../../arm-none-eabi/lib/armv6k/fpu/libg.a(libc_a-wctomb_r.o)
                0x00113d80                __utf8_wctomb
 .text._wcsnrtombs_l
                0x00113e78      0x15c /opt/devkitpro/devkitARM/lib/gcc/arm-none-eabi/16.1.0/../../../../arm-none-eabi/lib/armv6k/fpu/libg.a(libc_a-wcsnrtombs.o)
                0x00113e78                _wcsnrtombs_l
 .text._wcsnrtombs_r
                0x00113fd4       0x64 /opt/devkitpro/devkitARM/lib/gcc/arm-none-eabi/16.1.0/../../../../arm-none-eabi/lib/armv6k/fpu/libg.a(libc_a-wcsnrtombs.o)
                0x00113fd4                _wcsnrtombs_r
 .text.frexp    0x00114038       0x88 /opt/devkitpro/devkitARM/lib/gcc/arm-none-eabi/16.1.0/../../../../arm-none-eabi/lib/armv6k/fpu/libg.a(libm_a-s_frexp.o)
                0x00114038                frexp
 .text.__assert_func
                0x001140c0       0x5c /opt/devkitpro/devkitARM/lib/gcc/arm-none-eabi/16.1.0/../../../../arm-none-eabi/lib/armv6k/fpu/libg.a(libc_a-assert.o)
                0x001140c0                __assert_func
 .text._Balloc  0x0011411c       0x88 /opt/devkitpro/devkitARM/lib/gcc/arm-none-eabi/16.1.0/../../../../arm-none-eabi/lib/armv6k/fpu/libg.a(libc_a-mprec.o)
                0x0011411c                _Balloc
 .text._Bfree   0x001141a4       0x1c /opt/devkitpro/devkitARM/lib/gcc/arm-none-eabi/16.1.0/../../../../arm-none-eabi/lib/armv6k/fpu/libg.a(libc_a-mprec.o)
                0x001141a4                _Bfree
 .text.__multadd
                0x001141c0       0xf4 /opt/devkitpro/devkitARM/lib/gcc/arm-none-eabi/16.1.0/../../../../arm-none-eabi/lib/armv6k/fpu/libg.a(libc_a-mprec.o)
                0x001141c0                __multadd
 .text.__hi0bits
                0x001142b4       0x80 /opt/devkitpro/devkitARM/lib/gcc/arm-none-eabi/16.1.0/../../../../arm-none-eabi/lib/armv6k/fpu/libg.a(libc_a-mprec.o)
                0x001142b4                __hi0bits
 .text.__lo0bits
                0x00114334       0xf0 /opt/devkitpro/devkitARM/lib/gcc/arm-none-eabi/16.1.0/../../../../arm-none-eabi/lib/armv6k/fpu/libg.a(libc_a-mprec.o)
                0x00114334                __lo0bits
 .text.__i2b    0x00114424       0xa4 /opt/devkitpro/devkitARM/lib/gcc/arm-none-eabi/16.1.0/../../../../arm-none-eabi/lib/armv6k/fpu/libg.a(libc_a-mprec.o)
                0x00114424                __i2b
 .text.__multiply
                0x001144c8      0x230 /opt/devkitpro/devkitARM/lib/gcc/arm-none-eabi/16.1.0/../../../../arm-none-eabi/lib/armv6k/fpu/libg.a(libc_a-mprec.o)
                0x001144c8                __multiply
 .text.__pow5mult
                0x001146f8      0x130 /opt/devkitpro/devkitARM/lib/gcc/arm-none-eabi/16.1.0/../../../../arm-none-eabi/lib/armv6k/fpu/libg.a(libc_a-mprec.o)
                0x001146f8                __pow5mult
 .text.__lshift
                0x00114828      0x138 /opt/devkitpro/devkitARM/lib/gcc/arm-none-eabi/16.1.0/../../../../arm-none-eabi/lib/armv6k/fpu/libg.a(libc_a-mprec.o)
                0x00114828                __lshift
 .text.__mcmp   0x00114960       0x58 /opt/devkitpro/devkitARM/lib/gcc/arm-none-eabi/16.1.0/../../../../arm-none-eabi/lib/armv6k/fpu/libg.a(libc_a-mprec.o)
                0x00114960                __mcmp
 .text.__mdiff  0x001149b8      0x218 /opt/devkitpro/devkitARM/lib/gcc/arm-none-eabi/16.1.0/../../../../arm-none-eabi/lib/armv6k/fpu/libg.a(libc_a-mprec.o)
                0x001149b8                __mdiff
 .text.__d2b    0x00114bd0      0x120 /opt/devkitpro/devkitARM/lib/gcc/arm-none-eabi/16.1.0/../../../../arm-none-eabi/lib/armv6k/fpu/libg.a(libc_a-mprec.o)
                0x00114bd0                __d2b
 .text.__utf8_mbtowc
                0x00114cf0      0x340 /opt/devkitpro/devkitARM/lib/gcc/arm-none-eabi/16.1.0/../../../../arm-none-eabi/lib/armv6k/fpu/libg.a(libc_a-mbtowc_r.o)
                0x00114cf0                __utf8_mbtowc
 .text.fiprintf
                0x00115030       0x3c /opt/devkitpro/devkitARM/lib/gcc/arm-none-eabi/16.1.0/../../../../arm-none-eabi/lib/armv6k/fpu/libg.a(libc_a-fiprintf.o)
                0x00115030                fiprintf
 .text.strchr   0x0011506c      0x140 /opt/devkitpro/devkitARM/lib/gcc/arm-none-eabi/16.1.0/../../../../arm-none-eabi/lib/armv6k/fpu/libg.a(libc_a-strchr.o)
                0x0011506c                strchr
 .text.abort    0x001151ac       0x14 /opt/devkitpro/devkitARM/lib/gcc/arm-none-eabi/16.1.0/../../../../arm-none-eabi/lib/armv6k/fpu/libg.a(libc_a-abort.o)
                0x001151ac                abort
 .text._calloc_r
                0x001151c0       0xd8 /opt/devkitpro/devkitARM/lib/gcc/arm-none-eabi/16.1.0/../../../../arm-none-eabi/lib/armv6k/fpu/libg.a(libc_a-callocr.o)
                0x001151c0                _calloc_r
 .text.get_arg  0x00115298      0x5e0 /opt/devkitpro/devkitARM/lib/gcc/arm-none-eabi/16.1.0/../../../../arm-none-eabi/lib/armv6k/fpu/libg.a(libc_a-vfiprintf.o)
 .text._vfiprintf_r
                0x00115878     0x22f8 /opt/devkitpro/devkitARM/lib/gcc/arm-none-eabi/16.1.0/../../../../arm-none-eabi/lib/armv6k/fpu/libg.a(libc_a-vfiprintf.o)
                0x00115878                _vfiprintf_r
 .text.__sbprintf
                0x00117b70       0xb4 /opt/devkitpro/devkitARM/lib/gcc/arm-none-eabi/16.1.0/../../../../arm-none-eabi/lib/armv6k/fpu/libg.a(libc_a-vfiprintf.o)
 .text._raise_r
                0x00117c24       0x9c /opt/devkitpro/devkitARM/lib/gcc/arm-none-eabi/16.1.0/../../../../arm-none-eabi/lib/armv6k/fpu/libg.a(libc_a-signal.o)
                0x00117c24                _raise_r
 .text.raise    0x00117cc0       0x20 /opt/devkitpro/devkitARM/lib/gcc/arm-none-eabi/16.1.0/../../../../arm-none-eabi/lib/armv6k/fpu/libg.a(libc_a-signal.o)
                0x00117cc0                raise
 .text._exit    0x00117ce0       0x20 /opt/devkitpro/devkitARM/lib/gcc/arm-none-eabi/16.1.0/../../../../arm-none-eabi/lib/armv6k/fpu/libsysbase.a(libsysbase_libsysbase_a-_exit.o)
                0x00117ce0                _exit
 .text.chdir    0x00117d00      0x140 /opt/devkitpro/devkitARM/lib/gcc/arm-none-eabi/16.1.0/../../../../arm-none-eabi/lib/armv6k/fpu/libsysbase.a(libsysbase_libsysbase_a-chdir.o)
                0x00117d00                chdir
 .text._concatenate_path
                0x00117e40      0x1c8 /opt/devkitpro/devkitARM/lib/gcc/arm-none-eabi/16.1.0/../../../../arm-none-eabi/lib/armv6k/fpu/libsysbase.a(libsysbase_libsysbase_a-concatenate.o)
                0x00117e40                _concatenate_path
 .text._fstat_r
                0x00118008       0x9c /opt/devkitpro/devkitARM/lib/gcc/arm-none-eabi/16.1.0/../../../../arm-none-eabi/lib/armv6k/fpu/libsysbase.a(libsysbase_libsysbase_a-fstat.o)
                0x00118008                _fstat_r
 .text._getpid_r
                0x001180a4       0x14 /opt/devkitpro/devkitARM/lib/gcc/arm-none-eabi/16.1.0/../../../../arm-none-eabi/lib/armv6k/fpu/libsysbase.a(libsysbase_libsysbase_a-getpid.o)
                0x001180a4                _getpid_r
 .text.__getreent
                0x001180b8       0x2c /opt/devkitpro/devkitARM/lib/gcc/arm-none-eabi/16.1.0/../../../../arm-none-eabi/lib/armv6k/fpu/libsysbase.a(libsysbase_libsysbase_a-getreent.o)
                0x001180b8                __getreent
 .text.__get_handle
                0x001180e4       0x58 /opt/devkitpro/devkitARM/lib/gcc/arm-none-eabi/16.1.0/../../../../arm-none-eabi/lib/armv6k/fpu/libsysbase.a(libsysbase_libsysbase_a-handle_manager.o)
                0x001180e4                __get_handle
 .text._close_r
                0x0011813c      0x110 /opt/devkitpro/devkitARM/lib/gcc/arm-none-eabi/16.1.0/../../../../arm-none-eabi/lib/armv6k/fpu/libsysbase.a(libsysbase_libsysbase_a-handle_manager.o)
                0x0011813c                _close_r
 .text.null_write
                0x0011824c        0x8 /opt/devkitpro/devkitARM/lib/gcc/arm-none-eabi/16.1.0/../../../../arm-none-eabi/lib/armv6k/fpu/libsysbase.a(libsysbase_libsysbase_a-iosupport.o)
 .text.setDefaultDevice
                0x00118254       0x18 /opt/devkitpro/devkitARM/lib/gcc/arm-none-eabi/16.1.0/../../../../arm-none-eabi/lib/armv6k/fpu/libsysbase.a(libsysbase_libsysbase_a-iosupport.o)
                0x00118254                setDefaultDevice
 .text.FindDevice
                0x0011826c       0x98 /opt/devkitpro/devkitARM/lib/gcc/arm-none-eabi/16.1.0/../../../../arm-none-eabi/lib/armv6k/fpu/libsysbase.a(libsysbase_libsysbase_a-iosupport.o)
                0x0011826c                FindDevice
 .text.RemoveDevice
                0x00118304       0x24 /opt/devkitpro/devkitARM/lib/gcc/arm-none-eabi/16.1.0/../../../../arm-none-eabi/lib/armv6k/fpu/libsysbase.a(libsysbase_libsysbase_a-iosupport.o)
                0x00118304                RemoveDevice
 .text.AddDevice
                0x00118328       0x88 /opt/devkitpro/devkitARM/lib/gcc/arm-none-eabi/16.1.0/../../../../arm-none-eabi/lib/armv6k/fpu/libsysbase.a(libsysbase_libsysbase_a-iosupport.o)
                0x00118328                AddDevice
 .text.GetDeviceOpTab
                0x001183b0       0x20 /opt/devkitpro/devkitARM/lib/gcc/arm-none-eabi/16.1.0/../../../../arm-none-eabi/lib/armv6k/fpu/libsysbase.a(libsysbase_libsysbase_a-iosupport.o)
                0x001183b0                GetDeviceOpTab
 .text._isatty_r
                0x001183d0        0x8 /opt/devkitpro/devkitARM/lib/gcc/arm-none-eabi/16.1.0/../../../../arm-none-eabi/lib/armv6k/fpu/libsysbase.a(libsysbase_libsysbase_a-isatty.o)
                0x001183d0                _isatty_r
 .text._kill_r  0x001183d8       0x14 /opt/devkitpro/devkitARM/lib/gcc/arm-none-eabi/16.1.0/../../../../arm-none-eabi/lib/armv6k/fpu/libsysbase.a(libsysbase_libsysbase_a-kill.o)
                0x001183d8                _kill_r
 .text._lseek_r
                0x001183ec       0x94 /opt/devkitpro/devkitARM/lib/gcc/arm-none-eabi/16.1.0/../../../../arm-none-eabi/lib/armv6k/fpu/libsysbase.a(libsysbase_libsysbase_a-lseek.o)
                0x001183ec                _lseek_r
 .text._read_r  0x00118480       0x94 /opt/devkitpro/devkitARM/lib/gcc/arm-none-eabi/16.1.0/../../../../arm-none-eabi/lib/armv6k/fpu/libsysbase.a(libsysbase_libsysbase_a-read.o)
                0x00118480                _read_r
 .text._sbrk_r  0x00118514       0x78 /opt/devkitpro/devkitARM/lib/gcc/arm-none-eabi/16.1.0/../../../../arm-none-eabi/lib/armv6k/fpu/libsysbase.a(libsysbase_libsysbase_a-sbrk.o)
                0x00118514                _sbrk_r
 .text.__libc_lock_acquire
                0x0011858c       0x1c /opt/devkitpro/devkitARM/lib/gcc/arm-none-eabi/16.1.0/../../../../arm-none-eabi/lib/armv6k/fpu/libsysbase.a(libsysbase_libsysbase_a-syscall_support.o)
                0x0011858c                __libc_lock_acquire
 .text.__libc_lock_release
                0x001185a8       0x1c /opt/devkitpro/devkitARM/lib/gcc/arm-none-eabi/16.1.0/../../../../arm-none-eabi/lib/armv6k/fpu/libsysbase.a(libsysbase_libsysbase_a-syscall_support.o)
                0x001185a8                __libc_lock_release
 .text.__libc_lock_acquire_recursive
                0x001185c4       0x1c /opt/devkitpro/devkitARM/lib/gcc/arm-none-eabi/16.1.0/../../../../arm-none-eabi/lib/armv6k/fpu/libsysbase.a(libsysbase_libsysbase_a-syscall_support.o)
                0x001185c4                __libc_lock_acquire_recursive
 .text.__libc_lock_release_recursive
                0x001185e0       0x1c /opt/devkitpro/devkitARM/lib/gcc/arm-none-eabi/16.1.0/../../../../arm-none-eabi/lib/armv6k/fpu/libsysbase.a(libsysbase_libsysbase_a-syscall_support.o)
                0x001185e0                __libc_lock_release_recursive
 .text._write_r
                0x001185fc       0x94 /opt/devkitpro/devkitARM/lib/gcc/arm-none-eabi/16.1.0/../../../../arm-none-eabi/lib/armv6k/fpu/libsysbase.a(libsysbase_libsysbase_a-write.o)
                0x001185fc                _write_r
 .text.strrchr  0x00118690       0x48 /opt/devkitpro/devkitARM/lib/gcc/arm-none-eabi/16.1.0/../../../../arm-none-eabi/lib/armv6k/fpu/libg.a(libc_a-strrchr.o)
                0x00118690                strrchr
 *(.glue_7)
 .glue_7        0x001186d8        0x0 linker stubs
 *(.glue_7t)
 .glue_7t       0x001186d8        0x0 linker stubs
 *(.stub)
 *(.gnu.warning)
 *(.gnu.linkonce.t*)
                0x001186d8                        . = ALIGN (0x4)
 *(.fini)
 .fini          0x001186d8        0xc /opt/devkitpro/devkitARM/lib/gcc/arm-none-eabi/16.1.0/armv6k/fpu/crti.o
                0x001186d8                _fini
 .fini          0x001186e4        0xc /opt/devkitpro/devkitARM/lib/gcc/arm-none-eabi/16.1.0/armv6k/fpu/crtn.o
                0x001186f0                        . = ALIGN (0x4)

.vfp11_veneer   0x001186f0        0x0
 .vfp11_veneer  0x001186f0        0x0 linker stubs

.v4_bx          0x001186f0        0x0
 .v4_bx         0x001186f0        0x0 linker stubs

.iplt           0x001186f0        0x0
 .iplt          0x001186f0        0x0 /opt/devkitpro/devkitARM/lib/gcc/arm-none-eabi/16.1.0/../../../../arm-none-eabi/lib/armv6k/fpu/3dsx_crt0.o
                0x00119000                        . = ALIGN (0x1000)

.rodata         0x00119000     0x1708
 *(.rodata)
 .rodata        0x00119000        0xc /opt/devkitpro/libctru/lib/libctru.a(archive_dev.o)
 *(.roda)
 *(.rodata.*)
 .rodata.str1.4
                0x0011900c      0x445 main.o
                                0x20e (size before relaxing)
 .rodata.consolePrintChar
                0x00119451        0x6 /opt/devkitpro/libctru/lib/libctru.a(console.o)
 *fill*         0x00119457        0x1 
 .rodata.con_write
                0x00119458      0x23c /opt/devkitpro/libctru/lib/libctru.a(console.o)
 .rodata.str1.4
                0x00119694        0x0 /opt/devkitpro/libctru/lib/libctru.a(console.o)
                                 0x10 (size before relaxing)
 .rodata.dotab_stdout
                0x00119694       0x80 /opt/devkitpro/libctru/lib/libctru.a(console.o)
 .rodata.grayScale
                0x00119714       0x18 /opt/devkitpro/libctru/lib/libctru.a(console.o)
 .rodata.colorCube
                0x0011972c        0x6 /opt/devkitpro/libctru/lib/libctru.a(console.o)
 *fill*         0x00119732        0x2 
 .rodata.colorTable
                0x00119734       0x30 /opt/devkitpro/libctru/lib/libctru.a(console.o)
 .rodata.aptEventHandler
                0x00119764        0xb /opt/devkitpro/libctru/lib/libctru.a(apt.o)
 .rodata.aptWaitForWakeUp.isra.0
                0x0011976f       0x11 /opt/devkitpro/libctru/lib/libctru.a(apt.o)
 .rodata.morton_y.2
                0x00119780        0x8 /opt/devkitpro/libctru/lib/libctru.a(apt.o)
 .rodata.morton_x.3
                0x00119788        0x8 /opt/devkitpro/libctru/lib/libctru.a(apt.o)
 .rodata.s_sleepWakeEvents.4
                0x00119790        0x8 /opt/devkitpro/libctru/lib/libctru.a(apt.o)
 .rodata.str1.4
                0x00119798        0x0 /opt/devkitpro/libctru/lib/libctru.a(apt.o)
                                 0x16 (size before relaxing)
 .rodata.serviceNameTable.5
                0x00119798        0xc /opt/devkitpro/libctru/lib/libctru.a(apt.o)
 .rodata.gspInit.str1.4
                0x001197a4        0x0 /opt/devkitpro/libctru/lib/libctru.a(gspgpu.o)
                                  0x9 (size before relaxing)
 .rodata.hidInit.str1.4
                0x001197a4        0x0 /opt/devkitpro/libctru/lib/libctru.a(hid.o)
                                 0x15 (size before relaxing)
 .rodata.irrstInit.str1.4
                0x001197a4        0x0 /opt/devkitpro/libctru/lib/libctru.a(irrst.o)
                                  0x7 (size before relaxing)
 .rodata.__system_initArgv.str1.4
                0x001197a4        0x0 /opt/devkitpro/libctru/lib/libctru.a(initArgv.o)
                                  0xa (size before relaxing)
 .rodata.default_font_bin
                0x001197a4      0x800 /opt/devkitpro/libctru/lib/libctru.a(default_font.bin.o)
                0x001197a4                default_font_bin
                0x00119fa4                default_font_bin_end
 .rodata.srvInit.str1.4
                0x00119fa4        0x0 /opt/devkitpro/libctru/lib/libctru.a(srv.o)
                                  0x5 (size before relaxing)
 .rodata.ptmSysmInit.str1.4
                0x00119fa4        0x0 /opt/devkitpro/libctru/lib/libctru.a(ptmsysm.o)
                                  0x9 (size before relaxing)
 .rodata.archive_utf16path.str1.4
                0x00119fa4        0x0 /opt/devkitpro/libctru/lib/libctru.a(archive_dev.o)
                                  0x2 (size before relaxing)
 .rodata._archiveUnmountDeviceStruct.part.0.str1.4
                0x00119fa4        0x0 /opt/devkitpro/libctru/lib/libctru.a(archive_dev.o)
                                  0x2 (size before relaxing)
 .rodata._archiveMountDevice.str1.4
                0x00119fa4        0x0 /opt/devkitpro/libctru/lib/libctru.a(archive_dev.o)
                                  0xc (size before relaxing)
 .rodata.archiveMountSdmc.str1.4
                0x00119fa4        0x0 /opt/devkitpro/libctru/lib/libctru.a(archive_dev.o)
                                  0x5 (size before relaxing)
 .rodata.error_table
                0x00119fa4       0x30 /opt/devkitpro/libctru/lib/libctru.a(archive_dev.o)
 .rodata.str1.4
                0x00119fd4        0x0 /opt/devkitpro/libctru/lib/libctru.a(archive_dev.o)
                                  0x8 (size before relaxing)
 .rodata.archive_devoptab
                0x00119fd4       0x80 /opt/devkitpro/libctru/lib/libctru.a(archive_dev.o)
 .rodata.fsInit.str1.4
                0x0011a054        0x0 /opt/devkitpro/libctru/lib/libctru.a(fs.o)
                                  0x8 (size before relaxing)
 .rodata._puts_r.str1.4
                0x0011a054        0x0 /opt/devkitpro/devkitARM/lib/gcc/arm-none-eabi/16.1.0/../../../../arm-none-eabi/lib/armv6k/fpu/libg.a(libc_a-puts.o)
                                  0x2 (size before relaxing)
 .rodata._ctype_
                0x0011a054      0x101 /opt/devkitpro/devkitARM/lib/gcc/arm-none-eabi/16.1.0/../../../../arm-none-eabi/lib/armv6k/fpu/libg.a(libc_a-ctype_.o)
                0x0011a054                _ctype_
 *fill*         0x0011a155        0x1 
 .rodata.get_arg
                0x0011a156       0x34 /opt/devkitpro/devkitARM/lib/gcc/arm-none-eabi/16.1.0/../../../../arm-none-eabi/lib/armv6k/fpu/libg.a(libc_a-vfprintf.o)
 .rodata._vfprintf_r.str1.1
                0x0011a18a       0x3b /opt/devkitpro/devkitARM/lib/gcc/arm-none-eabi/16.1.0/../../../../arm-none-eabi/lib/armv6k/fpu/libg.a(libc_a-vfprintf.o)
 *fill*         0x0011a1c5        0x1 
 .rodata._vfprintf_r
                0x0011a1c6       0xb6 /opt/devkitpro/devkitARM/lib/gcc/arm-none-eabi/16.1.0/../../../../arm-none-eabi/lib/armv6k/fpu/libg.a(libc_a-vfprintf.o)
 .rodata.zeroes.0
                0x0011a27c       0x10 /opt/devkitpro/devkitARM/lib/gcc/arm-none-eabi/16.1.0/../../../../arm-none-eabi/lib/armv6k/fpu/libg.a(libc_a-vfprintf.o)
 .rodata.blanks.1
                0x0011a28c       0x10 /opt/devkitpro/devkitARM/lib/gcc/arm-none-eabi/16.1.0/../../../../arm-none-eabi/lib/armv6k/fpu/libg.a(libc_a-vfprintf.o)
 .rodata.__action_table
                0x0011a29c       0x6c /opt/devkitpro/devkitARM/lib/gcc/arm-none-eabi/16.1.0/../../../../arm-none-eabi/lib/armv6k/fpu/libg.a(libc_a-svfiprintf.o)
                0x0011a29c                __action_table
 .rodata.__state_table
                0x0011a308       0x6c /opt/devkitpro/devkitARM/lib/gcc/arm-none-eabi/16.1.0/../../../../arm-none-eabi/lib/armv6k/fpu/libg.a(libc_a-svfiprintf.o)
                0x0011a308                __state_table
 .rodata.__chclass
                0x0011a374      0x100 /opt/devkitpro/devkitARM/lib/gcc/arm-none-eabi/16.1.0/../../../../arm-none-eabi/lib/armv6k/fpu/libg.a(libc_a-svfiprintf.o)
                0x0011a374                __chclass
 .rodata.str1.4
                0x0011a474        0x0 /opt/devkitpro/devkitARM/lib/gcc/arm-none-eabi/16.1.0/../../../../arm-none-eabi/lib/armv6k/fpu/libg.a(libc_a-locale.o)
                                 0x4c (size before relaxing)
 .rodata._dtoa_r.str1.4
                0x0011a474        0x0 /opt/devkitpro/devkitARM/lib/gcc/arm-none-eabi/16.1.0/../../../../arm-none-eabi/lib/armv6k/fpu/libg.a(libc_a-dtoa.o)
                                 0x9c (size before relaxing)
 .rodata._dtoa_r
                0x0011a474        0x8 /opt/devkitpro/devkitARM/lib/gcc/arm-none-eabi/16.1.0/../../../../arm-none-eabi/lib/armv6k/fpu/libg.a(libc_a-dtoa.o)
 .rodata.__assert_func.str1.4
                0x0011a47c        0x0 /opt/devkitpro/devkitARM/lib/gcc/arm-none-eabi/16.1.0/../../../../arm-none-eabi/lib/armv6k/fpu/libg.a(libc_a-assert.o)
                                 0x43 (size before relaxing)
 .rodata.__multadd.str1.4
                0x0011a47c        0x0 /opt/devkitpro/devkitARM/lib/gcc/arm-none-eabi/16.1.0/../../../../arm-none-eabi/lib/armv6k/fpu/libg.a(libc_a-mprec.o)
                                 0x89 (size before relaxing)
 .rodata.p05.0  0x0011a47c        0xc /opt/devkitpro/devkitARM/lib/gcc/arm-none-eabi/16.1.0/../../../../arm-none-eabi/lib/armv6k/fpu/libg.a(libc_a-mprec.o)
 .rodata.__mprec_bigtens
                0x0011a488       0x28 /opt/devkitpro/devkitARM/lib/gcc/arm-none-eabi/16.1.0/../../../../arm-none-eabi/lib/armv6k/fpu/libg.a(libc_a-mprec.o)
                0x0011a488                __mprec_bigtens
 .rodata.__mprec_tens
                0x0011a4b0       0xc8 /opt/devkitpro/devkitARM/lib/gcc/arm-none-eabi/16.1.0/../../../../arm-none-eabi/lib/armv6k/fpu/libg.a(libc_a-mprec.o)
                0x0011a4b0                __mprec_tens
 .rodata.get_arg
                0x0011a578       0x34 /opt/devkitpro/devkitARM/lib/gcc/arm-none-eabi/16.1.0/../../../../arm-none-eabi/lib/armv6k/fpu/libg.a(libc_a-vfiprintf.o)
 .rodata._vfiprintf_r.str1.1
                0x0011a5ac        0x0 /opt/devkitpro/devkitARM/lib/gcc/arm-none-eabi/16.1.0/../../../../arm-none-eabi/lib/armv6k/fpu/libg.a(libc_a-vfiprintf.o)
                                 0x29 (size before relaxing)
 .rodata._vfiprintf_r
                0x0011a5ac       0xb6 /opt/devkitpro/devkitARM/lib/gcc/arm-none-eabi/16.1.0/../../../../arm-none-eabi/lib/armv6k/fpu/libg.a(libc_a-vfiprintf.o)
 *fill*         0x0011a662        0x2 
 .rodata.zeroes.0
                0x0011a664       0x10 /opt/devkitpro/devkitARM/lib/gcc/arm-none-eabi/16.1.0/../../../../arm-none-eabi/lib/armv6k/fpu/libg.a(libc_a-vfiprintf.o)
 .rodata.blanks.1
                0x0011a674       0x10 /opt/devkitpro/devkitARM/lib/gcc/arm-none-eabi/16.1.0/../../../../arm-none-eabi/lib/armv6k/fpu/libg.a(libc_a-vfiprintf.o)
 .rodata.str1.4
                0x0011a684        0x0 /opt/devkitpro/devkitARM/lib/gcc/arm-none-eabi/16.1.0/../../../../arm-none-eabi/lib/armv6k/fpu/libsysbase.a(libsysbase_libsysbase_a-iosupport.o)
                                  0x8 (size before relaxing)
 .rodata.dotab_stdnull
                0x0011a684       0x80 /opt/devkitpro/devkitARM/lib/gcc/arm-none-eabi/16.1.0/../../../../arm-none-eabi/lib/armv6k/fpu/libsysbase.a(libsysbase_libsysbase_a-iosupport.o)
                0x0011a684                dotab_stdnull
 *all.rodata*(*)
 *(.gnu.linkonce.r*)
                0x0011a704                        . = ALIGN (0x4)
                0x0011a704                        __tdata_align = .
                0x0011a704        0x4 LONG 0x4 ALIGNOF (.tdata)
                0x0011a708                        . = ALIGN (0x4)

.eh_frame       0x0011a708        0x0
 .eh_frame      0x0011a708        0x0 /opt/devkitpro/devkitARM/lib/gcc/arm-none-eabi/16.1.0/armv6k/fpu/crtbegin.o

.rel.dyn        0x0011a708        0x0
 .rel.iplt      0x0011a708        0x0 /opt/devkitpro/devkitARM/lib/gcc/arm-none-eabi/16.1.0/../../../../arm-none-eabi/lib/armv6k/fpu/3dsx_crt0.o
 .rel.got       0x0011a708        0x0 /opt/devkitpro/devkitARM/lib/gcc/arm-none-eabi/16.1.0/../../../../arm-none-eabi/lib/armv6k/fpu/3dsx_crt0.o

.ARM.extab
 *(.ARM.extab* .gnu.linkonce.armextab.*)
                0x0011a708                        __exidx_start = .

.ARM.exidx
 *(.ARM.exidx* .gnu.linkonce.armexidx.*)
                0x0011a708                        __exidx_end = .
                0x0011b000                        . = ALIGN (0x1000)

.data           0x0011b000     0x1d8c
 *(.data)
 *(.data.*)
 .data.firstConsoleInit.0
                0x0011b000        0x1 /opt/devkitpro/libctru/lib/libctru.a(console.o)
 *fill*         0x0011b001        0x3 
 .data.currentConsole
                0x0011b004        0x4 /opt/devkitpro/libctru/lib/libctru.a(console.o)
                0x0011b004                currentConsole
 .data.defaultConsole
                0x0011b008       0x48 /opt/devkitpro/libctru/lib/libctru.a(console.o)
                0x0011b008                defaultConsole
 .data.aptChainloadDeliverArgSize
                0x0011b050        0x4 /opt/devkitpro/libctru/lib/libctru.a(apt.o)
 .data.kCount   0x0011b054        0x4 /opt/devkitpro/libctru/lib/libctru.a(hid.o)
 .data.kInterval
                0x0011b058        0x4 /opt/devkitpro/libctru/lib/libctru.a(hid.o)
 .data.kDelay   0x0011b05c        0x4 /opt/devkitpro/libctru/lib/libctru.a(hid.o)
 .data.__stacksize__
                0x0011b060        0x4 /opt/devkitpro/libctru/lib/libctru.a(stack_adjust.o)
                0x0011b060                __stacksize__
 .data._impure_ptr
                0x0011b064        0x4 /opt/devkitpro/devkitARM/lib/gcc/arm-none-eabi/16.1.0/../../../../arm-none-eabi/lib/armv6k/fpu/libg.a(libc_a-impure.o)
                0x0011b064                _impure_ptr
 .data._impure_data
                0x0011b068      0x200 /opt/devkitpro/devkitARM/lib/gcc/arm-none-eabi/16.1.0/../../../../arm-none-eabi/lib/armv6k/fpu/libg.a(libc_a-impure.o)
                0x0011b068                _impure_data
 .data.__malloc_sbrk_base
                0x0011b268        0x4 /opt/devkitpro/devkitARM/lib/gcc/arm-none-eabi/16.1.0/../../../../arm-none-eabi/lib/armv6k/fpu/libg.a(libc_a-mallocr.o)
                0x0011b268                __malloc_sbrk_base
 .data.__malloc_trim_threshold
                0x0011b26c        0x4 /opt/devkitpro/devkitARM/lib/gcc/arm-none-eabi/16.1.0/../../../../arm-none-eabi/lib/armv6k/fpu/libg.a(libc_a-mallocr.o)
                0x0011b26c                __malloc_trim_threshold
 .data.__malloc_av_
                0x0011b270      0x408 /opt/devkitpro/devkitARM/lib/gcc/arm-none-eabi/16.1.0/../../../../arm-none-eabi/lib/armv6k/fpu/libg.a(libc_a-mallocr.o)
                0x0011b270                __malloc_av_
 .data.__sglue  0x0011b678        0xc /opt/devkitpro/devkitARM/lib/gcc/arm-none-eabi/16.1.0/../../../../arm-none-eabi/lib/armv6k/fpu/libg.a(libc_a-findfp.o)
                0x0011b678                __sglue
 .data.__global_locale
                0x0011b684      0x254 /opt/devkitpro/devkitARM/lib/gcc/arm-none-eabi/16.1.0/../../../../arm-none-eabi/lib/armv6k/fpu/libg.a(libc_a-locale.o)
                0x0011b684                __global_locale
 .data._current_working_directory
                0x0011b8d8      0x400 /opt/devkitpro/devkitARM/lib/gcc/arm-none-eabi/16.1.0/../../../../arm-none-eabi/lib/armv6k/fpu/libsysbase.a(libsysbase_libsysbase_a-chdir.o)
 .data.handles  0x0011bcd8     0x1000 /opt/devkitpro/devkitARM/lib/gcc/arm-none-eabi/16.1.0/../../../../arm-none-eabi/lib/armv6k/fpu/libsysbase.a(libsysbase_libsysbase_a-handle_manager.o)
 .data.__stderr_handle
                0x0011ccd8        0xc /opt/devkitpro/devkitARM/lib/gcc/arm-none-eabi/16.1.0/../../../../arm-none-eabi/lib/armv6k/fpu/libsysbase.a(libsysbase_libsysbase_a-handle_manager.o)
 .data.__stdout_handle
                0x0011cce4        0xc /opt/devkitpro/devkitARM/lib/gcc/arm-none-eabi/16.1.0/../../../../arm-none-eabi/lib/armv6k/fpu/libsysbase.a(libsysbase_libsysbase_a-handle_manager.o)
 .data.__stdin_handle
                0x0011ccf0        0xc /opt/devkitpro/devkitARM/lib/gcc/arm-none-eabi/16.1.0/../../../../arm-none-eabi/lib/armv6k/fpu/libsysbase.a(libsysbase_libsysbase_a-handle_manager.o)
 .data.devoptab_list
                0x0011ccfc       0x8c /opt/devkitpro/devkitARM/lib/gcc/arm-none-eabi/16.1.0/../../../../arm-none-eabi/lib/armv6k/fpu/libsysbase.a(libsysbase_libsysbase_a-iosupport.o)
                0x0011ccfc                devoptab_list
 .data.defaultDevice
                0x0011cd88        0x4 /opt/devkitpro/devkitARM/lib/gcc/arm-none-eabi/16.1.0/../../../../arm-none-eabi/lib/armv6k/fpu/libsysbase.a(libsysbase_libsysbase_a-iosupport.o)
 *(.gnu.linkonce.d*)
                0x0011cd8c                        . = ALIGN (0x4)

.igot.plt       0x0011cd8c        0x0
 .igot.plt      0x0011cd8c        0x0 /opt/devkitpro/devkitARM/lib/gcc/arm-none-eabi/16.1.0/../../../../arm-none-eabi/lib/armv6k/fpu/3dsx_crt0.o

.got            0x0011cd8c        0x8
 .got           0x0011cd8c        0x8 /opt/devkitpro/devkitARM/lib/gcc/arm-none-eabi/16.1.0/../../../../arm-none-eabi/lib/armv6k/fpu/3dsx_crt0.o

.got.plt        0x0011cd94        0xc
 .got.plt       0x0011cd94        0xc /opt/devkitpro/devkitARM/lib/gcc/arm-none-eabi/16.1.0/../../../../arm-none-eabi/lib/armv6k/fpu/3dsx_crt0.o
                0x0011cd94                _GLOBAL_OFFSET_TABLE_

.tdata          0x0011cda0        0x0
                0x0011cda0                        __tdata_lma = .
 *(.tdata)
 *(.tdata.*)
 *(.gnu.linkonce.td.*)
                0x0011cda0                        . = ALIGN (0x4)
                0x0011cda0                        __tdata_lma_end = .

.tbss           0x0011cda0      0xc08
 *(.tbss)
 *(.tbss.*)
 .tbss.__ctru_dev_utf16_buf
                0x0011cda0      0x802 /opt/devkitpro/libctru/lib/libctru.a(path_buf.o)
                0x0011cda0                __ctru_dev_utf16_buf
 *fill*         0x0011d5a2        0x2 
 .tbss.__ctru_dev_path_buf
                0x0011d5a4      0x401 /opt/devkitpro/libctru/lib/libctru.a(path_buf.o)
                0x0011d5a4                __ctru_dev_path_buf
 *(.gnu.linkonce.tb.*)
 *(.tcommon)
                0x0011d9a8                        . = ALIGN (0x4)
 *fill*         0x0011d9a5        0x3 

.preinit_array  0x0011cda0        0x0
                0x0011cda0                        PROVIDE (__preinit_array_start = .)
 *(.preinit_array)
                0x0011cda0                        PROVIDE (__preinit_array_end = .)

.init_array     0x0011cda0        0x4
                0x0011cda0                        PROVIDE (__init_array_start = .)
 *(SORT_BY_NAME(.init_array.*))
 *(.init_array)
 .init_array    0x0011cda0        0x4 /opt/devkitpro/devkitARM/lib/gcc/arm-none-eabi/16.1.0/armv6k/fpu/crtbegin.o
                0x0011cda4                        PROVIDE (__init_array_end = .)

.fini_array     0x0011cda4        0x4
                0x0011cda4                        PROVIDE (__fini_array_start = .)
 *(.fini_array)
 .fini_array    0x0011cda4        0x4 /opt/devkitpro/devkitARM/lib/gcc/arm-none-eabi/16.1.0/armv6k/fpu/crtbegin.o
 *(SORT_BY_NAME(.fini_array.*))
                0x0011cda8                        PROVIDE (__fini_array_end = .)

.ctors
 *crtbegin.o(.ctors)
 *(EXCLUDE_FILE(*crtend.o) .ctors)
 *(SORT_BY_NAME(.ctors.*))
 *(.ctors)

.dtors
 *crtbegin.o(.dtors)
 *(EXCLUDE_FILE(*crtend.o) .dtors)
 *(SORT_BY_NAME(.dtors.*))
 *(.dtors)
                0x0011cda8                        __bss_start__ = .

.bss            0x0011cda8     0x2e90
 *(.dynbss)
 *(.bss)
 .bss           0x0011cda8       0x64 main.o
 *(.bss.*)
 .bss.completed.1
                0x0011ce0c        0x1 /opt/devkitpro/devkitARM/lib/gcc/arm-none-eabi/16.1.0/armv6k/fpu/crtbegin.o
 *fill*         0x0011ce0d        0x3 
 .bss.object.0  0x0011ce10       0x18 /opt/devkitpro/devkitARM/lib/gcc/arm-none-eabi/16.1.0/armv6k/fpu/crtbegin.o
 .bss.escapeSeq
                0x0011ce28       0x64 /opt/devkitpro/libctru/lib/libctru.a(console.o)
 .bss.currentCopy
                0x0011ce8c       0x48 /opt/devkitpro/libctru/lib/libctru.a(console.o)
                0x0011ce8c                currentCopy
 .bss.screenAlloc
                0x0011ced4        0x4 /opt/devkitpro/libctru/lib/libctru.a(gfx.o)
 .bss.screenFree
                0x0011ced8        0x4 /opt/devkitpro/libctru/lib/libctru.a(gfx.o)
 .bss.gfxIsDoubleBuf
                0x0011cedc        0x2 /opt/devkitpro/libctru/lib/libctru.a(gfx.o)
 *fill*         0x0011cede        0x2 
 .bss.gfxCurBuf
                0x0011cee0        0x2 /opt/devkitpro/libctru/lib/libctru.a(gfx.o)
 .bss.gfxIsVram
                0x0011cee2        0x1 /opt/devkitpro/libctru/lib/libctru.a(gfx.o)
 .bss.gfxTopMode
                0x0011cee3        0x1 /opt/devkitpro/libctru/lib/libctru.a(gfx.o)
 .bss.gfxFramebufferFormats
                0x0011cee4        0x2 /opt/devkitpro/libctru/lib/libctru.a(gfx.o)
 *fill*         0x0011cee6        0x2 
 .bss.gfxBottomFramebufferMaxSize
                0x0011cee8        0x4 /opt/devkitpro/libctru/lib/libctru.a(gfx.o)
 .bss.gfxTopFramebufferMaxSize
                0x0011ceec        0x4 /opt/devkitpro/libctru/lib/libctru.a(gfx.o)
 .bss.gfxBottomFramebuffers
                0x0011cef0        0x8 /opt/devkitpro/libctru/lib/libctru.a(gfx.o)
 .bss.gfxTopFramebuffers
                0x0011cef8        0x8 /opt/devkitpro/libctru/lib/libctru.a(gfx.o)
 .bss.flagValue.0
                0x0011cf00        0x1 /opt/devkitpro/libctru/lib/libctru.a(apt.o)
 .bss.flagInit.1
                0x0011cf01        0x1 /opt/devkitpro/libctru/lib/libctru.a(apt.o)
 *fill*         0x0011cf02        0x2 
 .bss.serviceName.6
                0x0011cf04        0x4 /opt/devkitpro/libctru/lib/libctru.a(apt.o)
 .bss.aptChainloadFlags
                0x0011cf08        0x1 /opt/devkitpro/libctru/lib/libctru.a(apt.o)
 .bss.aptChainloadMediatype
                0x0011cf09        0x1 /opt/devkitpro/libctru/lib/libctru.a(apt.o)
 *fill*         0x0011cf0a        0x2 
 .bss.aptChainloadHmac
                0x0011cf0c       0x20 /opt/devkitpro/libctru/lib/libctru.a(apt.o)
 .bss.aptChainloadDeliverArg
                0x0011cf2c      0x300 /opt/devkitpro/libctru/lib/libctru.a(apt.o)
 *fill*         0x0011d22c        0x4 
 .bss.aptChainloadTid
                0x0011d230        0x8 /opt/devkitpro/libctru/lib/libctru.a(apt.o)
 .bss.aptParameters
                0x0011d238     0x1000 /opt/devkitpro/libctru/lib/libctru.a(apt.o)
 .bss.aptFlags  0x0011e238        0x4 /opt/devkitpro/libctru/lib/libctru.a(apt.o)
 .bss.aptHomeButtonState
                0x0011e23c        0x1 /opt/devkitpro/libctru/lib/libctru.a(apt.o)
 *fill*         0x0011e23d        0x3 
 .bss.aptMessageFuncData
                0x0011e240        0x4 /opt/devkitpro/libctru/lib/libctru.a(apt.o)
 .bss.aptMessageFunc
                0x0011e244        0x4 /opt/devkitpro/libctru/lib/libctru.a(apt.o)
 .bss.aptFirstHook
                0x0011e248        0xc /opt/devkitpro/libctru/lib/libctru.a(apt.o)
 .bss.aptEventHandlerThreadQuit
                0x0011e254        0x1 /opt/devkitpro/libctru/lib/libctru.a(apt.o)
 *fill*         0x0011e255        0x3 
 .bss.aptEventHandlerThread
                0x0011e258        0x4 /opt/devkitpro/libctru/lib/libctru.a(apt.o)
 .bss.aptSleepEvent
                0x0011e25c        0x8 /opt/devkitpro/libctru/lib/libctru.a(apt.o)
 .bss.aptReceiveEvent
                0x0011e264        0x8 /opt/devkitpro/libctru/lib/libctru.a(apt.o)
 .bss.aptEvents
                0x0011e26c        0x8 /opt/devkitpro/libctru/lib/libctru.a(apt.o)
 .bss.aptLockHandle
                0x0011e274        0x4 /opt/devkitpro/libctru/lib/libctru.a(apt.o)
 .bss.aptRefCount
                0x0011e278        0x4 /opt/devkitpro/libctru/lib/libctru.a(apt.o)
 .bss.gspEventCbOneShot
                0x0011e27c        0x7 /opt/devkitpro/libctru/lib/libctru.a(gspgpu.o)
 *fill*         0x0011e283        0x1 
 .bss.gspEventCbData
                0x0011e284       0x1c /opt/devkitpro/libctru/lib/libctru.a(gspgpu.o)
 .bss.gspEventCb
                0x0011e2a0       0x1c /opt/devkitpro/libctru/lib/libctru.a(gspgpu.o)
 .bss.gspEvents
                0x0011e2bc       0x38 /opt/devkitpro/libctru/lib/libctru.a(gspgpu.o)
 .bss.gspLastEvent
                0x0011e2f4        0x4 /opt/devkitpro/libctru/lib/libctru.a(gspgpu.o)
 .bss.gspRunEvents
                0x0011e2f8        0x1 /opt/devkitpro/libctru/lib/libctru.a(gspgpu.o)
 *fill*         0x0011e2f9        0x3 
 .bss.gspEventThread
                0x0011e2fc        0x4 /opt/devkitpro/libctru/lib/libctru.a(gspgpu.o)
 .bss.gspEvent  0x0011e300        0x4 /opt/devkitpro/libctru/lib/libctru.a(gspgpu.o)
 .bss.gspGpuRight
                0x0011e304        0x1 /opt/devkitpro/libctru/lib/libctru.a(gspgpu.o)
 .bss.gspThreadId
                0x0011e305        0x1 /opt/devkitpro/libctru/lib/libctru.a(gspgpu.o)
 *fill*         0x0011e306        0x2 
 .bss.gspSharedMem
                0x0011e308        0x4 /opt/devkitpro/libctru/lib/libctru.a(gspgpu.o)
 .bss.gspSharedMemHandle
                0x0011e30c        0x4 /opt/devkitpro/libctru/lib/libctru.a(gspgpu.o)
 .bss.gspRefCount
                0x0011e310        0x4 /opt/devkitpro/libctru/lib/libctru.a(gspgpu.o)
 .bss.gspGpuHandle
                0x0011e314        0x4 /opt/devkitpro/libctru/lib/libctru.a(gspgpu.o)
 .bss.usingIrrst
                0x0011e318        0x1 /opt/devkitpro/libctru/lib/libctru.a(hid.o)
 *fill*         0x0011e319        0x3 
 .bss.hidRefCount
                0x0011e31c        0x4 /opt/devkitpro/libctru/lib/libctru.a(hid.o)
 .bss.gRate     0x0011e320        0x6 /opt/devkitpro/libctru/lib/libctru.a(hid.o)
 *fill*         0x0011e326        0x2 
 .bss.aVec      0x0011e328        0x6 /opt/devkitpro/libctru/lib/libctru.a(hid.o)
 *fill*         0x0011e32e        0x2 
 .bss.cPos      0x0011e330        0x4 /opt/devkitpro/libctru/lib/libctru.a(hid.o)
 .bss.tPos      0x0011e334        0x4 /opt/devkitpro/libctru/lib/libctru.a(hid.o)
 .bss.kRepeat   0x0011e338        0x4 /opt/devkitpro/libctru/lib/libctru.a(hid.o)
 .bss.kUp       0x0011e33c        0x4 /opt/devkitpro/libctru/lib/libctru.a(hid.o)
 .bss.kDown     0x0011e340        0x4 /opt/devkitpro/libctru/lib/libctru.a(hid.o)
 .bss.kHeld     0x0011e344        0x4 /opt/devkitpro/libctru/lib/libctru.a(hid.o)
 .bss.kOld      0x0011e348        0x4 /opt/devkitpro/libctru/lib/libctru.a(hid.o)
 .bss.hidSharedMem
                0x0011e34c        0x4 /opt/devkitpro/libctru/lib/libctru.a(hid.o)
                0x0011e34c                hidSharedMem
 .bss.hidEvents
                0x0011e350       0x14 /opt/devkitpro/libctru/lib/libctru.a(hid.o)
                0x0011e350                hidEvents
 .bss.hidMemHandle
                0x0011e364        0x4 /opt/devkitpro/libctru/lib/libctru.a(hid.o)
                0x0011e364                hidMemHandle
 .bss.hidHandle
                0x0011e368        0x4 /opt/devkitpro/libctru/lib/libctru.a(hid.o)
                0x0011e368                hidHandle
 .bss.irrstRefCount
                0x0011e36c        0x4 /opt/devkitpro/libctru/lib/libctru.a(irrst.o)
 .bss.csPos     0x0011e370        0x4 /opt/devkitpro/libctru/lib/libctru.a(irrst.o)
 .bss.kHeld     0x0011e374        0x4 /opt/devkitpro/libctru/lib/libctru.a(irrst.o)
 .bss.irrstSharedMem
                0x0011e378        0x4 /opt/devkitpro/libctru/lib/libctru.a(irrst.o)
                0x0011e378                irrstSharedMem
 .bss.irrstEvent
                0x0011e37c        0x4 /opt/devkitpro/libctru/lib/libctru.a(irrst.o)
                0x0011e37c                irrstEvent
 .bss.irrstMemHandle
                0x0011e380        0x4 /opt/devkitpro/libctru/lib/libctru.a(irrst.o)
                0x0011e380                irrstMemHandle
 .bss.irrstHandle
                0x0011e384        0x4 /opt/devkitpro/libctru/lib/libctru.a(irrst.o)
                0x0011e384                irrstHandle
 .bss.swkbdSharedMemHandle
                0x0011e388        0x4 /opt/devkitpro/libctru/lib/libctru.a(swkbd.o)
 .bss.swkbdSharedMem
                0x0011e38c        0x4 /opt/devkitpro/libctru/lib/libctru.a(swkbd.o)
 .bss.__system_retAddr
                0x0011e390        0x4 /opt/devkitpro/libctru/lib/libctru.a(ctru_init.o)
                0x0011e390                __system_retAddr
 .bss.__system_argv
                0x0011e394        0x4 /opt/devkitpro/libctru/lib/libctru.a(initArgv.o)
                0x0011e394                __system_argv
 .bss.__system_argc
                0x0011e398        0x4 /opt/devkitpro/libctru/lib/libctru.a(initArgv.o)
                0x0011e398                __system_argc
 .bss.saved_stack.42
                0x0011e39c        0x8 /opt/devkitpro/libctru/lib/libctru.a(stack_adjust.o)
 *fill*         0x0011e3a4        0x4 
 .bss._ZL11sLinearPool
                0x0011e3a8        0x8 /opt/devkitpro/libctru/lib/libctru.a(linear.o)
 .bss._ZL8sAddrMap
                0x0011e3b0        0xc /opt/devkitpro/libctru/lib/libctru.a(linear.o)
 *fill*         0x0011e3bc        0x4 
 .bss._ZL10sVramPoolB
                0x0011e3c0        0x8 /opt/devkitpro/libctru/lib/libctru.a(vram.o)
 .bss._ZL10sVramPoolA
                0x0011e3c8        0x8 /opt/devkitpro/libctru/lib/libctru.a(vram.o)
 .bss._ZL8sAddrMap
                0x0011e3d0        0xc /opt/devkitpro/libctru/lib/libctru.a(vram.o)
 .bss.__3dslink_host
                0x0011e3dc        0x4 /opt/devkitpro/libctru/lib/libctru.a(3dslink.o)
                0x0011e3dc                __3dslink_host
 .bss.__ctru_speedup
                0x0011e3e0        0x1 /opt/devkitpro/libctru/lib/libctru.a(os.o)
                0x0011e3e0                __ctru_speedup
 *fill*         0x0011e3e1        0x3 
 .bss.srvRefCount
                0x0011e3e4        0x4 /opt/devkitpro/libctru/lib/libctru.a(srv.o)
 .bss.srvHandle
                0x0011e3e8        0x4 /opt/devkitpro/libctru/lib/libctru.a(srv.o)
 .bss.arbiter   0x0011e3ec        0x4 /opt/devkitpro/libctru/lib/libctru.a(synchronization.o)
 .bss.currentAddr
                0x0011e3f0        0x4 /opt/devkitpro/libctru/lib/libctru.a(mappable.o)
 .bss.maxAddr   0x0011e3f4        0x4 /opt/devkitpro/libctru/lib/libctru.a(mappable.o)
 .bss.minAddr   0x0011e3f8        0x4 /opt/devkitpro/libctru/lib/libctru.a(mappable.o)
 .bss.ptmSysmRefCount
                0x0011e3fc        0x4 /opt/devkitpro/libctru/lib/libctru.a(ptmsysm.o)
 .bss.ptmSysmHandle
                0x0011e400        0x4 /opt/devkitpro/libctru/lib/libctru.a(ptmsysm.o)
 .bss.srvPmHandle
                0x0011e404        0x4 /opt/devkitpro/libctru/lib/libctru.a(srvpm.o)
 .bss.__ctru_linear_heap_size