Archive member included to satisfy reference by file (symbol)

/opt/devkitpro/libctru/lib/libctru.a(console.o)
                              main.o (consoleInit)
/opt/devkitpro/libctru/lib/libctru.a(gfx.o)
                              /opt/devkitpro/libctru/lib/libctru.a(console.o) (gfxIsWide)
/opt/devkitpro/libctru/lib/libctru.a(apt.o)
                              main.o (aptMainLoop)
/opt/devkitpro/libctru/lib/libctru.a(gspgpu.o)
                              /opt/devkitpro/libctru/lib/libctru.a(gfx.o) (gspInit)
/opt/devkitpro/libctru/lib/libctru.a(hid.o)
                              main.o (hidScanInput)
/opt/devkitpro/libctru/lib/libctru.a(irrst.o)
                              /opt/devkitpro/libctru/lib/libctru.a(hid.o) (irrstInit)
/opt/devkitpro/libctru/lib/libctru.a(qtmc.o)
                              main.o (qtmcInit)
/opt/devkitpro/libctru/lib/libctru.a(ctru_init.o)
                              /opt/devkitpro/libctru/lib/libctru.a(apt.o) (__system_retAddr)
/opt/devkitpro/libctru/lib/libctru.a(initArgv.o)
                              /opt/devkitpro/libctru/lib/libctru.a(ctru_init.o) (__system_initArgv)
/opt/devkitpro/libctru/lib/libctru.a(syscalls.o)
                              /opt/devkitpro/libctru/lib/libctru.a(ctru_init.o) (__system_initSyscalls)
/opt/devkitpro/libctru/lib/libctru.a(svc.o)
                              /opt/devkitpro/libctru/lib/libctru.a(apt.o) (svcSleepThread)
/opt/devkitpro/libctru/lib/libctru.a(stack_adjust.o)
                              /opt/devkitpro/devkitARM/lib/gcc/arm-none-eabi/16.1.0/../../../../arm-none-eabi/lib/armv6k/fpu/3dsx_crt0.o (initSystem)
/opt/devkitpro/libctru/lib/libctru.a(default_font.bin.o)
                              /opt/devkitpro/libctru/lib/libctru.a(console.o) (default_font_bin)
/opt/devkitpro/libctru/lib/libctru.a(linear.o)
                              /opt/devkitpro/libctru/lib/libctru.a(gfx.o) (linearAlloc)
/opt/devkitpro/libctru/lib/libctru.a(mem_pool.o)
                              /opt/devkitpro/libctru/lib/libctru.a(linear.o) (MemPool::Allocate(MemChunk&, unsigned long, int))
/opt/devkitpro/libctru/lib/libctru.a(vram.o)
                              /opt/devkitpro/libctru/lib/libctru.a(gfx.o) (vramAlloc)
/opt/devkitpro/libctru/lib/libctru.a(3dslink.o)
                              /opt/devkitpro/libctru/lib/libctru.a(initArgv.o) (__3dslink_host)
/opt/devkitpro/libctru/lib/libctru.a(env.o)
                              /opt/devkitpro/libctru/lib/libctru.a(irrst.o) (envGetHandle)
/opt/devkitpro/libctru/lib/libctru.a(os.o)
                              /opt/devkitpro/libctru/lib/libctru.a(syscalls.o) (osGetTime)
/opt/devkitpro/libctru/lib/libctru.a(srv.o)
                              /opt/devkitpro/libctru/lib/libctru.a(apt.o) (srvInit)
/opt/devkitpro/libctru/lib/libctru.a(synchronization.o)
                              /opt/devkitpro/libctru/lib/libctru.a(ctru_init.o) (__sync_init)
/opt/devkitpro/libctru/lib/libctru.a(thread.o)
                              /opt/devkitpro/libctru/lib/libctru.a(apt.o) (threadCreate)
/opt/devkitpro/libctru/lib/libctru.a(mappable.o)
                              /opt/devkitpro/libctru/lib/libctru.a(apt.o) (mappableAlloc)
/opt/devkitpro/libctru/lib/libctru.a(ptmsysm.o)
                              /opt/devkitpro/libctru/lib/libctru.a(os.o) (ptmSysmInit)
/opt/devkitpro/libctru/lib/libctru.a(srvpm.o)
                              /opt/devkitpro/libctru/lib/libctru.a(srv.o) (srvPmGetSessionHandle)
/opt/devkitpro/libctru/lib/libctru.a(soc_connect.o)
                              /opt/devkitpro/libctru/lib/libctru.a(3dslink.o) (connect)
/opt/devkitpro/libctru/lib/libctru.a(soc_socket.o)
                              /opt/devkitpro/libctru/lib/libctru.a(3dslink.o) (socket)
/opt/devkitpro/libctru/lib/libctru.a(rbtree_find.o)
                              /opt/devkitpro/libctru/lib/libctru.a(linear.o) (rbtree_find)
/opt/devkitpro/libctru/lib/libctru.a(rbtree_init.o)
                              /opt/devkitpro/libctru/lib/libctru.a(linear.o) (rbtree_init)
/opt/devkitpro/libctru/lib/libctru.a(rbtree_insert.o)
                              /opt/devkitpro/libctru/lib/libctru.a(linear.o) (rbtree_insert)
/opt/devkitpro/libctru/lib/libctru.a(rbtree_remove.o)
                              /opt/devkitpro/libctru/lib/libctru.a(linear.o) (rbtree_remove)
/opt/devkitpro/libctru/lib/libctru.a(rbtree_rotate.o)
                              /opt/devkitpro/libctru/lib/libctru.a(rbtree_insert.o) (rbtree_rotate)
/opt/devkitpro/libctru/lib/libctru.a(allocateHeaps.o)
                              /opt/devkitpro/libctru/lib/libctru.a(ctru_init.o) (__system_allocateHeaps)
/opt/devkitpro/libctru/lib/libctru.a(appExit.o)
                              /opt/devkitpro/libctru/lib/libctru.a(stack_adjust.o) (__appExit)
/opt/devkitpro/libctru/lib/libctru.a(appInit.o)
                              /opt/devkitpro/libctru/lib/libctru.a(stack_adjust.o) (__appInit)
/opt/devkitpro/libctru/lib/libctru.a(ctru_exit.o)
[...]
Memory Configuration

Name             Origin             Length             Attributes
*default*        0x00000000         0xffffffff

Linker script and memory map

                0x00000000                        __sync_synchronize = __sync_synchronize_dmb
                0x00100000                        PROVIDE (__start__ = 0x100000)
                0x00100000                        . = __start__

.text           0x00100000    0x17af0
 *(.crt0)
 .crt0          0x00100000       0x94 /opt/devkitpro/devkitARM/lib/gcc/arm-none-eabi/16.1.0/../../../../arm-none-eabi/lib/armv6k/fpu/3dsx_crt0.o
                0x00100000                _start
                0x00100008                __service_ptr
                0x0010000c                __apt_appid
                0x00100010                __heap_size
                0x00100014                __linear_heap_size
                0x00100018                __system_arglist
                0x0010001c                __system_runflags
 *(.init)
 .init          0x00100094        0xc /opt/devkitpro/devkitARM/lib/gcc/arm-none-eabi/16.1.0/armv6k/fpu/crti.o
                0x00100094                _init
 .init          0x001000a0        0xc /opt/devkitpro/devkitARM/lib/gcc/arm-none-eabi/16.1.0/armv6k/fpu/crtn.o
                0x001000ac                        . = ALIGN (0x4)
 *(.text)
 .text          0x001000ac      0x240 /opt/devkitpro/devkitARM/lib/gcc/arm-none-eabi/16.1.0/armv6k/fpu/libgcc.a(_divsi3.o)
                0x001000ac                __aeabi_idiv
                0x001000ac                __divsi3
                0x001002cc                __aeabi_idivmod
 .text          0x001002ec        0x4 /opt/devkitpro/devkitARM/lib/gcc/arm-none-eabi/16.1.0/armv6k/fpu/libgcc.a(_dvmd_tls.o)
                0x001002ec                __aeabi_ldiv0
                0x001002ec                __aeabi_idiv0
 .text          0x001002f0       0x3c /opt/devkitpro/devkitARM/lib/gcc/arm-none-eabi/16.1.0/armv6k/fpu/libgcc.a(_aeabi_uldivmod.o)
                0x001002f0                __aeabi_uldivmod
 *fill*         0x0010032c       0x14 
 .text          0x00100340      0x390 /opt/devkitpro/devkitARM/lib/gcc/arm-none-eabi/16.1.0/../../../../arm-none-eabi/lib/armv6k/fpu/libg.a(libc_a-strcmp.o)
                0x00100348                strcmp
 .text          0x001006d0      0x20c /opt/devkitpro/devkitARM/lib/gcc/arm-none-eabi/16.1.0/armv6k/fpu/libgcc.a(_udivsi3.o)
                0x001006d0                __udivsi3
                0x001006d0                __aeabi_uidiv
                0x001008bc                __aeabi_uidivmod
 *(.text.*)
 .text.__do_global_dtors_aux
                0x001008dc       0x50 /opt/devkitpro/devkitARM/lib/gcc/arm-none-eabi/16.1.0/armv6k/fpu/crtbegin.o
 .text.frame_dummy
                0x0010092c       0x2c /opt/devkitpro/devkitARM/lib/gcc/arm-none-eabi/16.1.0/armv6k/fpu/crtbegin.o
 .text.startup.main
                0x00100958      0x28c main.o
                0x00100958                main
 .text.consoleDrawChar
                0x00100be4      0x1c8 /opt/devkitpro/libctru/lib/libctru.a(console.o)
                0x00100be4                consoleDrawChar
 .text.consolePrintChar
                0x00100dac      0x170 /opt/devkitpro/libctru/lib/libctru.a(console.o)
                0x00100dac                consolePrintChar
 .text.con_write
                0x00100f1c      0xcc8 /opt/devkitpro/libctru/lib/libctru.a(console.o)
                0x00100f1c                con_write
 .text.newRow   0x00101be4       0xfc /opt/devkitpro/libctru/lib/libctru.a(console.o)
 .text.consoleInit
                0x00101ce0      0x180 /opt/devkitpro/libctru/lib/libctru.a(console.o)
                0x00101ce0                consoleInit
 .text.gfxPresentFramebuffer
                0x00101e60       0xcc /opt/devkitpro/libctru/lib/libctru.a(gfx.o)
 .text.gfxIsWide
                0x00101f2c       0x1c /opt/devkitpro/libctru/lib/libctru.a(gfx.o)
                0x00101f2c                gfxIsWide
 .text.gfxSetScreenFormat
                0x00101f48       0xf8 /opt/devkitpro/libctru/lib/libctru.a(gfx.o)
                0x00101f48                gfxSetScreenFormat
 .text.gfxSetDoubleBuffering
                0x00102040       0x10 /opt/devkitpro/libctru/lib/libctru.a(gfx.o)
                0x00102040                gfxSetDoubleBuffering
 .text.gfxInit  0x00102050       0xd8 /opt/devkitpro/libctru/lib/libctru.a(gfx.o)
                0x00102050                gfxInit
 .text.gfxInitDefault
                0x00102128       0x10 /opt/devkitpro/libctru/lib/libctru.a(gfx.o)
                0x00102128                gfxInitDefault
 .text.gfxExit  0x00102138       0xb8 /opt/devkitpro/libctru/lib/libctru.a(gfx.o)
                0x00102138                gfxExit
 .text.gfxGetFramebuffer
                0x001021f0       0xa0 /opt/devkitpro/libctru/lib/libctru.a(gfx.o)
                0x001021f0                gfxGetFramebuffer
 .text.gfxFlushBuffers
                0x00102290      0x100 /opt/devkitpro/libctru/lib/libctru.a(gfx.o)
                0x00102290                gfxFlushBuffers
 .text.gfxSwapBuffers
                0x00102390       0x50 /opt/devkitpro/libctru/lib/libctru.a(gfx.o)
                0x00102390                gfxSwapBuffers
 .text.gfxSwapBuffersGpu
                0x001023e0       0x50 /opt/devkitpro/libctru/lib/libctru.a(gfx.o)
                0x001023e0                gfxSwapBuffersGpu
 .text.aptConvertScreenForCapture
                0x00102430      0x180 /opt/devkitpro/libctru/lib/libctru.a(apt.o)
 .text.aptDspSleep
                0x001025b0        0x8 /opt/devkitpro/libctru/lib/libctru.a(apt.o)
                0x001025b0                aptDspSleep
 .text.aptDspWakeup
                0x001025b8        0x4 /opt/devkitpro/libctru/lib/libctru.a(apt.o)
                0x001025b8                aptDspWakeup
 .text.aptDspCancel
                0x001025bc        0x4 /opt/devkitpro/libctru/lib/libctru.a(apt.o)
                0x001025bc                aptDspCancel
 .text.aptSendCommand
                0x001025c0      0x138 /opt/devkitpro/libctru/lib/libctru.a(apt.o)
                0x001025c0                aptSendCommand
 .text.aptExitProcess
                0x001026f8       0x44 /opt/devkitpro/libctru/lib/libctru.a(apt.o)
 .text.aptExit  0x0010273c      0x394 /opt/devkitpro/libctru/lib/libctru.a(apt.o)
                0x0010273c                aptExit
 .text.aptHandleSleep
                0x00102ad0       0xd8 /opt/devkitpro/libctru/lib/libctru.a(apt.o)
                0x00102ad0                aptHandleSleep
 .text.APT_SleepIfShellClosed
                0x00102ba8       0x84 /opt/devkitpro/libctru/lib/libctru.a(apt.o)
                0x00102ba8                APT_SleepIfShellClosed
 .text.aptSetSleepAllowed
                0x00102c2c       0x78 /opt/devkitpro/libctru/lib/libctru.a(apt.o)
                0x00102c2c                aptSetSleepAllowed
 .text.APT_UnlockTransition
                0x00102ca4       0x84 /opt/devkitpro/libctru/lib/libctru.a(apt.o)
                0x00102ca4                APT_UnlockTransition
 .text.aptEventHandler
                0x00102d28      0x470 /opt/devkitpro/libctru/lib/libctru.a(apt.o)
 .text.APT_ReceiveParameter
                0x00103198       0xbc /opt/devkitpro/libctru/lib/libctru.a(apt.o)
                0x00103198                APT_ReceiveParameter
 .text.aptReceiveParameter.constprop.0
                0x00103254       0xb0 /opt/devkitpro/libctru/lib/libctru.a(apt.o)
 *fill*         0x00103304        0x4 
 .text.aptScreenTransfer
                0x00103308      0x294 /opt/devkitpro/libctru/lib/libctru.a(apt.o)
 .text.aptWaitForWakeUp.isra.0
                0x0010359c      0x2d0 /opt/devkitpro/libctru/lib/libctru.a(apt.o)
 .text.aptJumpToHomeMenu
                0x0010386c       0xf4 /opt/devkitpro/libctru/lib/libctru.a(apt.o)
                0x0010386c                aptJumpToHomeMenu
 .text.aptMainLoop
                0x00103960       0x58 /opt/devkitpro/libctru/lib/libctru.a(apt.o)
                0x00103960                aptMainLoop
 .text.aptInit  0x001039b8      0x240 /opt/devkitpro/libctru/lib/libctru.a(apt.o)
                0x001039b8                aptInit
 .text.APT_CheckNew3DS
                0x00103bf8       0x90 /opt/devkitpro/libctru/lib/libctru.a(apt.o)
                0x00103bf8                APT_CheckNew3DS
 .text.gspHardwareInit
                0x00103c88      0xc70 /opt/devkitpro/libctru/lib/libctru.a(gspgpu.o)
 .text.gspInit  0x001048f8      0x288 /opt/devkitpro/libctru/lib/libctru.a(gspgpu.o)
                0x001048f8                gspInit
 .text.gspExit  0x00104b80      0x104 /opt/devkitpro/libctru/lib/libctru.a(gspgpu.o)
                0x00104b80                gspExit
 .text.gspHasGpuRight
                0x00104c84       0x10 /opt/devkitpro/libctru/lib/libctru.a(gspgpu.o)
                0x00104c84                gspHasGpuRight
 .text.gspPresentBuffer
                0x00104c94       0xa4 /opt/devkitpro/libctru/lib/libctru.a(gspgpu.o)
                0x00104c94                gspPresentBuffer
 .text.gspWaitForEvent
                0x00104d38       0x50 /opt/devkitpro/libctru/lib/libctru.a(gspgpu.o)
                0x00104d38                gspWaitForEvent
 .text.gxCmdQueueInterrupt
                0x00104d88        0x4 /opt/devkitpro/libctru/lib/libctru.a(gspgpu.o)
                0x00104d88                gxCmdQueueInterrupt
 .text.gspEventThreadMain
                0x00104d8c      0x154 /opt/devkitpro/libctru/lib/libctru.a(gspgpu.o)
 .text.GSPGPU_FlushDataCache
                0x00104ee0       0x50 /opt/devkitpro/libctru/lib/libctru.a(gspgpu.o)
                0x00104ee0                GSPGPU_FlushDataCache
 .text.GSPGPU_SetLcdForceBlack
                0x00104f30       0x34 /opt/devkitpro/libctru/lib/libctru.a(gspgpu.o)
                0x00104f30                GSPGPU_SetLcdForceBlack
 .text.GSPGPU_AcquireRight
                0x00104f64       0x84 /opt/devkitpro/libctru/lib/libctru.a(gspgpu.o)
                0x00104f64                GSPGPU_AcquireRight
 .text.GSPGPU_ReleaseRight
                0x00104fe8       0x64 /opt/devkitpro/libctru/lib/libctru.a(gspgpu.o)
                0x00104fe8                GSPGPU_ReleaseRight
 .text.GSPGPU_ImportDisplayCaptureInfo
                0x0010504c       0x7c /opt/devkitpro/libctru/lib/libctru.a(gspgpu.o)
                0x0010504c                GSPGPU_ImportDisplayCaptureInfo
 .text.GSPGPU_SaveVramSysArea
                0x001050c8       0x2c /opt/devkitpro/libctru/lib/libctru.a(gspgpu.o)
                0x001050c8                GSPGPU_SaveVramSysArea
 .text.GSPGPU_RestoreVramSysArea
                0x001050f4       0x2c /opt/devkitpro/libctru/lib/libctru.a(gspgpu.o)
                0x001050f4                GSPGPU_RestoreVramSysArea
 .text.hidShouldUseIrrst
                0x00105120       0x24 /opt/devkitpro/libctru/lib/libctru.a(hid.o)
                0x00105120                hidShouldUseIrrst
 .text.hidInit  0x00105144      0x1cc /opt/devkitpro/libctru/lib/libctru.a(hid.o)
                0x00105144                hidInit
 .text.hidExit  0x00105310       0xe8 /opt/devkitpro/libctru/lib/libctru.a(hid.o)
                0x00105310                hidExit
 .text.hidScanInput
                0x001053f8      0x2a0 /opt/devkitpro/libctru/lib/libctru.a(hid.o)
                0x001053f8                hidScanInput
 .text.hidKeysHeld
                0x00105698       0x10 /opt/devkitpro/libctru/lib/libctru.a(hid.o)
                0x00105698                hidKeysHeld
 .text.hidKeysDown
                0x001056a8       0x10 /opt/devkitpro/libctru/lib/libctru.a(hid.o)
                0x001056a8                hidKeysDown
 .text.irrstInit
                0x001056b8      0x1a4 /opt/devkitpro/libctru/lib/libctru.a(irrst.o)
                0x001056b8                irrstInit
 .text.irrstExit
                0x0010585c       0xdc /opt/devkitpro/libctru/lib/libctru.a(irrst.o)
                0x0010585c                irrstExit
 .text.irrstScanInput
                0x00105938       0xb4 /opt/devkitpro/libctru/lib/libctru.a(irrst.o)
                0x00105938                irrstScanInput
 .text.irrstKeysHeld
                0x001059ec       0x24 /opt/devkitpro/libctru/lib/libctru.a(irrst.o)
                0x001059ec                irrstKeysHeld
 .text.qtmcInit
                0x00105a10       0x78 /opt/devkitpro/libctru/lib/libctru.a(qtmc.o)
                0x00105a10                qtmcInit
 .text.__libctru_init
                0x00105a88       0x38 /opt/devkitpro/libctru/lib/libctru.a(ctru_init.o)
                0x00105a88                __libctru_init
 .text.__system_initArgv
                0x00105ac0      0x16c /opt/devkitpro/libctru/lib/libctru.a(initArgv.o)
                0x00105ac0                __system_initArgv
 .text.__syscall_getreent
                0x00105c2c       0x30 /opt/devkitpro/libctru/lib/libctru.a(syscalls.o)
                0x00105c2c                __syscall_getreent
 .text.__syscall_lock_acquire
                0x00105c5c        0x4 /opt/devkitpro/libctru/lib/libctru.a(syscalls.o)
                0x00105c5c                __syscall_lock_acquire
 .text.__syscall_lock_release
                0x00105c60        0x4 /opt/devkitpro/libctru/lib/libctru.a(syscalls.o)
                0x00105c60                __syscall_lock_release
 .text.__syscall_lock_acquire_recursive
                0x00105c64        0x4 /opt/devkitpro/libctru/lib/libctru.a(syscalls.o)
                0x00105c64                __syscall_lock_acquire_recursive
 .text.__syscall_lock_release_recursive
                0x00105c68        0x4 /opt/devkitpro/libctru/lib/libctru.a(syscalls.o)
                0x00105c68                __syscall_lock_release_recursive
 .text.__syscall_exit
                0x00105c6c        0x4 /opt/devkitpro/libctru/lib/libctru.a(syscalls.o)
                0x00105c6c                __syscall_exit
 .text.initThreadVars
                0x00105c70       0x54 /opt/devkitpro/libctru/lib/libctru.a(syscalls.o)
                0x00105c70                initThreadVars
 .text.__system_initSyscalls
                0x00105cc4       0x80 /opt/devkitpro/libctru/lib/libctru.a(syscalls.o)
                0x00105cc4                __system_initSyscalls
 .text.svcControlMemory
                0x00105d44       0x20 /opt/devkitpro/libctru/lib/libctru.a(svc.o)
                0x00105d44                svcControlMemory
 .text.svcQueryMemory
                0x00105d64       0x30 /opt/devkitpro/libctru/lib/libctru.a(svc.o)
                0x00105d64                svcQueryMemory
 .text.svcExitProcess
                0x00105d94        0x8 /opt/devkitpro/libctru/lib/libctru.a(svc.o)
                0x00105d94                svcExitProcess
 .text.svcCreateThread
                0x00105d9c       0x20 /opt/devkitpro/libctru/lib/libctru.a(svc.o)
                0x00105d9c                svcCreateThread
 .text.svcExitThread
                0x00105dbc        0x8 /opt/devkitpro/libctru/lib/libctru.a(svc.o)
                0x00105dbc                svcExitThread
 .text.svcSleepThread
                0x00105dc4        0x8 /opt/devkitpro/libctru/lib/libctru.a(svc.o)
                0x00105dc4                svcSleepThread
 .text.svcReleaseMutex
                0x00105dcc        0x8 /opt/devkitpro/libctru/lib/libctru.a(svc.o)
                0x00105dcc                svcReleaseMutex
 .text.svcCreateEvent
                0x00105dd4       0x14 /opt/devkitpro/libctru/lib/libctru.a(svc.o)
                0x00105dd4                svcCreateEvent
 .text.svcSignalEvent
                0x00105de8        0x8 /opt/devkitpro/libctru/lib/libctru.a(svc.o)
                0x00105de8                svcSignalEvent
 .text.svcClearEvent
                0x00105df0        0x8 /opt/devkitpro/libctru/lib/libctru.a(svc.o)
                0x00105df0                svcClearEvent
 .text.svcMapMemoryBlock
                0x00105df8        0x8 /opt/devkitpro/libctru/lib/libctru.a(svc.o)
                0x00105df8                svcMapMemoryBlock
 .text.svcUnmapMemoryBlock
                0x00105e00        0x8 /opt/devkitpro/libctru/lib/libctru.a(svc.o)
                0x00105e00                svcUnmapMemoryBlock
 .text.svcCreateAddressArbiter
                0x00105e08       0x14 /opt/devkitpro/libctru/lib/libctru.a(svc.o)
                0x00105e08                svcCreateAddressArbiter
 .text.svcArbitrateAddressNoTimeout
                0x00105e1c        0x8 /opt/devkitpro/libctru/lib/libctru.a(svc.o)
                0x00105e1c                svcArbitrateAddressNoTimeout
 .text.svcCloseHandle
                0x00105e24        0x8 /opt/devkitpro/libctru/lib/libctru.a(svc.o)
                0x00105e24                svcCloseHandle
 .text.svcWaitSynchronization
                0x00105e2c        0x8 /opt/devkitpro/libctru/lib/libctru.a(svc.o)
                0x00105e2c                svcWaitSynchronization
 .text.svcWaitSynchronizationN
                0x00105e34       0x28 /opt/devkitpro/libctru/lib/libctru.a(svc.o)
                0x00105e34                svcWaitSynchronizationN
 .text.svcDuplicateHandle
                0x00105e5c       0x14 /opt/devkitpro/libctru/lib/libctru.a(svc.o)
                0x00105e5c                svcDuplicateHandle
 .text.svcConnectToPort
                0x00105e70       0x14 /opt/devkitpro/libctru/lib/libctru.a(svc.o)
                0x00105e70                svcConnectToPort
 .text.svcSendSyncRequest
                0x00105e84        0x8 /opt/devkitpro/libctru/lib/libctru.a(svc.o)
                0x00105e84                svcSendSyncRequest
 .text.svcGetResourceLimit
                0x00105e8c       0x14 /opt/devkitpro/libctru/lib/libctru.a(svc.o)
                0x00105e8c                svcGetResourceLimit
 .text.svcGetResourceLimitLimitValues
                0x00105ea0        0x8 /opt/devkitpro/libctru/lib/libctru.a(svc.o)
                0x00105ea0                svcGetResourceLimitLimitValues
 .text.svcGetResourceLimitCurrentValues
                0x00105ea8        0x8 /opt/devkitpro/libctru/lib/libctru.a(svc.o)
                0x00105ea8                svcGetResourceLimitCurrentValues
 .text.svcBreak
                0x00105eb0        0x8 /opt/devkitpro/libctru/lib/libctru.a(svc.o)
                0x00105eb0                svcBreak
 .text.initSystem
                0x00105eb8       0x50 /opt/devkitpro/libctru/lib/libctru.a(stack_adjust.o)
                0x00105eb8                initSystem
 .text.__ctru_exit
                0x00105f08       0x14 /opt/devkitpro/libctru/lib/libctru.a(stack_adjust.o)
                0x00105f08                __ctru_exit
 .text._ZL21addrMapNodeComparatorPK11rbtree_nodeS1_
                0x00105f1c       0x24 /opt/devkitpro/libctru/lib/libctru.a(linear.o)
 .text._ZL21addrMapNodeDestructorP11rbtree_node
                0x00105f40        0x4 /opt/devkitpro/libctru/lib/libctru.a(linear.o)
 .text.linearMemAlign
                0x00105f44      0x12c /opt/devkitpro/libctru/lib/libctru.a(linear.o)
                0x00105f44                linearMemAlign
 .text.linearAlloc
                0x00106070        0x8 /opt/devkitpro/libctru/lib/libctru.a(linear.o)
                0x00106070                linearAlloc
 .text.linearFree
                0x00106078       0x5c /opt/devkitpro/libctru/lib/libctru.a(linear.o)
                0x00106078                linearFree
 .text._ZN7MemPool13CoalesceRightEP8MemBlock
                0x001060d4       0x88 /opt/devkitpro/libctru/lib/libctru.a(mem_pool.o)
                0x001060d4                MemPool::CoalesceRight(MemBlock*)
 .text._ZN7MemPool8AllocateER8MemChunkmi
                0x0010615c      0x178 /opt/devkitpro/libctru/lib/libctru.a(mem_pool.o)
                0x0010615c                MemPool::Allocate(MemChunk&, unsigned long, int)
 .text._ZN7MemPool10DeallocateERK8MemChunk
                0x001062d4      0x118 /opt/devkitpro/libctru/lib/libctru.a(mem_pool.o)
                0x001062d4                MemPool::Deallocate(MemChunk const&)
 .text._ZN7MemPool12GetFreeSpaceEv
                0x001063ec       0x30 /opt/devkitpro/libctru/lib/libctru.a(mem_pool.o)
                0x001063ec                MemPool::GetFreeSpace()
 .text._ZL21addrMapNodeComparatorPK11rbtree_nodeS1_
                0x0010641c       0x24 /opt/devkitpro/libctru/lib/libctru.a(vram.o)
 .text._ZL21addrMapNodeDestructorP11rbtree_node
                0x00106440        0x4 /opt/devkitpro/libctru/lib/libctru.a(vram.o)
 .text.vramMemAlignAt
                0x00106444      0x248 /opt/devkitpro/libctru/lib/libctru.a(vram.o)
                0x00106444                vramMemAlignAt
 .text.vramAlloc
                0x0010668c        0xc /opt/devkitpro/libctru/lib/libctru.a(vram.o)
                0x0010668c                vramAlloc
 .text.vramFree
                0x00106698       0x94 /opt/devkitpro/libctru/lib/libctru.a(vram.o)
                0x00106698                vramFree
 .text.envGetHandle
                0x0010672c       0x8c /opt/devkitpro/libctru/lib/libctru.a(env.o)
                0x0010672c                envGetHandle
 .text.envDestroyHandles
                0x001067b8       0x50 /opt/devkitpro/libctru/lib/libctru.a(env.o)
                0x001067b8                envDestroyHandles
 .text.__ctru_speedup_config
                0x00106808       0x34 /opt/devkitpro/libctru/lib/libctru.a(os.o)
                0x00106808                __ctru_speedup_config
 .text.srvInit  0x0010683c      0x164 /opt/devkitpro/libctru/lib/libctru.a(srv.o)
                0x0010683c                srvInit
 .text.srvExit  0x001069a0       0x64 /opt/devkitpro/libctru/lib/libctru.a(srv.o)
                0x001069a0                srvExit
 .text.srvEnableNotification
                0x00106a04       0x60 /opt/devkitpro/libctru/lib/libctru.a(srv.o)
                0x00106a04                srvEnableNotification
 .text.srvGetServiceHandleDirect
                0x00106a64       0xa0 /opt/devkitpro/libctru/lib/libctru.a(srv.o)
                0x00106a64                srvGetServiceHandleDirect
 .text.srvGetServiceHandle
                0x00106b04       0x48 /opt/devkitpro/libctru/lib/libctru.a(srv.o)
                0x00106b04                srvGetServiceHandle
 .text.srvSubscribe
                0x00106b4c       0x34 /opt/devkitpro/libctru/lib/libctru.a(srv.o)
                0x00106b4c                srvSubscribe
 .text.srvReceiveNotification
                0x00106b80       0x60 /opt/devkitpro/libctru/lib/libctru.a(srv.o)
                0x00106b80                srvReceiveNotification
 .text.srvPublishToSubscriber
                0x00106be0       0x38 /opt/devkitpro/libctru/lib/libctru.a(srv.o)
                0x00106be0                srvPublishToSubscriber
 .text.__sync_init
                0x00106c18        0xc /opt/devkitpro/libctru/lib/libctru.a(synchronization.o)
                0x00106c18                __sync_init
 .text.__sync_fini
                0x00106c24       0x18 /opt/devkitpro/libctru/lib/libctru.a(synchronization.o)
                0x00106c24                __sync_fini
 .text.syncArbitrateAddress
                0x00106c3c       0x28 /opt/devkitpro/libctru/lib/libctru.a(synchronization.o)
                0x00106c3c                syncArbitrateAddress
 .text.LightLock_Lock
                0x00106c64       0xac /opt/devkitpro/libctru/lib/libctru.a(synchronization.o)
                0x00106c64                LightLock_Lock
 .text.LightLock_Unlock
                0x00106d10       0x40 /opt/devkitpro/libctru/lib/libctru.a(synchronization.o)
                0x00106d10                LightLock_Unlock
 .text.RecursiveLock_Lock
                0x00106d50       0x54 /opt/devkitpro/libctru/lib/libctru.a(synchronization.o)
                0x00106d50                RecursiveLock_Lock
 .text.RecursiveLock_Unlock
                0x00106da4       0x54 /opt/devkitpro/libctru/lib/libctru.a(synchronization.o)
                0x00106da4                RecursiveLock_Unlock
 .text.LightEvent_Init
                0x00106df8       0x44 /opt/devkitpro/libctru/lib/libctru.a(synchronization.o)
                0x00106df8                LightEvent_Init
 .text.LightEvent_Clear
                0x00106e3c       0xb8 /opt/devkitpro/libctru/lib/libctru.a(synchronization.o)
                0x00106e3c                LightEvent_Clear
 .text.LightEvent_Signal
                0x00106ef4       0xdc /opt/devkitpro/libctru/lib/libctru.a(synchronization.o)
                0x00106ef4                LightEvent_Signal
 .text.LightEvent_TryWait
                0x00106fd0       0x50 /opt/devkitpro/libctru/lib/libctru.a(synchronization.o)
                0x00106fd0                LightEvent_TryWait
 .text.LightEvent_Wait
                0x00107020       0xac /opt/devkitpro/libctru/lib/libctru.a(synchronization.o)
                0x00107020                LightEvent_Wait
 .text.threadCreate
                0x001070cc      0x1fc /opt/devkitpro/libctru/lib/libctru.a(thread.o)
                0x001070cc                threadCreate
 .text.threadFree
                0x001072c8       0x38 /opt/devkitpro/libctru/lib/libctru.a(thread.o)
                0x001072c8                threadFree
 .text.threadJoin
                0x00107300       0x24 /opt/devkitpro/libctru/lib/libctru.a(thread.o)
                0x00107300                threadJoin
 .text.threadGetCurrent
                0x00107324       0x30 /opt/devkitpro/libctru/lib/libctru.a(thread.o)
                0x00107324                threadGetCurrent
 .text.threadExit
                0x00107354       0x40 /opt/devkitpro/libctru/lib/libctru.a(thread.o)
                0x00107354                threadExit
 .text._thread_begin
                0x00107394       0x20 /opt/devkitpro/libctru/lib/libctru.a(thread.o)
 .text.mappableFindAddressWithin
                0x001073b4       0x90 /opt/devkitpro/libctru/lib/libctru.a(mappable.o)
 .text.mappableInit
                0x00107444       0x28 /opt/devkitpro/libctru/lib/libctru.a(mappable.o)
                0x00107444                mappableInit
 .text.mappableAlloc
                0x0010746c       0x7c /opt/devkitpro/libctru/lib/libctru.a(mappable.o)
                0x0010746c                mappableAlloc
 .text.mappableFree
                0x001074e8        0x4 /opt/devkitpro/libctru/lib/libctru.a(mappable.o)
                0x001074e8                mappableFree
 .text.ptmSysmInit
                0x001074ec       0x78 /opt/devkitpro/libctru/lib/libctru.a(ptmsysm.o)
                0x001074ec                ptmSysmInit
 .text.ptmSysmExit
                0x00107564       0x3c /opt/devkitpro/libctru/lib/libctru.a(ptmsysm.o)
                0x00107564                ptmSysmExit
 .text.PTMSYSM_ConfigureNew3DSCPU
                0x001075a0       0x34 /opt/devkitpro/libctru/lib/libctru.a(ptmsysm.o)
                0x001075a0                PTMSYSM_ConfigureNew3DSCPU
 .text.srvPmGetSessionHandle
                0x001075d4        0xc /opt/devkitpro/libctru/lib/libctru.a(srvpm.o)
                0x001075d4                srvPmGetSessionHandle
 .text.rbtree_find
                0x001075e0       0x74 /opt/devkitpro/libctru/lib/libctru.a(rbtree_find.o)
                0x001075e0                rbtree_find
 .text.rbtree_init
                0x00107654       0x10 /opt/devkitpro/libctru/lib/libctru.a(rbtree_init.o)
                0x00107654                rbtree_init
 .text.do_insert
                0x00107664      0x198 /opt/devkitpro/libctru/lib/libctru.a(rbtree_insert.o)
 .text.rbtree_insert
                0x001077fc        0x8 /opt/devkitpro/libctru/lib/libctru.a(rbtree_insert.o)
                0x001077fc                rbtree_insert
 .text.rbtree_remove
                0x00107804      0x310 /opt/devkitpro/libctru/lib/libctru.a(rbtree_remove.o)
                0x00107804                rbtree_remove
 .text.rbtree_rotate
                0x00107b14       0x90 /opt/devkitpro/libctru/lib/libctru.a(rbtree_rotate.o)
                0x00107b14                rbtree_rotate
 *fill*         0x00107ba4        0x4 
 .text.__system_allocateHeaps
                0x00107ba8      0x1e8 /opt/devkitpro/libctru/lib/libctru.a(allocateHeaps.o)
                0x00107ba8                __system_allocateHeaps
 .text.__appExit
                0x00107d90       0x30 /opt/devkitpro/libctru/lib/libctru.a(appExit.o)
                0x00107d90                __appExit
 .text.__appInit
                0x00107dc0       0x30 /opt/devkitpro/libctru/lib/libctru.a(appInit.o)
                0x00107dc0                __appInit
 .text.__libctru_exit
                0x00107df0       0x90 /opt/devkitpro/libctru/lib/libctru.a(ctru_exit.o)
                0x00107df0                __libctru_exit
 .text.error_cmp
                0x00107e80       0x24 /opt/devkitpro/libctru/lib/libctru.a(archive_dev.o)
 .text.archive_translate_error
                0x00107ea4       0x50 /opt/devkitpro/libctru/lib/libctru.a(archive_dev.o)
 .text.archive_seek
                0x00107ef4       0xc0 /opt/devkitpro/libctru/lib/libctru.a(archive_dev.o)
 .text._archiveInit.part.0
                0x00107fb4       0x78 /opt/devkitpro/libctru/lib/libctru.a(archive_dev.o)
 .text.archiveFindDevice.part.0
                0x0010802c      0x110 /opt/devkitpro/libctru/lib/libctru.a(archive_dev.o)
 .text.archive_utf16path
                0x0010813c      0x298 /opt/devkitpro/libctru/lib/libctru.a(archive_dev.o)
 .text._archiveUnmountDeviceStruct.part.0
                0x001083d4       0x98 /opt/devkitpro/libctru/lib/libctru.a(archive_dev.o)
 .text._archiveMountDevice
                0x0010846c      0x178 /opt/devkitpro/libctru/lib/libctru.a(archive_dev.o)
 .text.archive_diropen
                0x001085e4       0xf8 /opt/devkitpro/libctru/lib/libctru.a(archive_dev.o)
 .text.archive_fstat
                0x001086dc       0xac /opt/devkitpro/libctru/lib/libctru.a(archive_dev.o)
 .text.archive_fsync
                0x00108788       0x74 /opt/devkitpro/libctru/lib/libctru.a(archive_dev.o)
 .text.archive_close
                0x001087fc       0x74 /opt/devkitpro/libctru/lib/libctru.a(archive_dev.o)
 .text.archive_dirclose
                0x00108870       0x78 /opt/devkitpro/libctru/lib/libctru.a(archive_dev.o)
 .text.sdmc_statvfs
                0x001088e8       0xec /opt/devkitpro/libctru/lib/libctru.a(archive_dev.o)
 .text.archive_chdir
                0x001089d4       0xf8 /opt/devkitpro/libctru/lib/libctru.a(archive_dev.o)
 .text.archive_ftruncate
                0x00108acc       0x8c /opt/devkitpro/libctru/lib/libctru.a(archive_dev.o)
 .text.archive_read
                0x00108b58       0xbc /opt/devkitpro/libctru/lib/libctru.a(archive_dev.o)
 .text.archive_unlink
                0x00108c14       0xa8 /opt/devkitpro/libctru/lib/libctru.a(archive_dev.o)
 .text.archive_rmdir
                0x00108cbc       0xc0 /opt/devkitpro/libctru/lib/libctru.a(archive_dev.o)
 .text.archive_mkdir
                0x00108d7c       0xd8 /opt/devkitpro/libctru/lib/libctru.a(archive_dev.o)
 .text.archive_stat
                0x00108e54      0x1a0 /opt/devkitpro/libctru/lib/libctru.a(archive_dev.o)
 .text.archive_dirnext
                0x00108ff4      0x164 /opt/devkitpro/libctru/lib/libctru.a(archive_dev.o)
 .text.archive_write
                0x00109158      0x13c /opt/devkitpro/libctru/lib/libctru.a(archive_dev.o)
 *fill*         0x00109294        0x4 
 .text.archive_open
                0x00109298      0x254 /opt/devkitpro/libctru/lib/libctru.a(archive_dev.o)
 .text.archive_rename
                0x001094ec      0x270 /opt/devkitpro/libctru/lib/libctru.a(archive_dev.o)
 .text.archiveMountSdmc
                0x0010975c      0x1c8 /opt/devkitpro/libctru/lib/libctru.a(archive_dev.o)
                0x0010975c                archiveMountSdmc
 .text.archiveUnmountAll
                0x00109924       0x54 /opt/devkitpro/libctru/lib/libctru.a(archive_dev.o)
                0x00109924                archiveUnmountAll
 .text.fsInit   0x00109978      0x104 /opt/devkitpro/libctru/lib/libctru.a(fs.o)
                0x00109978                fsInit
 .text.fsExit   0x00109a7c       0x3c /opt/devkitpro/libctru/lib/libctru.a(fs.o)
                0x00109a7c                fsExit
 .text.fsExemptFromSession
                0x00109ab8       0x68 /opt/devkitpro/libctru/lib/libctru.a(fs.o)
                0x00109ab8                fsExemptFromSession
 .text.fsUnexemptFromSession
                0x00109b20       0x50 /opt/devkitpro/libctru/lib/libctru.a(fs.o)
                0x00109b20                fsUnexemptFromSession
 .text.FSUSER_OpenFile
                0x00109b70       0xcc /opt/devkitpro/libctru/lib/libctru.a(fs.o)
                0x00109b70                FSUSER_OpenFile
 .text.FSUSER_DeleteFile
                0x00109c3c       0xb8 /opt/devkitpro/libctru/lib/libctru.a(fs.o)
                0x00109c3c                FSUSER_DeleteFile
 .text.FSUSER_RenameFile
                0x00109cf4       0xf4 /opt/devkitpro/libctru/lib/libctru.a(fs.o)
                0x00109cf4                FSUSER_RenameFile
 .text.FSUSER_DeleteDirectory
                0x00109de8       0xb8 /opt/devkitpro/libctru/lib/libctru.a(fs.o)
                0x00109de8                FSUSER_DeleteDirectory
 .text.FSUSER_CreateFile
                0x00109ea0       0xd0 /opt/devkitpro/libctru/lib/libctru.a(fs.o)
                0x00109ea0                FSUSER_CreateFile
 .text.FSUSER_CreateDirectory
                0x00109f70       0xc0 /opt/devkitpro/libctru/lib/libctru.a(fs.o)
                0x00109f70                FSUSER_CreateDirectory
 .text.FSUSER_RenameDirectory
                0x0010a030       0xf4 /opt/devkitpro/libctru/lib/libctru.a(fs.o)
                0x0010a030                FSUSER_RenameDirectory
 .text.FSUSER_OpenDirectory
                0x0010a124       0xb4 /opt/devkitpro/libctru/lib/libctru.a(fs.o)
                0x0010a124                FSUSER_OpenDirectory
 .text.FSUSER_OpenArchive
                0x0010a1d8       0x90 /opt/devkitpro/libctru/lib/libctru.a(fs.o)
                0x0010a1d8                FSUSER_OpenArchive
 .text.FSUSER_CloseArchive
                0x0010a268       0x8c /opt/devkitpro/libctru/lib/libctru.a(fs.o)
                0x0010a268                FSUSER_CloseArchive
 .text.FSUSER_GetSdmcArchiveResource
                0x0010a2f4       0x74 /opt/devkitpro/libctru/lib/libctru.a(fs.o)
                0x0010a2f4                FSUSER_GetSdmcArchiveResource
 .text.FSUSER_IsSdmcWritable
                0x0010a368       0x64 /opt/devkitpro/libctru/lib/libctru.a(fs.o)
                0x0010a368                FSUSER_IsSdmcWritable
 .text.FSFILE_Read
                0x0010a3cc       0x64 /opt/devkitpro/libctru/lib/libctru.a(fs.o)
                0x0010a3cc                FSFILE_Read
 .text.FSFILE_Write
                0x0010a430       0x6c /opt/devkitpro/libctru/lib/libctru.a(fs.o)
                0x0010a430                FSFILE_Write
 .text.FSFILE_GetSize
                0x0010a49c       0x44 /opt/devkitpro/libctru/lib/libctru.a(fs.o)
                0x0010a49c                FSFILE_GetSize
 .text.FSFILE_SetSize
                0x0010a4e0       0x28 /opt/devkitpro/libctru/lib/libctru.a(fs.o)
                0x0010a4e0                FSFILE_SetSize
 .text.FSFILE_Close
                0x0010a508       0x3c /opt/devkitpro/libctru/lib/libctru.a(fs.o)
                0x0010a508                FSFILE_Close
 .text.FSFILE_Flush
                0x0010a544       0x24 /opt/devkitpro/libctru/lib/libctru.a(fs.o)
                0x0010a544                FSFILE_Flush
 .text.FSDIR_Read
                0x0010a568       0x60 /opt/devkitpro/libctru/lib/libctru.a(fs.o)
                0x0010a568                FSDIR_Read
 .text.FSDIR_Close
                0x0010a5c8       0x3c /opt/devkitpro/libctru/lib/libctru.a(fs.o)
                0x0010a5c8                FSDIR_Close
 .text.rbtree_node_next
                0x0010a604       0x60 /opt/devkitpro/libctru/lib/libctru.a(rbtree_iterator.o)
                0x0010a604                rbtree_node_next
 .text.decode_utf8
                0x0010a664      0x140 /opt/devkitpro/libctru/lib/libctru.a(decode_utf8.o)
                0x0010a664                decode_utf8
 .text.utf16_to_utf8
                0x0010a7a4       0xe8 /opt/devkitpro/libctru/lib/libctru.a(utf16_to_utf8.o)
                0x0010a7a4                utf16_to_utf8
 .text.utf8_to_utf16
                0x0010a88c       0xc0 /opt/devkitpro/libctru/lib/libctru.a(utf8_to_utf16.o)
                0x0010a88c                utf8_to_utf16
 .text.__aeabi_read_tp
                0x0010a94c        0xc /opt/devkitpro/libctru/lib/libctru.a(readtp.o)
                0x0010a94c                __aeabi_read_tp
 .text.decode_utf16
                0x0010a958       0x54 /opt/devkitpro/libctru/lib/libctru.a(decode_utf16.o)
                0x0010a958                decode_utf16
 .text.encode_utf16
                0x0010a9ac       0x54 /opt/devkitpro/libctru/lib/libctru.a(encode_utf16.o)
                0x0010a9ac                encode_utf16
 .text.encode_utf8
                0x0010aa00       0xe0 /opt/devkitpro/libctru/lib/libctru.a(encode_utf8.o)
                0x0010aa00                encode_utf8
 .text.__udivmoddi4
                0x0010aae0      0x130 /opt/devkitpro/devkitARM/lib/gcc/arm-none-eabi/16.1.0/armv6k/fpu/libgcc.a(_udivmoddi4.o)
                0x0010aae0                __udivmoddi4
 .text.strncat  0x0010ac10       0xe4 /opt/devkitpro/devkitARM/lib/gcc/arm-none-eabi/16.1.0/../../../../arm-none-eabi/lib/armv6k/fpu/libg.a(libc_a-strncat.o)
                0x0010ac10                strncat
 .text.memcpy   0x0010acf4      0x128 /opt/devkitpro/devkitARM/lib/gcc/arm-none-eabi/16.1.0/../../../../arm-none-eabi/lib/armv6k/fpu/libg.a(libc_a-memcpy-stub.o)
                0x0010acf4                memcpy
 .text.strlen   0x0010ae1c       0x8c /opt/devkitpro/devkitARM/lib/gcc/arm-none-eabi/16.1.0/../../../../arm-none-eabi/lib/armv6k/fpu/libg.a(libc_a-strlen.o)
                0x0010ae1c                strlen
 .text.bsearch  0x0010aea8       0x78 /opt/devkitpro/devkitARM/lib/gcc/arm-none-eabi/16.1.0/../../../../arm-none-eabi/lib/armv6k/fpu/libg.a(libc_a-bsearch.o)
                0x0010aea8                bsearch
 .text.memalign
                0x0010af20       0x28 /opt/devkitpro/devkitARM/lib/gcc/arm-none-eabi/16.1.0/../../../../arm-none-eabi/lib/armv6k/fpu/libg.a(libc_a-malign.o)
                0x0010af20                memalign
 .text.printf   0x0010af48       0x34 /opt/devkitpro/devkitARM/lib/gcc/arm-none-eabi/16.1.0/../../../../arm-none-eabi/lib/armv6k/fpu/libg.a(libc_a-printf.o)
                0x0010af48                printf
 .text._strtoul_l.isra.0
                0x0010af7c      0x1ec /opt/devkitpro/devkitARM/lib/gcc/arm-none-eabi/16.1.0/../../../../arm-none-eabi/lib/armv6k/fpu/libg.a(libc_a-strtoul.o)
 .text.strtoul  0x0010b168       0x3c /opt/devkitpro/devkitARM/lib/gcc/arm-none-eabi/16.1.0/../../../../arm-none-eabi/lib/armv6k/fpu/libg.a(libc_a-strtoul.o)
                0x0010b168                strtoul
 .text._memalign_r
                0x0010b1a4      0x16c /opt/devkitpro/devkitARM/lib/gcc/arm-none-eabi/16.1.0/../../../../arm-none-eabi/lib/armv6k/fpu/libg.a(libc_a-malignr.o)
                0x0010b1a4                _memalign_r
 .text.__errno  0x0010b310        0xc /opt/devkitpro/devkitARM/lib/gcc/arm-none-eabi/16.1.0/../../../../arm-none-eabi/lib/armv6k/fpu/libg.a(libc_a-errno.o)
                0x0010b310                __errno
 .text.memset   0x0010b31c       0xe4 /opt/devkitpro/devkitARM/lib/gcc/arm-none-eabi/16.1.0/../../../../arm-none-eabi/lib/armv6k/fpu/libg.a(libc_a-memset.o)
                0x0010b31c                memset
 .text.__sflush_r
                0x0010b400      0x22c /opt/devkitpro/devkitARM/lib/gcc/arm-none-eabi/16.1.0/../../../../arm-none-eabi/lib/armv6k/fpu/libg.a(libc_a-fflush.o)
                0x0010b400                __sflush_r
 .text._fflush_r
                0x0010b62c       0xc4 /opt/devkitpro/devkitARM/lib/gcc/arm-none-eabi/16.1.0/../../../../arm-none-eabi/lib/armv6k/fpu/libg.a(libc_a-fflush.o)
                0x0010b62c                _fflush_r
 .text._malloc_r
                0x0010b6f0      0x82c /opt/devkitpro/devkitARM/lib/gcc/arm-none-eabi/16.1.0/../../../../arm-none-eabi/lib/armv6k/fpu/libg.a(libc_a-mallocr.o)
                0x0010b6f0                _malloc_r
 .text._malloc_trim_r
                0x0010bf1c      0x114 /opt/devkitpro/devkitARM/lib/gcc/arm-none-eabi/16.1.0/../../../../arm-none-eabi/lib/armv6k/fpu/libg.a(libc_a-freer.o)
                0x0010bf1c                _malloc_trim_r
 .text._free_r  0x0010c030      0x314 /opt/devkitpro/devkitARM/lib/gcc/arm-none-eabi/16.1.0/../../../../arm-none-eabi/lib/armv6k/fpu/libg.a(libc_a-freer.o)
                0x0010c030                _free_r
 .text.setvbuf  0x0010c344      0x294 /opt/devkitpro/devkitARM/lib/gcc/arm-none-eabi/16.1.0/../../../../arm-none-eabi/lib/armv6k/fpu/libg.a(libc_a-setvbuf.o)
                0x0010c344                setvbuf
 .text.stdio_exit_handler
                0x0010c5d8       0x1c /opt/devkitpro/devkitARM/lib/gcc/arm-none-eabi/16.1.0/../../../../arm-none-eabi/lib/armv6k/fpu/libg.a(libc_a-findfp.o)
 .text.cleanup_stdio
                0x0010c5f4       0x5c /opt/devkitpro/devkitARM/lib/gcc/arm-none-eabi/16.1.0/../../../../arm-none-eabi/lib/armv6k/fpu/libg.a(libc_a-findfp.o)
 .text.global_stdio_init.part.0
                0x0010c650      0x154 /opt/devkitpro/devkitARM/lib/gcc/arm-none-eabi/16.1.0/../../../../arm-none-eabi/lib/armv6k/fpu/libg.a(libc_a-findfp.o)
 .text.__sinit  0x0010c7a4       0x5c /opt/devkitpro/devkitARM/lib/gcc/arm-none-eabi/16.1.0/../../../../arm-none-eabi/lib/armv6k/fpu/libg.a(libc_a-findfp.o)
                0x0010c7a4                __sinit
 .text.__sfp_lock_acquire
                0x0010c800        0xc /opt/devkitpro/devkitARM/lib/gcc/arm-none-eabi/16.1.0/../../../../arm-none-eabi/lib/armv6k/fpu/libg.a(libc_a-findfp.o)
                0x0010c800                __sfp_lock_acquire
 .text.__sfp_lock_release
                0x0010c80c        0xc /opt/devkitpro/devkitARM/lib/gcc/arm-none-eabi/16.1.0/../../../../arm-none-eabi/lib/armv6k/fpu/libg.a(libc_a-findfp.o)
                0x0010c80c                __sfp_lock_release
 .text.__libc_init_array
                0x0010c818       0x84 /opt/devkitpro/devkitARM/lib/gcc/arm-none-eabi/16.1.0/../../../../arm-none-eabi/lib/armv6k/fpu/libg.a(libc_a-init.o)
                0x0010c818                __libc_init_array
 .text.strncpy  0x0010c89c       0xd4 /opt/devkitpro/devkitARM/lib/gcc/arm-none-eabi/16.1.0/../../../../arm-none-eabi/lib/armv6k/fpu/libg.a(libc_a-strncpy.o)
                0x0010c89c                strncpy
 .text.malloc   0x0010c970       0x40 /opt/devkitpro/devkitARM/lib/gcc/arm-none-eabi/16.1.0/../../../../arm-none-eabi/lib/armv6k/fpu/libg.a(libc_a-malloc.o)
                0x0010c970                malloc
 .text.free     0x0010c9b0       0x20 /opt/devkitpro/devkitARM/lib/gcc/arm-none-eabi/16.1.0/../../../../arm-none-eabi/lib/armv6k/fpu/libg.a(libc_a-malloc.o)
                0x0010c9b0                free
 .text._puts_r  0x0010c9d0       0xe0 /opt/devkitpro/devkitARM/lib/gcc/arm-none-eabi/16.1.0/../../../../arm-none-eabi/lib/armv6k/fpu/libg.a(libc_a-puts.o)
                0x0010c9d0                _puts_r
 .text.puts     0x0010cab0       0x20 /opt/devkitpro/devkitARM/lib/gcc/arm-none-eabi/16.1.0/../../../../arm-none-eabi/lib/armv6k/fpu/libg.a(libc_a-puts.o)
                0x0010cab0                puts
 .text.__sread  0x0010cad0       0x44 /opt/devkitpro/devkitARM/lib/gcc/arm-none-eabi/16.1.0/../../../../arm-none-eabi/lib/armv6k/fpu/libg.a(libc_a-stdio.o)
                0x0010cad0                __sread
 .text.__swrite
                0x0010cb14       0x68 /opt/devkitpro/devkitARM/lib/gcc/arm-none-eabi/16.1.0/../../../../arm-none-eabi/lib/armv6k/fpu/libg.a(libc_a-stdio.o)
                0x0010cb14                __swrite
 .text.__sseek  0x0010cb7c       0x40 /opt/devkitpro/devkitARM/lib/gcc/arm-none-eabi/16.1.0/../../../../arm-none-eabi/lib/armv6k/fpu/libg.a(libc_a-stdio.o)
                0x0010cb7c                __sseek
 .text.__sclose
                0x0010cbbc        0x8 /opt/devkitpro/devkitARM/lib/gcc/arm-none-eabi/16.1.0/../../../../arm-none-eabi/lib/armv6k/fpu/libg.a(libc_a-stdio.o)
                0x0010cbbc                __sclose
 .text.__malloc_lock
                0x0010cbc4        0xc /opt/devkitpro/devkitARM/lib/gcc/arm-none-eabi/16.1.0/../../../../arm-none-eabi/lib/armv6k/fpu/libg.a(libc_a-mlock.o)
                0x0010cbc4                __malloc_lock
 .text.__malloc_unlock
                0x0010cbd0        0xc /opt/devkitpro/devkitARM/lib/gcc/arm-none-eabi/16.1.0/../../../../arm-none-eabi/lib/armv6k/fpu/libg.a(libc_a-mlock.o)
                0x0010cbd0                __malloc_unlock
 .text._fclose_r
                0x0010cbdc      0x148 /opt/devkitpro/devkitARM/lib/gcc/arm-none-eabi/16.1.0/../../../../arm-none-eabi/lib/armv6k/fpu/libg.a(libc_a-fclose.o)
                0x0010cbdc                _fclose_r
 .text.__call_exitprocs
                0x0010cd24        0x4 /opt/devkitpro/devkitARM/lib/gcc/arm-none-eabi/16.1.0/../../../../arm-none-eabi/lib/armv6k/fpu/libg.a(libc_a-exit.o)
                0x0010cd24                __call_exitprocs
 .text.exit     0x0010cd28       0x30 /opt/devkitpro/devkitARM/lib/gcc/arm-none-eabi/16.1.0/../../../../arm-none-eabi/lib/armv6k/fpu/libg.a(libc_a-exit.o)
                0x0010cd28                exit
 .text.__libc_fini_array
                0x0010cd58       0x3c /opt/devkitpro/devkitARM/lib/gcc/arm-none-eabi/16.1.0/../../../../arm-none-eabi/lib/armv6k/fpu/libg.a(libc_a-fini.o)
                0x0010cd58                __libc_fini_array
 .text.strnlen  0x0010cd94       0x3c /opt/devkitpro/devkitARM/lib/gcc/arm-none-eabi/16.1.0/../../../../arm-none-eabi/lib/armv6k/fpu/libg.a(libc_a-strnlen.o)
                0x0010cd94                strnlen
 .text.strncmp  0x0010cdd0       0xd8 /opt/devkitpro/devkitARM/lib/gcc/arm-none-eabi/16.1.0/../../../../arm-none-eabi/lib/armv6k/fpu/libg.a(libc_a-strncmp.o)
                0x0010cdd0                strncmp
 .text._fwalk_sglue
                0x0010cea8       0x70 /opt/devkitpro/devkitARM/lib/gcc/arm-none-eabi/16.1.0/../../../../arm-none-eabi/lib/armv6k/fpu/libg.a(libc_a-fwalk.o)
                0x0010cea8                _fwalk_sglue
 .text.get_arg  0x0010cf18      0x5e0 /opt/devkitpro/devkitARM/lib/gcc/arm-none-eabi/16.1.0/../../../../arm-none-eabi/lib/armv6k/fpu/libg.a(libc_a-vfprintf.o)
 .text._vfprintf_r
                0x0010d4f8     0x3554 /opt/devkitpro/devkitARM/lib/gcc/arm-none-eabi/16.1.0/../../../../arm-none-eabi/lib/armv6k/fpu/libg.a(libc_a-vfprintf.o)
                0x0010d4f8                _vfprintf_r
 .text.__sbprintf
                0x00110a4c       0xb4 /opt/devkitpro/devkitARM/lib/gcc/arm-none-eabi/16.1.0/../../../../arm-none-eabi/lib/armv6k/fpu/libg.a(libc_a-vfprintf.o)
 .text._wcrtomb_r
                0x00110b00       0xa0 /opt/devkitpro/devkitARM/lib/gcc/arm-none-eabi/16.1.0/../../../../arm-none-eabi/lib/armv6k/fpu/libg.a(libc_a-wcrtomb.o)
                0x00110b00                _wcrtomb_r
 .text.__sfvwrite_r
                0x00110ba0      0x4a4 /opt/devkitpro/devkitARM/lib/gcc/arm-none-eabi/16.1.0/../../../../arm-none-eabi/lib/armv6k/fpu/libg.a(libc_a-fvwrite.o)
                0x00110ba0                __sfvwrite_r
 .text.__smakebuf_r
                0x00111044      0x164 /opt/devkitpro/devkitARM/lib/gcc/arm-none-eabi/16.1.0/../../../../arm-none-eabi/lib/armv6k/fpu/libg.a(libc_a-makebuf.o)
                0x00111044                __smakebuf_r
 .text.__swhatbuf_r
                0x001111a8       0x90 /opt/devkitpro/devkitARM/lib/gcc/arm-none-eabi/16.1.0/../../../../arm-none-eabi/lib/armv6k/fpu/libg.a(libc_a-makebuf.o)
                0x001111a8                __swhatbuf_r
 .text.__locale_mb_cur_max
                0x00111238       0x24 /opt/devkitpro/devkitARM/lib/gcc/arm-none-eabi/16.1.0/../../../../arm-none-eabi/lib/armv6k/fpu/libg.a(libc_a-locale.o)
                0x00111238                __locale_mb_cur_max
 .text.__sprint_r
                0x0011125c       0x30 /opt/devkitpro/devkitARM/lib/gcc/arm-none-eabi/16.1.0/../../../../arm-none-eabi/lib/armv6k/fpu/libg.a(libc_a-sprint_r.o)
                0x0011125c                __sprint_r
 .text.quorem   0x0011128c      0x1c0 /opt/devkitpro/devkitARM/lib/gcc/arm-none-eabi/16.1.0/../../../../arm-none-eabi/lib/armv6k/fpu/libg.a(libc_a-dtoa.o)
 *fill*         0x0011144c        0x4 
 .text._dtoa_r  0x00111450     0x1420 /opt/devkitpro/devkitARM/lib/gcc/arm-none-eabi/16.1.0/../../../../arm-none-eabi/lib/armv6k/fpu/libg.a(libc_a-dtoa.o)
                0x00111450                _dtoa_r
 .text.memchr   0x00112870       0xe8 /opt/devkitpro/devkitARM/lib/gcc/arm-none-eabi/16.1.0/../../../../arm-none-eabi/lib/armv6k/fpu/libg.a(libc_a-memchr-stub.o)
                0x00112870                memchr
 .text._wcsrtombs_r
                0x00112958       0x28 /opt/devkitpro/devkitARM/lib/gcc/arm-none-eabi/16.1.0/../../../../arm-none-eabi/lib/armv6k/fpu/libg.a(libc_a-wcsrtombs.o)
                0x00112958                _wcsrtombs_r
 .text.__swsetup_r
                0x00112980      0x140 /opt/devkitpro/devkitARM/lib/gcc/arm-none-eabi/16.1.0/../../../../arm-none-eabi/lib/armv6k/fpu/libg.a(libc_a-wsetup.o)
                0x00112980                __swsetup_r
 .text._localeconv_r
                0x00112ac0       0x24 /opt/devkitpro/devkitARM/lib/gcc/arm-none-eabi/16.1.0/../../../../arm-none-eabi/lib/armv6k/fpu/libg.a(libc_a-localeconv.o)
                0x00112ac0                _localeconv_r
 .text.memmove  0x00112ae4      0x1a8 /opt/devkitpro/devkitARM/lib/gcc/arm-none-eabi/16.1.0/../../../../arm-none-eabi/lib/armv6k/fpu/libg.a(libc_a-memmove.o)
                0x00112ae4                memmove
 .text._realloc_r
                0x00112c8c      0x4f0 /opt/devkitpro/devkitARM/lib/gcc/arm-none-eabi/16.1.0/../../../../arm-none-eabi/lib/armv6k/fpu/libg.a(libc_a-reallocr.o)
                0x00112c8c                _realloc_r
 .text.__utf8_wctomb
                0x0011317c       0xf8 /opt/devkitpro/devkitARM/lib/gcc/arm-none-eabi/16.1.0/../../../../arm-none-eabi/lib/armv6k/fpu/libg.a(libc_a-wctomb_r.o)
                0x0011317c                __utf8_wctomb
 .text._wcsnrtombs_l
                0x00113274      0x15c /opt/devkitpro/devkitARM/lib/gcc/arm-none-eabi/16.1.0/../../../../arm-none-eabi/lib/armv6k/fpu/libg.a(libc_a-wcsnrtombs.o)
                0x00113274                _wcsnrtombs_l
 .text._wcsnrtombs_r
                0x001133d0       0x64 /opt/devkitpro/devkitARM/lib/gcc/arm-none-eabi/16.1.0/../../../../arm-none-eabi/lib/armv6k/fpu/libg.a(libc_a-wcsnrtombs.o)
                0x001133d0                _wcsnrtombs_r
 *fill*         0x00113434        0x4 
 .text.frexp    0x00113438       0x88 /opt/devkitpro/devkitARM/lib/gcc/arm-none-eabi/16.1.0/../../../../arm-none-eabi/lib/armv6k/fpu/libg.a(libm_a-s_frexp.o)
                0x00113438                frexp
 .text.__assert_func
                0x001134c0       0x5c /opt/devkitpro/devkitARM/lib/gcc/arm-none-eabi/16.1.0/../../../../arm-none-eabi/lib/armv6k/fpu/libg.a(libc_a-assert.o)
                0x001134c0                __assert_func
 .text._Balloc  0x0011351c       0x88 /opt/devkitpro/devkitARM/lib/gcc/arm-none-eabi/16.1.0/../../../../arm-none-eabi/lib/armv6k/fpu/libg.a(libc_a-mprec.o)
                0x0011351c                _Balloc
 .text._Bfree   0x001135a4       0x1c /opt/devkitpro/devkitARM/lib/gcc/arm-none-eabi/16.1.0/../../../../arm-none-eabi/lib/armv6k/fpu/libg.a(libc_a-mprec.o)
                0x001135a4                _Bfree
 .text.__multadd
                0x001135c0       0xf4 /opt/devkitpro/devkitARM/lib/gcc/arm-none-eabi/16.1.0/../../../../arm-none-eabi/lib/armv6k/fpu/libg.a(libc_a-mprec.o)
                0x001135c0                __multadd
 .text.__hi0bits
                0x001136b4       0x80 /opt/devkitpro/devkitARM/lib/gcc/arm-none-eabi/16.1.0/../../../../arm-none-eabi/lib/armv6k/fpu/libg.a(libc_a-mprec.o)
                0x001136b4                __hi0bits
 .text.__lo0bits
                0x00113734       0xf0 /opt/devkitpro/devkitARM/lib/gcc/arm-none-eabi/16.1.0/../../../../arm-none-eabi/lib/armv6k/fpu/libg.a(libc_a-mprec.o)
                0x00113734                __lo0bits
 .text.__i2b    0x00113824       0xa4 /opt/devkitpro/devkitARM/lib/gcc/arm-none-eabi/16.1.0/../../../../arm-none-eabi/lib/armv6k/fpu/libg.a(libc_a-mprec.o)
                0x00113824                __i2b
 .text.__multiply
                0x001138c8      0x230 /opt/devkitpro/devkitARM/lib/gcc/arm-none-eabi/16.1.0/../../../../arm-none-eabi/lib/armv6k/fpu/libg.a(libc_a-mprec.o)
                0x001138c8                __multiply
 .text.__pow5mult
                0x00113af8      0x130 /opt/devkitpro/devkitARM/lib/gcc/arm-none-eabi/16.1.0/../../../../arm-none-eabi/lib/armv6k/fpu/libg.a(libc_a-mprec.o)
                0x00113af8                __pow5mult
 .text.__lshift
                0x00113c28      0x138 /opt/devkitpro/devkitARM/lib/gcc/arm-none-eabi/16.1.0/../../../../arm-none-eabi/lib/armv6k/fpu/libg.a(libc_a-mprec.o)
                0x00113c28                __lshift
 .text.__mcmp   0x00113d60       0x58 /opt/devkitpro/devkitARM/lib/gcc/arm-none-eabi/16.1.0/../../../../arm-none-eabi/lib/armv6k/fpu/libg.a(libc_a-mprec.o)
                0x00113d60                __mcmp
 .text.__mdiff  0x00113db8      0x218 /opt/devkitpro/devkitARM/lib/gcc/arm-none-eabi/16.1.0/../../../../arm-none-eabi/lib/armv6k/fpu/libg.a(libc_a-mprec.o)
                0x00113db8                __mdiff
 .text.__d2b    0x00113fd0      0x120 /opt/devkitpro/devkitARM/lib/gcc/arm-none-eabi/16.1.0/../../../../arm-none-eabi/lib/armv6k/fpu/libg.a(libc_a-mprec.o)
                0x00113fd0                __d2b
 .text.__utf8_mbtowc
                0x001140f0      0x340 /opt/devkitpro/devkitARM/lib/gcc/arm-none-eabi/16.1.0/../../../../arm-none-eabi/lib/armv6k/fpu/libg.a(libc_a-mbtowc_r.o)
                0x001140f0                __utf8_mbtowc
 .text.fiprintf
                0x00114430       0x3c /opt/devkitpro/devkitARM/lib/gcc/arm-none-eabi/16.1.0/../../../../arm-none-eabi/lib/armv6k/fpu/libg.a(libc_a-fiprintf.o)
                0x00114430                fiprintf
 .text.strchr   0x0011446c      0x140 /opt/devkitpro/devkitARM/lib/gcc/arm-none-eabi/16.1.0/../../../../arm-none-eabi/lib/armv6k/fpu/libg.a(libc_a-strchr.o)
                0x0011446c                strchr
 .text.abort    0x001145ac       0x14 /opt/devkitpro/devkitARM/lib/gcc/arm-none-eabi/16.1.0/../../../../arm-none-eabi/lib/armv6k/fpu/libg.a(libc_a-abort.o)
                0x001145ac                abort
 .text._calloc_r
                0x001145c0       0xd8 /opt/devkitpro/devkitARM/lib/gcc/arm-none-eabi/16.1.0/../../../../arm-none-eabi/lib/armv6k/fpu/libg.a(libc_a-callocr.o)
                0x001145c0                _calloc_r
 .text.get_arg  0x00114698      0x5e0 /opt/devkitpro/devkitARM/lib/gcc/arm-none-eabi/16.1.0/../../../../arm-none-eabi/lib/armv6k/fpu/libg.a(libc_a-vfiprintf.o)
 .text._vfiprintf_r
                0x00114c78     0x22f8 /opt/devkitpro/devkitARM/lib/gcc/arm-none-eabi/16.1.0/../../../../arm-none-eabi/lib/armv6k/fpu/libg.a(libc_a-vfiprintf.o)
                0x00114c78                _vfiprintf_r
 .text.__sbprintf
                0x00116f70       0xb4 /opt/devkitpro/devkitARM/lib/gcc/arm-none-eabi/16.1.0/../../../../arm-none-eabi/lib/armv6k/fpu/libg.a(libc_a-vfiprintf.o)
 .text._raise_r
                0x00117024       0x9c /opt/devkitpro/devkitARM/lib/gcc/arm-none-eabi/16.1.0/../../../../arm-none-eabi/lib/armv6k/fpu/libg.a(libc_a-signal.o)
                0x00117024                _raise_r
 .text.raise    0x001170c0       0x20 /opt/devkitpro/devkitARM/lib/gcc/arm-none-eabi/16.1.0/../../../../arm-none-eabi/lib/armv6k/fpu/libg.a(libc_a-signal.o)
                0x001170c0                raise
 .text._exit    0x001170e0       0x20 /opt/devkitpro/devkitARM/lib/gcc/arm-none-eabi/16.1.0/../../../../arm-none-eabi/lib/armv6k/fpu/libsysbase.a(libsysbase_libsysbase_a-_exit.o)
                0x001170e0                _exit
 .text.chdir    0x00117100      0x140 /opt/devkitpro/devkitARM/lib/gcc/arm-none-eabi/16.1.0/../../../../arm-none-eabi/lib/armv6k/fpu/libsysbase.a(libsysbase_libsysbase_a-chdir.o)
                0x00117100                chdir
 .text._concatenate_path
                0x00117240      0x1c8 /opt/devkitpro/devkitARM/lib/gcc/arm-none-eabi/16.1.0/../../../../arm-none-eabi/lib/armv6k/fpu/libsysbase.a(libsysbase_libsysbase_a-concatenate.o)
                0x00117240                _concatenate_path
 .text._fstat_r
                0x00117408       0x9c /opt/devkitpro/devkitARM/lib/gcc/arm-none-eabi/16.1.0/../../../../arm-none-eabi/lib/armv6k/fpu/libsysbase.a(libsysbase_libsysbase_a-fstat.o)
                0x00117408                _fstat_r
 .text._getpid_r
                0x001174a4       0x14 /opt/devkitpro/devkitARM/lib/gcc/arm-none-eabi/16.1.0/../../../../arm-none-eabi/lib/armv6k/fpu/libsysbase.a(libsysbase_libsysbase_a-getpid.o)
                0x001174a4                _getpid_r
 .text.__getreent
                0x001174b8       0x2c /opt/devkitpro/devkitARM/lib/gcc/arm-none-eabi/16.1.0/../../../../arm-none-eabi/lib/armv6k/fpu/libsysbase.a(libsysbase_libsysbase_a-getreent.o)
                0x001174b8                __getreent
 .text.__get_handle
                0x001174e4       0x58 /opt/devkitpro/devkitARM/lib/gcc/arm-none-eabi/16.1.0/../../../../arm-none-eabi/lib/armv6k/fpu/libsysbase.a(libsysbase_libsysbase_a-handle_manager.o)
                0x001174e4                __get_handle
 .text._close_r
                0x0011753c      0x110 /opt/devkitpro/devkitARM/lib/gcc/arm-none-eabi/16.1.0/../../../../arm-none-eabi/lib/armv6k/fpu/libsysbase.a(libsysbase_libsysbase_a-handle_manager.o)
                0x0011753c                _close_r
 .text.null_write
                0x0011764c        0x8 /opt/devkitpro/devkitARM/lib/gcc/arm-none-eabi/16.1.0/../../../../arm-none-eabi/lib/armv6k/fpu/libsysbase.a(libsysbase_libsysbase_a-iosupport.o)
 .text.setDefaultDevice
                0x00117654       0x18 /opt/devkitpro/devkitARM/lib/gcc/arm-none-eabi/16.1.0/../../../../arm-none-eabi/lib/armv6k/fpu/libsysbase.a(libsysbase_libsysbase_a-iosupport.o)
                0x00117654                setDefaultDevice
 .text.FindDevice
                0x0011766c       0x98 /opt/devkitpro/devkitARM/lib/gcc/arm-none-eabi/16.1.0/../../../../arm-none-eabi/lib/armv6k/fpu/libsysbase.a(libsysbase_libsysbase_a-iosupport.o)
                0x0011766c                FindDevice
 .text.RemoveDevice
                0x00117704       0x24 /opt/devkitpro/devkitARM/lib/gcc/arm-none-eabi/16.1.0/../../../../arm-none-eabi/lib/armv6k/fpu/libsysbase.a(libsysbase_libsysbase_a-iosupport.o)
                0x00117704                RemoveDevice
 .text.AddDevice
                0x00117728       0x88 /opt/devkitpro/devkitARM/lib/gcc/arm-none-eabi/16.1.0/../../../../arm-none-eabi/lib/armv6k/fpu/libsysbase.a(libsysbase_libsysbase_a-iosupport.o)
                0x00117728                AddDevice
 .text.GetDeviceOpTab
                0x001177b0       0x20 /opt/devkitpro/devkitARM/lib/gcc/arm-none-eabi/16.1.0/../../../../arm-none-eabi/lib/armv6k/fpu/libsysbase.a(libsysbase_libsysbase_a-iosupport.o)
                0x001177b0                GetDeviceOpTab
 .text._isatty_r
                0x001177d0        0x8 /opt/devkitpro/devkitARM/lib/gcc/arm-none-eabi/16.1.0/../../../../arm-none-eabi/lib/armv6k/fpu/libsysbase.a(libsysbase_libsysbase_a-isatty.o)
                0x001177d0                _isatty_r
 .text._kill_r  0x001177d8       0x14 /opt/devkitpro/devkitARM/lib/gcc/arm-none-eabi/16.1.0/../../../../arm-none-eabi/lib/armv6k/fpu/libsysbase.a(libsysbase_libsysbase_a-kill.o)
                0x001177d8                _kill_r
 .text._lseek_r
                0x001177ec       0x94 /opt/devkitpro/devkitARM/lib/gcc/arm-none-eabi/16.1.0/../../../../arm-none-eabi/lib/armv6k/fpu/libsysbase.a(libsysbase_libsysbase_a-lseek.o)
                0x001177ec                _lseek_r
 .text._read_r  0x00117880       0x94 /opt/devkitpro/devkitARM/lib/gcc/arm-none-eabi/16.1.0/../../../../arm-none-eabi/lib/armv6k/fpu/libsysbase.a(libsysbase_libsysbase_a-read.o)
                0x00117880                _read_r
 .text._sbrk_r  0x00117914       0x78 /opt/devkitpro/devkitARM/lib/gcc/arm-none-eabi/16.1.0/../../../../arm-none-eabi/lib/armv6k/fpu/libsysbase.a(libsysbase_libsysbase_a-sbrk.o)
                0x00117914                _sbrk_r
 .text.__libc_lock_acquire
                0x0011798c       0x1c /opt/devkitpro/devkitARM/lib/gcc/arm-none-eabi/16.1.0/../../../../arm-none-eabi/lib/armv6k/fpu/libsysbase.a(libsysbase_libsysbase_a-syscall_support.o)
                0x0011798c                __libc_lock_acquire
 .text.__libc_lock_release
                0x001179a8       0x1c /opt/devkitpro/devkitARM/lib/gcc/arm-none-eabi/16.1.0/../../../../arm-none-eabi/lib/armv6k/fpu/libsysbase.a(libsysbase_libsysbase_a-syscall_support.o)
                0x001179a8                __libc_lock_release
 .text.__libc_lock_acquire_recursive
                0x001179c4       0x1c /opt/devkitpro/devkitARM/lib/gcc/arm-none-eabi/16.1.0/../../../../arm-none-eabi/lib/armv6k/fpu/libsysbase.a(libsysbase_libsysbase_a-syscall_support.o)
                0x001179c4                __libc_lock_acquire_recursive
 .text.__libc_lock_release_recursive
                0x001179e0       0x1c /opt/devkitpro/devkitARM/lib/gcc/arm-none-eabi/16.1.0/../../../../arm-none-eabi/lib/armv6k/fpu/libsysbase.a(libsysbase_libsysbase_a-syscall_support.o)
                0x001179e0                __libc_lock_release_recursive
 .text._write_r
                0x001179fc       0x94 /opt/devkitpro/devkitARM/lib/gcc/arm-none-eabi/16.1.0/../../../../arm-none-eabi/lib/armv6k/fpu/libsysbase.a(libsysbase_libsysbase_a-write.o)
                0x001179fc                _write_r
 .text.strrchr  0x00117a90       0x48 /opt/devkitpro/devkitARM/lib/gcc/arm-none-eabi/16.1.0/../../../../arm-none-eabi/lib/armv6k/fpu/libg.a(libc_a-strrchr.o)
                0x00117a90                strrchr
 *(.glue_7)
 .glue_7        0x00117ad8        0x0 linker stubs
 *(.glue_7t)
 .glue_7t       0x00117ad8        0x0 linker stubs
 *(.stub)
 *(.gnu.warning)
 *(.gnu.linkonce.t*)
                0x00117ad8                        . = ALIGN (0x4)
 *(.fini)
 .fini          0x00117ad8        0xc /opt/devkitpro/devkitARM/lib/gcc/arm-none-eabi/16.1.0/armv6k/fpu/crti.o
                0x00117ad8                _fini
 .fini          0x00117ae4        0xc /opt/devkitpro/devkitARM/lib/gcc/arm-none-eabi/16.1.0/armv6k/fpu/crtn.o
                0x00117af0                        . = ALIGN (0x4)

.vfp11_veneer   0x00117af0        0x0
 .vfp11_veneer  0x00117af0        0x0 linker stubs

.v4_bx          0x00117af0        0x0
 .v4_bx         0x00117af0        0x0 linker stubs

.iplt           0x00117af0        0x0
 .iplt          0x00117af0        0x0 /opt/devkitpro/devkitARM/lib/gcc/arm-none-eabi/16.1.0/../../../../arm-none-eabi/lib/armv6k/fpu/3dsx_crt0.o
                0x00118000                        . = ALIGN (0x1000)

.rodata         0x00118000     0x1600
 *(.rodata)
 .rodata        0x00118000        0xc /opt/devkitpro/libctru/lib/libctru.a(archive_dev.o)
 *(.roda)
 *(.rodata.*)
 .rodata.str1.4
                0x0011800c      0x33d main.o
                                0x104 (size before relaxing)
 .rodata.consolePrintChar
                0x00118349        0x6 /opt/devkitpro/libctru/lib/libctru.a(console.o)
 *fill*         0x0011834f        0x1 
 .rodata.con_write
                0x00118350      0x23c /opt/devkitpro/libctru/lib/libctru.a(console.o)
 .rodata.str1.4
                0x0011858c        0x0 /opt/devkitpro/libctru/lib/libctru.a(console.o)
                                 0x10 (size before relaxing)
 .rodata.dotab_stdout
                0x0011858c       0x80 /opt/devkitpro/libctru/lib/libctru.a(console.o)
 .rodata.grayScale
                0x0011860c       0x18 /opt/devkitpro/libctru/lib/libctru.a(console.o)
 .rodata.colorCube
                0x00118624        0x6 /opt/devkitpro/libctru/lib/libctru.a(console.o)
 *fill*         0x0011862a        0x2 
 .rodata.colorTable
                0x0011862c       0x30 /opt/devkitpro/libctru/lib/libctru.a(console.o)
 .rodata.aptEventHandler
                0x0011865c        0xb /opt/devkitpro/libctru/lib/libctru.a(apt.o)
 .rodata.aptWaitForWakeUp.isra.0
                0x00118667       0x11 /opt/devkitpro/libctru/lib/libctru.a(apt.o)
 .rodata.morton_y.2
                0x00118678        0x8 /opt/devkitpro/libctru/lib/libctru.a(apt.o)
 .rodata.morton_x.3
                0x00118680        0x8 /opt/devkitpro/libctru/lib/libctru.a(apt.o)
 .rodata.s_sleepWakeEvents.4
                0x00118688        0x8 /opt/devkitpro/libctru/lib/libctru.a(apt.o)
 .rodata.str1.4
                0x00118690        0x0 /opt/devkitpro/libctru/lib/libctru.a(apt.o)
                                 0x16 (size before relaxing)
 .rodata.serviceNameTable.5
                0x00118690        0xc /opt/devkitpro/libctru/lib/libctru.a(apt.o)
 .rodata.gspInit.str1.4
                0x0011869c        0x0 /opt/devkitpro/libctru/lib/libctru.a(gspgpu.o)
                                  0x9 (size before relaxing)
 .rodata.hidInit.str1.4
                0x0011869c        0x0 /opt/devkitpro/libctru/lib/libctru.a(hid.o)
                                 0x15 (size before relaxing)
 .rodata.irrstInit.str1.4
                0x0011869c        0x0 /opt/devkitpro/libctru/lib/libctru.a(irrst.o)
                                  0x7 (size before relaxing)
 .rodata.qtmcInit.str1.4
                0x0011869c        0x0 /opt/devkitpro/libctru/lib/libctru.a(qtmc.o)
                                  0x6 (size before relaxing)
 .rodata.__system_initArgv.str1.4
                0x0011869c        0x0 /opt/devkitpro/libctru/lib/libctru.a(initArgv.o)
                                  0xa (size before relaxing)
 .rodata.default_font_bin
                0x0011869c      0x800 /opt/devkitpro/libctru/lib/libctru.a(default_font.bin.o)
                0x0011869c                default_font_bin
                0x00118e9c                default_font_bin_end
 .rodata.srvInit.str1.4
                0x00118e9c        0x0 /opt/devkitpro/libctru/lib/libctru.a(srv.o)
                                  0x5 (size before relaxing)
 .rodata.ptmSysmInit.str1.4
                0x00118e9c        0x0 /opt/devkitpro/libctru/lib/libctru.a(ptmsysm.o)
                                  0x9 (size before relaxing)
 .rodata.archive_utf16path.str1.4
                0x00118e9c        0x0 /opt/devkitpro/libctru/lib/libctru.a(archive_dev.o)
                                  0x2 (size before relaxing)
 .rodata._archiveUnmountDeviceStruct.part.0.str1.4
                0x00118e9c        0x0 /opt/devkitpro/libctru/lib/libctru.a(archive_dev.o)
                                  0x2 (size before relaxing)
 .rodata._archiveMountDevice.str1.4
                0x00118e9c        0x0 /opt/devkitpro/libctru/lib/libctru.a(archive_dev.o)
                                  0xc (size before relaxing)
 .rodata.archiveMountSdmc.str1.4
                0x00118e9c        0x0 /opt/devkitpro/libctru/lib/libctru.a(archive_dev.o)
                                  0x5 (size before relaxing)
 .rodata.error_table
                0x00118e9c       0x30 /opt/devkitpro/libctru/lib/libctru.a(archive_dev.o)
 .rodata.str1.4
                0x00118ecc        0x0 /opt/devkitpro/libctru/lib/libctru.a(archive_dev.o)
                                  0x8 (size before relaxing)
 .rodata.archive_devoptab
                0x00118ecc       0x80 /opt/devkitpro/libctru/lib/libctru.a(archive_dev.o)
 .rodata.fsInit.str1.4
                0x00118f4c        0x0 /opt/devkitpro/libctru/lib/libctru.a(fs.o)
                                  0x8 (size before relaxing)
 .rodata._puts_r.str1.4
                0x00118f4c        0x0 /opt/devkitpro/devkitARM/lib/gcc/arm-none-eabi/16.1.0/../../../../arm-none-eabi/lib/armv6k/fpu/libg.a(libc_a-puts.o)
                                  0x2 (size before relaxing)
 .rodata._ctype_
                0x00118f4c      0x101 /opt/devkitpro/devkitARM/lib/gcc/arm-none-eabi/16.1.0/../../../../arm-none-eabi/lib/armv6k/fpu/libg.a(libc_a-ctype_.o)
                0x00118f4c                _ctype_
 *fill*         0x0011904d        0x1 
 .rodata.get_arg
                0x0011904e       0x34 /opt/devkitpro/devkitARM/lib/gcc/arm-none-eabi/16.1.0/../../../../arm-none-eabi/lib/armv6k/fpu/libg.a(libc_a-vfprintf.o)
 .rodata._vfprintf_r.str1.1
                0x00119082       0x3b /opt/devkitpro/devkitARM/lib/gcc/arm-none-eabi/16.1.0/../../../../arm-none-eabi/lib/armv6k/fpu/libg.a(libc_a-vfprintf.o)
 *fill*         0x001190bd        0x1 
 .rodata._vfprintf_r
                0x001190be       0xb6 /opt/devkitpro/devkitARM/lib/gcc/arm-none-eabi/16.1.0/../../../../arm-none-eabi/lib/armv6k/fpu/libg.a(libc_a-vfprintf.o)
 .rodata.zeroes.0
                0x00119174       0x10 /opt/devkitpro/devkitARM/lib/gcc/arm-none-eabi/16.1.0/../../../../arm-none-eabi/lib/armv6k/fpu/libg.a(libc_a-vfprintf.o)
 .rodata.blanks.1
                0x00119184       0x10 /opt/devkitpro/devkitARM/lib/gcc/arm-none-eabi/16.1.0/../../../../arm-none-eabi/lib/armv6k/fpu/libg.a(libc_a-vfprintf.o)
 .rodata.__action_table
                0x00119194       0x6c /opt/devkitpro/devkitARM/lib/gcc/arm-none-eabi/16.1.0/../../../../arm-none-eabi/lib/armv6k/fpu/libg.a(libc_a-svfiprintf.o)
                0x00119194                __action_table
 .rodata.__state_table
                0x00119200       0x6c /opt/devkitpro/devkitARM/lib/gcc/arm-none-eabi/16.1.0/../../../../arm-none-eabi/lib/armv6k/fpu/libg.a(libc_a-svfiprintf.o)
                0x00119200                __state_table
 .rodata.__chclass
                0x0011926c      0x100 /opt/devkitpro/devkitARM/lib/gcc/arm-none-eabi/16.1.0/../../../../arm-none-eabi/lib/armv6k/fpu/libg.a(libc_a-svfiprintf.o)
                0x0011926c                __chclass
 .rodata.str1.4
                0x0011936c        0x0 /opt/devkitpro/devkitARM/lib/gcc/arm-none-eabi/16.1.0/../../../../arm-none-eabi/lib/armv6k/fpu/libg.a(libc_a-locale.o)
                                 0x4c (size before relaxing)
 .rodata._dtoa_r.str1.4
                0x0011936c        0x0 /opt/devkitpro/devkitARM/lib/gcc/arm-none-eabi/16.1.0/../../../../arm-none-eabi/lib/armv6k/fpu/libg.a(libc_a-dtoa.o)
                                 0x9c (size before relaxing)
 .rodata._dtoa_r
                0x0011936c        0x8 /opt/devkitpro/devkitARM/lib/gcc/arm-none-eabi/16.1.0/../../../../arm-none-eabi/lib/armv6k/fpu/libg.a(libc_a-dtoa.o)
 .rodata.__assert_func.str1.4
                0x00119374        0x0 /opt/devkitpro/devkitARM/lib/gcc/arm-none-eabi/16.1.0/../../../../arm-none-eabi/lib/armv6k/fpu/libg.a(libc_a-assert.o)
                                 0x43 (size before relaxing)
 .rodata.__multadd.str1.4
                0x00119374        0x0 /opt/devkitpro/devkitARM/lib/gcc/arm-none-eabi/16.1.0/../../../../arm-none-eabi/lib/armv6k/fpu/libg.a(libc_a-mprec.o)
                                 0x89 (size before relaxing)
 .rodata.p05.0  0x00119374        0xc /opt/devkitpro/devkitARM/lib/gcc/arm-none-eabi/16.1.0/../../../../arm-none-eabi/lib/armv6k/fpu/libg.a(libc_a-mprec.o)
 .rodata.__mprec_bigtens
                0x00119380       0x28 /opt/devkitpro/devkitARM/lib/gcc/arm-none-eabi/16.1.0/../../../../arm-none-eabi/lib/armv6k/fpu/libg.a(libc_a-mprec.o)
                0x00119380                __mprec_bigtens
 .rodata.__mprec_tens
                0x001193a8       0xc8 /opt/devkitpro/devkitARM/lib/gcc/arm-none-eabi/16.1.0/../../../../arm-none-eabi/lib/armv6k/fpu/libg.a(libc_a-mprec.o)
                0x001193a8                __mprec_tens
 .rodata.get_arg
                0x00119470       0x34 /opt/devkitpro/devkitARM/lib/gcc/arm-none-eabi/16.1.0/../../../../arm-none-eabi/lib/armv6k/fpu/libg.a(libc_a-vfiprintf.o)
 .rodata._vfiprintf_r.str1.1
                0x001194a4        0x0 /opt/devkitpro/devkitARM/lib/gcc/arm-none-eabi/16.1.0/../../../../arm-none-eabi/lib/armv6k/fpu/libg.a(libc_a-vfiprintf.o)
                                 0x29 (size before relaxing)
 .rodata._vfiprintf_r
                0x001194a4       0xb6 /opt/devkitpro/devkitARM/lib/gcc/arm-none-eabi/16.1.0/../../../../arm-none-eabi/lib/armv6k/fpu/libg.a(libc_a-vfiprintf.o)
 *fill*         0x0011955a        0x2 
 .rodata.zeroes.0
                0x0011955c       0x10 /opt/devkitpro/devkitARM/lib/gcc/arm-none-eabi/16.1.0/../../../../arm-none-eabi/lib/armv6k/fpu/libg.a(libc_a-vfiprintf.o)
 .rodata.blanks.1
                0x0011956c       0x10 /opt/devkitpro/devkitARM/lib/gcc/arm-none-eabi/16.1.0/../../../../arm-none-eabi/lib/armv6k/fpu/libg.a(libc_a-vfiprintf.o)
 .rodata.str1.4
                0x0011957c        0x0 /opt/devkitpro/devkitARM/lib/gcc/arm-none-eabi/16.1.0/../../../../arm-none-eabi/lib/armv6k/fpu/libsysbase.a(libsysbase_libsysbase_a-iosupport.o)
                                  0x8 (size before relaxing)
 .rodata.dotab_stdnull
                0x0011957c       0x80 /opt/devkitpro/devkitARM/lib/gcc/arm-none-eabi/16.1.0/../../../../arm-none-eabi/lib/armv6k/fpu/libsysbase.a(libsysbase_libsysbase_a-iosupport.o)
                0x0011957c                dotab_stdnull
 *all.rodata*(*)
 *(.gnu.linkonce.r*)
                0x001195fc                        . = ALIGN (0x4)
                0x001195fc                        __tdata_align = .
                0x001195fc        0x4 LONG 0x4 ALIGNOF (.tdata)
                0x00119600                        . = ALIGN (0x4)

.eh_frame       0x00119600        0x0
 .eh_frame      0x00119600        0x0 /opt/devkitpro/devkitARM/lib/gcc/arm-none-eabi/16.1.0/armv6k/fpu/crtbegin.o

.rel.dyn        0x00119600        0x0
 .rel.iplt      0x00119600        0x0 /opt/devkitpro/devkitARM/lib/gcc/arm-none-eabi/16.1.0/../../../../arm-none-eabi/lib/armv6k/fpu/3dsx_crt0.o
 .rel.got       0x00119600        0x0 /opt/devkitpro/devkitARM/lib/gcc/arm-none-eabi/16.1.0/../../../../arm-none-eabi/lib/armv6k/fpu/3dsx_crt0.o

.ARM.extab
 *(.ARM.extab* .gnu.linkonce.armextab.*)
                0x00119600                        __exidx_start = .

.ARM.exidx
 *(.ARM.exidx* .gnu.linkonce.armexidx.*)
                0x00119600                        __exidx_end = .
                0x0011a000                        . = ALIGN (0x1000)

.data           0x0011a000     0x1d8c
 *(.data)
 *(.data.*)
 .data.firstConsoleInit.0
                0x0011a000        0x1 /opt/devkitpro/libctru/lib/libctru.a(console.o)
 *fill*         0x0011a001        0x3 
 .data.currentConsole
                0x0011a004        0x4 /opt/devkitpro/libctru/lib/libctru.a(console.o)
                0x0011a004                currentConsole
 .data.defaultConsole
                0x0011a008       0x48 /opt/devkitpro/libctru/lib/libctru.a(console.o)
                0x0011a008                defaultConsole
 .data.aptChainloadDeliverArgSize
                0x0011a050        0x4 /opt/devkitpro/libctru/lib/libctru.a(apt.o)
 .data.kCount   0x0011a054        0x4 /opt/devkitpro/libctru/lib/libctru.a(hid.o)
 .data.kInterval
                0x0011a058        0x4 /opt/devkitpro/libctru/lib/libctru.a(hid.o)
 .data.kDelay   0x0011a05c        0x4 /opt/devkitpro/libctru/lib/libctru.a(hid.o)
 .data.__stacksize__
                0x0011a060        0x4 /opt/devkitpro/libctru/lib/libctru.a(stack_adjust.o)
                0x0011a060                __stacksize__
 .data._impure_ptr
                0x0011a064        0x4 /opt/devkitpro/devkitARM/lib/gcc/arm-none-eabi/16.1.0/../../../../arm-none-eabi/lib/armv6k/fpu/libg.a(libc_a-impure.o)
                0x0011a064                _impure_ptr
 .data._impure_data
                0x0011a068      0x200 /opt/devkitpro/devkitARM/lib/gcc/arm-none-eabi/16.1.0/../../../../arm-none-eabi/lib/armv6k/fpu/libg.a(libc_a-impure.o)
                0x0011a068                _impure_data
 .data.__malloc_sbrk_base
                0x0011a268        0x4 /opt/devkitpro/devkitARM/lib/gcc/arm-none-eabi/16.1.0/../../../../arm-none-eabi/lib/armv6k/fpu/libg.a(libc_a-mallocr.o)
                0x0011a268                __malloc_sbrk_base
 .data.__malloc_trim_threshold
                0x0011a26c        0x4 /opt/devkitpro/devkitARM/lib/gcc/arm-none-eabi/16.1.0/../../../../arm-none-eabi/lib/armv6k/fpu/libg.a(libc_a-mallocr.o)
                0x0011a26c                __malloc_trim_threshold
 .data.__malloc_av_
                0x0011a270      0x408 /opt/devkitpro/devkitARM/lib/gcc/arm-none-eabi/16.1.0/../../../../arm-none-eabi/lib/armv6k/fpu/libg.a(libc_a-mallocr.o)
                0x0011a270                __malloc_av_
 .data.__sglue  0x0011a678        0xc /opt/devkitpro/devkitARM/lib/gcc/arm-none-eabi/16.1.0/../../../../arm-none-eabi/lib/armv6k/fpu/libg.a(libc_a-findfp.o)
                0x0011a678                __sglue
 .data.__global_locale
                0x0011a684      0x254 /opt/devkitpro/devkitARM/lib/gcc/arm-none-eabi/16.1.0/../../../../arm-none-eabi/lib/armv6k/fpu/libg.a(libc_a-locale.o)
                0x0011a684                __global_locale
 .data._current_working_directory
                0x0011a8d8      0x400 /opt/devkitpro/devkitARM/lib/gcc/arm-none-eabi/16.1.0/../../../../arm-none-eabi/lib/armv6k/fpu/libsysbase.a(libsysbase_libsysbase_a-chdir.o)
 .data.handles  0x0011acd8     0x1000 /opt/devkitpro/devkitARM/lib/gcc/arm-none-eabi/16.1.0/../../../../arm-none-eabi/lib/armv6k/fpu/libsysbase.a(libsysbase_libsysbase_a-handle_manager.o)
 .data.__stderr_handle
                0x0011bcd8        0xc /opt/devkitpro/devkitARM/lib/gcc/arm-none-eabi/16.1.0/../../../../arm-none-eabi/lib/armv6k/fpu/libsysbase.a(libsysbase_libsysbase_a-handle_manager.o)
 .data.__stdout_handle
                0x0011bce4        0xc /opt/devkitpro/devkitARM/lib/gcc/arm-none-eabi/16.1.0/../../../../arm-none-eabi/lib/armv6k/fpu/libsysbase.a(libsysbase_libsysbase_a-handle_manager.o)
 .data.__stdin_handle
                0x0011bcf0        0xc /opt/devkitpro/devkitARM/lib/gcc/arm-none-eabi/16.1.0/../../../../arm-none-eabi/lib/armv6k/fpu/libsysbase.a(libsysbase_libsysbase_a-handle_manager.o)
 .data.devoptab_list
                0x0011bcfc       0x8c /opt/devkitpro/devkitARM/lib/gcc/arm-none-eabi/16.1.0/../../../../arm-none-eabi/lib/armv6k/fpu/libsysbase.a(libsysbase_libsysbase_a-iosupport.o)
                0x0011bcfc                devoptab_list
 .data.defaultDevice
                0x0011bd88        0x4 /opt/devkitpro/devkitARM/lib/gcc/arm-none-eabi/16.1.0/../../../../arm-none-eabi/lib/armv6k/fpu/libsysbase.a(libsysbase_libsysbase_a-iosupport.o)
 *(.gnu.linkonce.d*)
                0x0011bd8c                        . = ALIGN (0x4)

.igot.plt       0x0011bd8c        0x0
 .igot.plt      0x0011bd8c        0x0 /opt/devkitpro/devkitARM/lib/gcc/arm-none-eabi/16.1.0/../../../../arm-none-eabi/lib/armv6k/fpu/3dsx_crt0.o

.got            0x0011bd8c        0x8
 .got           0x0011bd8c        0x8 /opt/devkitpro/devkitARM/lib/gcc/arm-none-eabi/16.1.0/../../../../arm-none-eabi/lib/armv6k/fpu/3dsx_crt0.o

.got.plt        0x0011bd94        0xc
 .got.plt       0x0011bd94        0xc /opt/devkitpro/devkitARM/lib/gcc/arm-none-eabi/16.1.0/../../../../arm-none-eabi/lib/armv6k/fpu/3dsx_crt0.o
                0x0011bd94                _GLOBAL_OFFSET_TABLE_

.tdata          0x0011bda0        0x0
                0x0011bda0                        __tdata_lma = .
 *(.tdata)
 *(.tdata.*)
 *(.gnu.linkonce.td.*)
                0x0011bda0                        . = ALIGN (0x4)
                0x0011bda0                        __tdata_lma_end = .

.tbss           0x0011bda0      0xc08
 *(.tbss)
 *(.tbss.*)
 .tbss.__ctru_dev_utf16_buf
                0x0011bda0      0x802 /opt/devkitpro/libctru/lib/libctru.a(path_buf.o)
                0x0011bda0                __ctru_dev_utf16_buf
 *fill*         0x0011c5a2        0x2 
 .tbss.__ctru_dev_path_buf
                0x0011c5a4      0x401 /opt/devkitpro/libctru/lib/libctru.a(path_buf.o)
                0x0011c5a4                __ctru_dev_path_buf
 *(.gnu.linkonce.tb.*)
 *(.tcommon)
                0x0011c9a8                        . = ALIGN (0x4)
 *fill*         0x0011c9a5        0x3 

.preinit_array  0x0011bda0        0x0
                0x0011bda0                        PROVIDE (__preinit_array_start = .)
 *(.preinit_array)
                0x0011bda0                        PROVIDE (__preinit_array_end = .)

.init_array     0x0011bda0        0x4
                0x0011bda0                        PROVIDE (__init_array_start = .)
 *(SORT_BY_NAME(.init_array.*))
 *(.init_array)
 .init_array    0x0011bda0        0x4 /opt/devkitpro/devkitARM/lib/gcc/arm-none-eabi/16.1.0/armv6k/fpu/crtbegin.o
                0x0011bda4                        PROVIDE (__init_array_end = .)

.fini_array     0x0011bda4        0x4
                0x0011bda4                        PROVIDE (__fini_array_start = .)
 *(.fini_array)
 .fini_array    0x0011bda4        0x4 /opt/devkitpro/devkitARM/lib/gcc/arm-none-eabi/16.1.0/armv6k/fpu/crtbegin.o
 *(SORT_BY_NAME(.fini_array.*))
                0x0011bda8                        PROVIDE (__fini_array_end = .)

.ctors
 *crtbegin.o(.ctors)
 *(EXCLUDE_FILE(*crtend.o) .ctors)
 *(SORT_BY_NAME(.ctors.*))
 *(.ctors)

.dtors
 *crtbegin.o(.dtors)
 *(EXCLUDE_FILE(*crtend.o) .dtors)
 *(SORT_BY_NAME(.dtors.*))
 *(.dtors)
                0x0011bda8                        __bss_start__ = .

.bss            0x0011bda8     0x2e30
 *(.dynbss)
 *(.bss)
 *(.bss.*)
 .bss.completed.1
                0x0011bda8        0x1 /opt/devkitpro/devkitARM/lib/gcc/arm-none-eabi/16.1.0/armv6k/fpu/crtbegin.o
 *fill*         0x0011bda9        0x3 
 .bss.object.0  0x0011bdac       0x18 /opt/devkitpro/devkitARM/lib/gcc/arm-none-eabi/16.1.0/armv6k/fpu/crtbegin.o
 .bss.escapeSeq
                0x0011bdc4       0x64 /opt/devkitpro/libctru/lib/libctru.a(console.o)
 .bss.currentCopy
                0x0011be28       0x48 /opt/devkitpro/libctru/lib/libctru.a(console.o)
                0x0011be28                currentCopy
 .bss.screenAlloc
                0x0011be70        0x4 /opt/devkitpro/libctru/lib/libctru.a(gfx.o)
 .bss.screenFree
                0x0011be74        0x4 /opt/devkitpro/libctru/lib/libctru.a(gfx.o)
 .bss.gfxIsDoubleBuf
                0x0011be78        0x2 /opt/devkitpro/libctru/lib/libctru.a(gfx.o)
 *fill*         0x0011be7a        0x2 
 .bss.gfxCurBuf
                0x0011be7c        0x2 /opt/devkitpro/libctru/lib/libctru.a(gfx.o)
 .bss.gfxIsVram
                0x0011be7e        0x1 /opt/devkitpro/libctru/lib/libctru.a(gfx.o)
 .bss.gfxTopMode
                0x0011be7f        0x1 /opt/devkitpro/libctru/lib/libctru.a(gfx.o)
 .bss.gfxFramebufferFormats
                0x0011be80        0x2 /opt/devkitpro/libctru/lib/libctru.a(gfx.o)
 *fill*         0x0011be82        0x2 
 .bss.gfxBottomFramebufferMaxSize
                0x0011be84        0x4 /opt/devkitpro/libctru/lib/libctru.a(gfx.o)
 .bss.gfxTopFramebufferMaxSize
                0x0011be88        0x4 /opt/devkitpro/libctru/lib/libctru.a(gfx.o)
 *fill*         0x0011be8c        0x4 
 .bss.gfxBottomFramebuffers
                0x0011be90        0x8 /opt/devkitpro/libctru/lib/libctru.a(gfx.o)
 .bss.gfxTopFramebuffers
                0x0011be98        0x8 /opt/devkitpro/libctru/lib/libctru.a(gfx.o)
 .bss.flagValue.0
                0x0011bea0        0x1 /opt/devkitpro/libctru/lib/libctru.a(apt.o)
 .bss.flagInit.1
                0x0011bea1        0x1 /opt/devkitpro/libctru/lib/libctru.a(apt.o)
 *fill*         0x0011bea2        0x2 
 .bss.serviceName.6
                0x0011bea4        0x4 /opt/devkitpro/libctru/lib/libctru.a(apt.o)
 .bss.aptChainloadFlags
                0x0011bea8        0x1 /opt/devkitpro/libctru/lib/libctru.a(apt.o)
 .bss.aptChainloadMediatype
                0x0011bea9        0x1 /opt/devkitpro/libctru/lib/libctru.a(apt.o)
 *fill*         0x0011beaa        0x2 
 .bss.aptChainloadHmac
                0x0011beac       0x20 /opt/devkitpro/libctru/lib/libctru.a(apt.o)
 .bss.aptChainloadDeliverArg
                0x0011becc      0x300 /opt/devkitpro/libctru/lib/libctru.a(apt.o)
 *fill*         0x0011c1cc        0x4 
 .bss.aptChainloadTid
                0x0011c1d0        0x8 /opt/devkitpro/libctru/lib/libctru.a(apt.o)
 .bss.aptParameters
                0x0011c1d8     0x1000 /opt/devkitpro/libctru/lib/libctru.a(apt.o)
 .bss.aptFlags  0x0011d1d8        0x4 /opt/devkitpro/libctru/lib/libctru.a(apt.o)
 .bss.aptHomeButtonState
                0x0011d1dc        0x1 /opt/devkitpro/libctru/lib/libctru.a(apt.o)
 *fill*         0x0011d1dd        0x3 
 .bss.aptMessageFuncData
                0x0011d1e0        0x4 /opt/devkitpro/libctru/lib/libctru.a(apt.o)
 .bss.aptMessageFunc
                0x0011d1e4        0x4 /opt/devkitpro/libctru/lib/libctru.a(apt.o)
 .bss.aptFirstHook
                0x0011d1e8        0xc /opt/devkitpro/libctru/lib/libctru.a(apt.o)
 .bss.aptEventHandlerThreadQuit
                0x0011d1f4        0x1 /opt/devkitpro/libctru/lib/libctru.a(apt.o)
 *fill*         0x0011d1f5        0x3 
 .bss.aptEventHandlerThread
                0x0011d1f8        0x4 /opt/devkitpro/libctru/lib/libctru.a(apt.o)
 .bss.aptSleepEvent
                0x0011d1fc        0x8 /opt/devkitpro/libctru/lib/libctru.a(apt.o)
 .bss.aptReceiveEvent
                0x0011d204        0x8 /opt/devkitpro/libctru/lib/libctru.a(apt.o)
 .bss.aptEvents
                0x0011d20c        0x8 /opt/devkitpro/libctru/lib/libctru.a(apt.o)
 .bss.aptLockHandle
                0x0011d214        0x4 /opt/devkitpro/libctru/lib/libctru.a(apt.o)
 .bss.aptRefCount
                0x0011d218        0x4 /opt/devkitpro/libctru/lib/libctru.a(apt.o)
 .bss.gspEventCbOneShot
                0x0011d21c        0x7 /opt/devkitpro/libctru/lib/libctru.a(gspgpu.o)
 *fill*         0x0011d223        0x1 
 .bss.gspEventCbData
                0x0011d224       0x1c /opt/devkitpro/libctru/lib/libctru.a(gspgpu.o)
 .bss.gspEventCb
                0x0011d240       0x1c /opt/devkitpro/libctru/lib/libctru.a(gspgpu.o)
 .bss.gspEvents
                0x0011d25c       0x38 /opt/devkitpro/libctru/lib/libctru.a(gspgpu.o)
 .bss.gspLastEvent
                0x0011d294        0x4 /opt/devkitpro/libctru/lib/libctru.a(gspgpu.o)
 .bss.gspRunEvents
                0x0011d298        0x1 /opt/devkitpro/libctru/lib/libctru.a(gspgpu.o)
 *fill*         0x0011d299        0x3 
 .bss.gspEventThread
                0x0011d29c        0x4 /opt/devkitpro/libctru/lib/libctru.a(gspgpu.o)
 .bss.gspEvent  0x0011d2a0        0x4 /opt/devkitpro/libctru/lib/libctru.a(gspgpu.o)
 .bss.gspGpuRight
                0x0011d2a4        0x1 /opt/devkitpro/libctru/lib/libctru.a(gspgpu.o)
 .bss.gspThreadId
                0x0011d2a5        0x1 /opt/devkitpro/libctru/lib/libctru.a(gspgpu.o)
 *fill*         0x0011d2a6        0x2 
 .bss.gspSharedMem
                0x0011d2a8        0x4 /opt/devkitpro/libctru/lib/libctru.a(gspgpu.o)
 .bss.gspSharedMemHandle
                0x0011d2ac        0x4 /opt/devkitpro/libctru/lib/libctru.a(gspgpu.o)
 .bss.gspRefCount
                0x0011d2b0        0x4 /opt/devkitpro/libctru/lib/libctru.a(gspgpu.o)
 .bss.gspGpuHandle
                0x0011d2b4        0x4 /opt/devkitpro/libctru/lib/libctru.a(gspgpu.o)
 .bss.usingIrrst
                0x0011d2b8        0x1 /opt/devkitpro/libctru/lib/libctru.a(hid.o)
 *fill*         0x0011d2b9        0x3 
 .bss.hidRefCount
                0x0011d2bc        0x4 /opt/devkitpro/libctru/lib/libctru.a(hid.o)
 .bss.gRate     0x0011d2c0        0x6 /opt/devkitpro/libctru/lib/libctru.a(hid.o)
 *fill*         0x0011d2c6        0x2 
 .bss.aVec      0x0011d2c8        0x6 /opt/devkitpro/libctru/lib/libctru.a(hid.o)
 *fill*         0x0011d2ce        0x2 
 .bss.cPos      0x0011d2d0        0x4 /opt/devkitpro/libctru/lib/libctru.a(hid.o)
 .bss.tPos      0x0011d2d4        0x4 /opt/devkitpro/libctru/lib/libctru.a(hid.o)
 .bss.kRepeat   0x0011d2d8        0x4 /opt/devkitpro/libctru/lib/libctru.a(hid.o)
 .bss.kUp       0x0011d2dc        0x4 /opt/devkitpro/libctru/lib/libctru.a(hid.o)
 .bss.kDown     0x0011d2e0        0x4 /opt/devkitpro/libctru/lib/libctru.a(hid.o)
 .bss.kHeld     0x0011d2e4        0x4 /opt/devkitpro/libctru/lib/libctru.a(hid.o)
 .bss.kOld      0x0011d2e8        0x4 /opt/devkitpro/libctru/lib/libctru.a(hid.o)
 .bss.hidSharedMem
                0x0011d2ec        0x4 /opt/devkitpro/libctru/lib/libctru.a(hid.o)
                0x0011d2ec                hidSharedMem
 .bss.hidEvents
                0x0011d2f0       0x14 /opt/devkitpro/libctru/lib/libctru.a(hid.o)
                0x0011d2f0                hidEvents
 .bss.hidMemHandle
                0x0011d304        0x4 /opt/devkitpro/libctru/lib/libctru.a(hid.o)
                0x0011d304                hidMemHandle
 .bss.hidHandle
                0x0011d308        0x4 /opt/devkitpro/libctru/lib/libctru.a(hid.o)
                0x0011d308                hidHandle
 .bss.irrstRefCount
                0x0011d30c        0x4 /opt/devkitpro/libctru/lib/libctru.a(irrst.o)
 .bss.csPos     0x0011d310        0x4 /opt/devkitpro/libctru/lib/libctru.a(irrst.o)
 .bss.kHeld     0x0011d314        0x4 /opt/devkitpro/libctru/lib/libctru.a(irrst.o)
 .bss.irrstSharedMem
                0x0011d318        0x4 /opt/devkitpro/libctru/lib/libctru.a(irrst.o)
                0x0011d318                irrstSharedMem
 .bss.irrstEvent
                0x0011d31c        0x4 /opt/devkitpro/libctru/lib/libctru.a(irrst.o)
                0x0011d31c                irrstEvent
 .bss.irrstMemHandle
                0x0011d320        0x4 /opt/devkitpro/libctru/lib/libctru.a(irrst.o)
                0x0011d320                irrstMemHandle
 .bss.irrstHandle
                0x0011d324        0x4 /opt/devkitpro/libctru/lib/libctru.a(irrst.o)
                0x0011d324                irrstHandle
 .bss.qtmcRefCount
                0x0011d328        0x4 /opt/devkitpro/libctru/lib/libctru.a(qtmc.o)
 .bss.qtmcHandle
                0x0011d32c        0x4 /opt/devkitpro/libctru/lib/libctru.a(qtmc.o)
 .bss.__system_retAddr
                0x0011d330        0x4 /opt/devkitpro/libctru/lib/libctru.a(ctru_init.o)
                0x0011d330                __system_retAddr
 .bss.__system_argv
                0x0011d334        0x4 /opt/devkitpro/libctru/lib/libctru.a(initArgv.o)
                0x0011d334                __system_argv
 .bss.__system_argc
                0x0011d338        0x4 /opt/devkitpro/libctru/lib/libctru.a(initArgv.o)
                0x0011d338                __system_argc
 .bss.saved_stack.42
                0x0011d33c        0x8 /opt/devkitpro/libctru/lib/libctru.a(stack_adjust.o)
 *fill*         0x0011d344        0x4 
 .bss._ZL11sLinearPool
                0x0011d348        0x8 /opt/devkitpro/libctru/lib/libctru.a(linear.o)
 .bss._ZL8sAddrMap
                0x0011d350        0xc /opt/devkitpro/libctru/lib/libctru.a(linear.o)
 *fill*         0x0011d35c        0x4 
 .bss._ZL10sVramPoolB
                0x0011d360        0x8 /opt/devkitpro/libctru/lib/libctru.a(vram.o)
 .bss._ZL10sVramPoolA
                0x0011d368        0x8 /opt/devkitpro/libctru/lib/libctru.a(vram.o)
 .bss._ZL8sAddrMap
                0x0011d370        0xc /opt/devkitpro/libctru/lib/libctru.a(vram.o)
 .bss.__3dslink_host
                0x0011d37c        0x4 /opt/devkitpro/libctru/lib/libctru.a(3dslink.o)
                0x0011d37c                __3dslink_host
 .bss.__ctru_speedup
                0x0011d380        0x1 /opt/devkitpro/libctru/lib/libctru.a(os.o)
                0x0011d380                __ctru_speedup
 *fill*         0x0011d381        0x3 
 .bss.srvRefCount
                0x0011d384        0x4 /opt/devkitpro/libctru/lib/libctru.a(srv.o)
 .bss.srvHandle
                0x0011d388        0x4 /opt/devkitpro/libctru/lib/libctru.a(srv.o)
 .bss.arbiter   0x0011d38c        0x4 /opt/devkitpro/libctru/lib/libctru.a(synchronization.o)
 .bss.currentAddr
                0x0011d390        0x4 /opt/devkitpro/libctru/lib/libctru.a(mappable.o)
 .bss.maxAddr   0x0011d394        0x4 /opt/devkitpro/libctru/lib/libctru.a(mappable.o)
 .bss.minAddr   0x0011d398        0x4 /opt/devkitpro/libctru/lib/libctru.a(mappable.o)
 .bss.ptmSysmRefCount
                0x0011d39c        0x4 /opt/devkitpro/libctru/lib/libctru.a(ptmsysm.o)
 .bss.ptmSysmHandle
                0x0011d3a0        0x4 /opt/devkitpro/libctru/lib/libctru.a(ptmsysm.o)
 .bss.srvPmHandle
                0x0011d3a4        0x4 /opt/devkitpro/libctru/lib/libctru.a(srvpm.o)
 .bss.__ctru_linear_heap_size
                0x0011d3a8        0x4 /opt/devkitpro/libctru/lib/libctru.a(allocateHeaps.o)
                0x0011d3a8                __ctru_linear_heap_size
 .bss.__ctru_heap_size
                0x0011d3ac        0x4 /opt/devkitpro/libctru/lib/libctru.a(allocateHeaps.o)
                0x0011d3ac                __ctru_heap_size
 .bss.__ctru_linear_heap
                0x0011d3b0        0x4 /opt/devkitpro/libctru/lib/libctru.a(allocateHeaps.o)
                0x0011d3b0                __ctru_linear_heap
 .bss.__ctru_heap
                0x0011d3b4        0x4 /opt/devkitpro/libctru/lib/libctru.a(allocateHeaps.o)
                0x0011d3b4                __ctru_heap
 .bss.archive_devices
                0x0011d3b8      0x5c0 /opt/devkitpro/libctru/lib/libctru.a(archive_dev.o)
 .bss.archive_device_cwd
                0x0011d978        0x4 /opt/devkitpro/libctru/lib/libctru.a(archive_dev.o)
 .bss.archive_initialized
                0x0011d97c        0x1 /opt/devkitpro/libctru/lib/libctru.a(archive_dev.o)
 *fill*         0x0011d97d        0x3 
 .bss.fsExemptArchives
                0x0011d980       0x80 /opt/devkitpro/libctru/lib/libctru.a(fs.o)
 .bss.fsuRefCount
                0x0011da00        0x4 /opt/devkitpro/libctru/lib/libctru.a(fs.o)
 .bss.fsuHandle
                0x0011da04        0x4 /opt/devkitpro/libctru/lib/libctru.a(fs.o)
 .bss.__malloc_current_mallinfo
                0x0011da08       0x28 /opt/devkitpro/devkitARM/lib/gcc/arm-none-eabi/16.1.0/../../../../arm-none-eabi/lib/armv6k/fpu/libg.a(libc_a-mallocr.o)
                0x0011da08                __malloc_current_mallinfo
 .bss.__malloc_max_total_mem
                0x0011da30        0x4 /opt/devkitpro/devkitARM/lib/gcc/arm-none-eabi/16.1.0/../../../../arm-none-eabi/lib/armv6k/fpu/libg.a(libc_a-mallocr.o)
                0x0011da30                __malloc_max_total_mem
 .bss.__malloc_max_sbrked_mem
                0x0011da34        0x4 /opt/devkitpro/devkitARM/lib/gcc/arm-none-eabi/16.1.0/../../../../arm-none-eabi/lib/armv6k/fpu/libg.a(libc_a-mallocr.o)
                0x0011da34                __malloc_max_sbrked_mem
 .bss.__malloc_top_pad
                0x0011da38        0x4 /opt/devkitpro/devkitARM/lib/gcc/arm-none-eabi/16.1.0/../../../../arm-none-eabi/lib/armv6k/fpu/libg.a(libc_a-mallocr.o)